
Note: No compatibility mode selected!


Circuit: * tb_tr_1um_jun1okamura.spi -- 抽出したチップの動作確認（ngspice）

Warning: Model issue on line 28 :
  .model dn d tnom=27 is=1.0e-17 rs=47.59 cj=2.76e-17 cjsw=1.17e-17 imax=1 ...
unrecognized parameter (imax) - ignored
unrecognized parameter (imelt) - ignored

Using SPARSE 1.3 as Direct Linear Solver
Doing analysis at TEMP = 27.000000 and TNOM = 27.000000


Initial Transient Solution
--------------------------

Node                                   Voltage
----                                   -------
vdd                                          5
vss                                          0
x1.x1.n129                         2.08524e-08
x1.x1.n19                                    5
x1.x1.x1.qs                        7.29463e-08
x1.x1.n55                          2.05775e-08
x1.x1.n51                          2.05775e-08
x1.x1.x1.ckb                                 5
x1.x1.x1.ckp                       2.08524e-08
x1.x1.x1.n16                                 5
x1.x1.n21                          2.19645e-08
x1.x1.x1.n7                                  5
x1.x1.x1.n8                                  5
x1.x1.x1.qm                        2.60748e-08
x1.x1.x1.n10                       4.95105e-08
x1.x1.x1.n13                           4.14375
x1.x1.x1.n14                         0.0348167
x1.x1.n295                         2.08524e-08
x1.x1.n109                                   5
x1.x1.x2.qs                        7.29463e-08
x1.x1.x2.ckb                                 5
x1.x1.x2.ckp                       2.08524e-08
x1.x1.x2.n16                                 5
x1.x1.n144                         2.19645e-08
x1.x1.x2.n7                                  5
x1.x1.x2.n8                                  5
x1.x1.x2.qm                        2.60748e-08
x1.x1.x2.n10                       4.95105e-08
x1.x1.x2.n13                           4.14375
x1.x1.x2.n14                         0.0348167
x1.x1.x3.x1.x1.x1.x1.n7                      5
x1.x1.x3.x1.x1.x1.x1.n6            1.66537e-08
x1.x1.x3.ni82                                5
x1.x1.x3.ni41                                5
x1.x1.x3.x1.x1.x1.x1.n4                      5
x1.x1.x3.ni57                                5
x1.x1.x3.ni74                      3.08889e-07
x1.x1.x3.x1.x1.x1.x1.n5                      5
x1.x1.x3.ni49                      5.44421e-09
x1.x1.x3.ni65                      1.49492e-08
x1.x1.x3.x1.x1.x1.x2.n7                      5
x1.x1.x3.x1.x1.x1.x2.n6            1.66537e-08
x1.x1.x3.ni81                                5
x1.x1.x3.x1.x1.x1.x2.n4                      5
x1.x1.x3.ni73                      3.08889e-07
x1.x1.x3.x1.x1.x1.x2.n5                      5
x1.x1.x3.x1.x1.x1.x3.n7                      5
x1.x1.x3.x1.x1.x1.x3.n6            1.66537e-08
x1.x1.x3.ni80                                5
x1.x1.x3.x1.x1.x1.x3.n4                      5
x1.x1.x3.ni72                      3.08889e-07
x1.x1.x3.x1.x1.x1.x3.n5                      5
x1.x1.x3.x1.x1.x1.x4.n7                      5
x1.x1.x3.x1.x1.x1.x4.n6            1.66537e-08
x1.x1.x3.ni79                                5
x1.x1.x3.x1.x1.x1.x4.n4                      5
x1.x1.x3.ni71                      3.08889e-07
x1.x1.x3.x1.x1.x1.x4.n5                      5
x1.x1.x3.x1.x1.x1.x5.n7                      5
x1.x1.x3.x1.x1.x1.x5.n6            1.66537e-08
x1.x1.x3.ni78                                5
x1.x1.x3.x1.x1.x1.x5.n4                      5
x1.x1.x3.ni70                      3.41573e-07
x1.x1.x3.x1.x1.x1.x5.n5                      5
x1.x1.x3.x1.x1.x1.x6.n7                      5
x1.x1.x3.x1.x1.x1.x6.n6            1.66537e-08
x1.x1.x3.ni77                                5
x1.x1.x3.x1.x1.x1.x6.n4                      5
x1.x1.x3.ni69                      3.41573e-07
x1.x1.x3.x1.x1.x1.x6.n5                      5
x1.x1.x3.x1.x1.x1.x7.n7                      5
x1.x1.x3.x1.x1.x1.x7.n6            1.66537e-08
x1.x1.x3.ni76                                5
x1.x1.x3.x1.x1.x1.x7.n4                      5
x1.x1.x3.ni68                      3.41573e-07
x1.x1.x3.x1.x1.x1.x7.n5                      5
x1.x1.x3.x1.x1.x1.x8.n7                      5
x1.x1.x3.x1.x1.x1.x8.n6            1.66537e-08
x1.x1.x3.ni75                                5
x1.x1.x3.x1.x1.x1.x8.n4                      5
x1.x1.x3.ni67                      3.41573e-07
x1.x1.x3.x1.x1.x1.x8.n5                      5
x1.x1.x3.x1.x1.x2.x1.n7                      5
x1.x1.x3.x1.x1.x2.x1.n6            1.66537e-08
x1.x1.x3.ni9                                 5
x1.x1.x3.x1.x1.x2.x1.n4                      5
x1.x1.x3.ni25                                5
x1.x1.x3.x1.x1.x2.x1.n5                      5
x1.x1.x3.ni17                      5.44421e-09
x1.x1.x3.ni33                      1.49492e-08
x1.x1.x3.x1.x1.x2.x2.n7                      5
x1.x1.x3.x1.x1.x2.x2.n6            1.66537e-08
x1.x1.x3.x1.x1.x2.x2.n4                      5
x1.x1.x3.x1.x1.x2.x2.n5                      5
x1.x1.x3.x1.x1.x2.x3.n7                      5
x1.x1.x3.x1.x1.x2.x3.n6            1.66537e-08
x1.x1.x3.x1.x1.x2.x3.n4                      5
x1.x1.x3.x1.x1.x2.x3.n5                      5
x1.x1.x3.x1.x1.x2.x4.n7                      5
x1.x1.x3.x1.x1.x2.x4.n6            1.66537e-08
x1.x1.x3.x1.x1.x2.x4.n4                      5
x1.x1.x3.x1.x1.x2.x4.n5                      5
x1.x1.x3.x1.x1.x2.x5.n7                2.41596
x1.x1.x3.x1.x1.x2.x5.n6                2.41595
x1.x1.x3.x1.x1.x2.x5.n4                2.41595
x1.x1.x3.x1.x1.x2.x5.n5                2.41595
x1.x1.x3.x1.x1.x2.x6.n7                2.41596
x1.x1.x3.x1.x1.x2.x6.n6                2.41595
x1.x1.x3.x1.x1.x2.x6.n4                2.41595
x1.x1.x3.x1.x1.x2.x6.n5                2.41595
x1.x1.x3.x1.x1.x2.x7.n7                2.41596
x1.x1.x3.x1.x1.x2.x7.n6                2.41595
x1.x1.x3.x1.x1.x2.x7.n4                2.41595
x1.x1.x3.x1.x1.x2.x7.n5                2.41595
x1.x1.x3.x1.x1.x2.x8.n7                2.41596
x1.x1.x3.x1.x1.x2.x8.n6                2.41595
x1.x1.x3.x1.x1.x2.x8.n4                2.41595
x1.x1.x3.x1.x1.x2.x8.n5                2.41595
x1.x1.x3.x1.x2.x1.x1.n7                      5
x1.x1.x3.x1.x2.x1.x1.n6            1.66537e-08
x1.x1.x3.ni40                                5
x1.x1.x3.x1.x2.x1.x1.n4                      5
x1.x1.x3.ni56                                5
x1.x1.x3.x1.x2.x1.x1.n5                      5
x1.x1.x3.ni48                      5.44421e-09
x1.x1.x3.ni64                      1.49492e-08
x1.x1.x3.x1.x2.x1.x2.n7                      5
x1.x1.x3.x1.x2.x1.x2.n6            1.66537e-08
x1.x1.x3.x1.x2.x1.x2.n4                      5
x1.x1.x3.x1.x2.x1.x2.n5                      5
x1.x1.x3.x1.x2.x1.x3.n7                      5
x1.x1.x3.x1.x2.x1.x3.n6            1.66537e-08
x1.x1.x3.x1.x2.x1.x3.n4                      5
x1.x1.x3.x1.x2.x1.x3.n5                      5
x1.x1.x3.x1.x2.x1.x4.n7                      5
x1.x1.x3.x1.x2.x1.x4.n6            1.66537e-08
x1.x1.x3.x1.x2.x1.x4.n4                      5
x1.x1.x3.x1.x2.x1.x4.n5                      5
x1.x1.x3.x1.x2.x1.x5.n7                      5
x1.x1.x3.x1.x2.x1.x5.n6            1.66537e-08
x1.x1.x3.x1.x2.x1.x5.n4                      5
x1.x1.x3.x1.x2.x1.x5.n5                      5
x1.x1.x3.x1.x2.x1.x6.n7                      5
x1.x1.x3.x1.x2.x1.x6.n6            1.66537e-08
x1.x1.x3.x1.x2.x1.x6.n4                      5
x1.x1.x3.x1.x2.x1.x6.n5                      5
x1.x1.x3.x1.x2.x1.x7.n7                      5
x1.x1.x3.x1.x2.x1.x7.n6            1.66537e-08
x1.x1.x3.x1.x2.x1.x7.n4                      5
x1.x1.x3.x1.x2.x1.x7.n5                      5
x1.x1.x3.x1.x2.x1.x8.n7                      5
x1.x1.x3.x1.x2.x1.x8.n6            1.66537e-08
x1.x1.x3.x1.x2.x1.x8.n4                      5
x1.x1.x3.x1.x2.x1.x8.n5                      5
x1.x1.x3.x1.x2.x2.x1.n7                      5
x1.x1.x3.x1.x2.x2.x1.n6            1.66537e-08
x1.x1.x3.ni8                                 5
x1.x1.x3.x1.x2.x2.x1.n4                      5
x1.x1.x3.ni24                                5
x1.x1.x3.x1.x2.x2.x1.n5                      5
x1.x1.x3.ni16                      5.44421e-09
x1.x1.x3.ni32                      1.49492e-08
x1.x1.x3.x1.x2.x2.x2.n7                      5
x1.x1.x3.x1.x2.x2.x2.n6            1.66537e-08
x1.x1.x3.x1.x2.x2.x2.n4                      5
x1.x1.x3.x1.x2.x2.x2.n5                      5
x1.x1.x3.x1.x2.x2.x3.n7                      5
x1.x1.x3.x1.x2.x2.x3.n6            1.66537e-08
x1.x1.x3.x1.x2.x2.x3.n4                      5
x1.x1.x3.x1.x2.x2.x3.n5                      5
x1.x1.x3.x1.x2.x2.x4.n7                      5
x1.x1.x3.x1.x2.x2.x4.n6            1.66537e-08
x1.x1.x3.x1.x2.x2.x4.n4                      5
x1.x1.x3.x1.x2.x2.x4.n5                      5
x1.x1.x3.x1.x2.x2.x5.n7            3.95677e-08
x1.x1.x3.x1.x2.x2.x5.n6                      5
x1.x1.x3.x1.x2.x2.x5.n4            7.52445e-08
x1.x1.x3.x1.x2.x2.x5.n5            5.18073e-08
x1.x1.x3.x1.x2.x2.x6.n7            3.95677e-08
x1.x1.x3.x1.x2.x2.x6.n6                      5
x1.x1.x3.x1.x2.x2.x6.n4            7.52445e-08
x1.x1.x3.x1.x2.x2.x6.n5            5.18073e-08
x1.x1.x3.x1.x2.x2.x7.n7            3.95677e-08
x1.x1.x3.x1.x2.x2.x7.n6                      5
x1.x1.x3.x1.x2.x2.x7.n4            7.52445e-08
x1.x1.x3.x1.x2.x2.x7.n5            5.18073e-08
x1.x1.x3.x1.x2.x2.x8.n7            3.95677e-08
x1.x1.x3.x1.x2.x2.x8.n6                      5
x1.x1.x3.x1.x2.x2.x8.n4            7.52445e-08
x1.x1.x3.x1.x2.x2.x8.n5            5.18073e-08
x1.x1.x3.x1.x3.x1.x1.n7            3.95677e-08
x1.x1.x3.x1.x3.x1.x1.n6                      5
x1.x1.x3.ni39                                5
x1.x1.x3.x1.x3.x1.x1.n4            7.52445e-08
x1.x1.x3.ni55                                5
x1.x1.x3.x1.x3.x1.x1.n5            5.18073e-08
x1.x1.x3.ni47                      5.44421e-09
x1.x1.x3.ni63                      1.49492e-08
x1.x1.x3.x1.x3.x1.x2.n7            3.95677e-08
x1.x1.x3.x1.x3.x1.x2.n6                      5
x1.x1.x3.x1.x3.x1.x2.n4            7.52445e-08
x1.x1.x3.x1.x3.x1.x2.n5            5.18073e-08
x1.x1.x3.x1.x3.x1.x3.n7            3.95677e-08
x1.x1.x3.x1.x3.x1.x3.n6                      5
x1.x1.x3.x1.x3.x1.x3.n4            7.52445e-08
x1.x1.x3.x1.x3.x1.x3.n5            5.18073e-08
x1.x1.x3.x1.x3.x1.x4.n7            3.95677e-08
x1.x1.x3.x1.x3.x1.x4.n6                      5
x1.x1.x3.x1.x3.x1.x4.n4            7.52445e-08
x1.x1.x3.x1.x3.x1.x4.n5            5.18073e-08
x1.x1.x3.x1.x3.x1.x5.n7                      5
x1.x1.x3.x1.x3.x1.x5.n6            1.66537e-08
x1.x1.x3.x1.x3.x1.x5.n4                      5
x1.x1.x3.x1.x3.x1.x5.n5                      5
x1.x1.x3.x1.x3.x1.x6.n7                      5
x1.x1.x3.x1.x3.x1.x6.n6            1.66537e-08
x1.x1.x3.x1.x3.x1.x6.n4                      5
x1.x1.x3.x1.x3.x1.x6.n5                      5
x1.x1.x3.x1.x3.x1.x7.n7                      5
x1.x1.x3.x1.x3.x1.x7.n6            1.66537e-08
x1.x1.x3.x1.x3.x1.x7.n4                      5
x1.x1.x3.x1.x3.x1.x7.n5                      5
x1.x1.x3.x1.x3.x1.x8.n7                      5
x1.x1.x3.x1.x3.x1.x8.n6            1.66537e-08
x1.x1.x3.x1.x3.x1.x8.n4                      5
x1.x1.x3.x1.x3.x1.x8.n5                      5
x1.x1.x3.x1.x3.x2.x1.n7            3.95677e-08
x1.x1.x3.x1.x3.x2.x1.n6                      5
x1.x1.x3.ni7                                 5
x1.x1.x3.x1.x3.x2.x1.n4            7.52445e-08
x1.x1.x3.ni23                                5
x1.x1.x3.x1.x3.x2.x1.n5            5.18073e-08
x1.x1.x3.ni15                      5.44421e-09
x1.x1.x3.ni31                      1.49492e-08
x1.x1.x3.x1.x3.x2.x2.n7            3.95677e-08
x1.x1.x3.x1.x3.x2.x2.n6                      5
x1.x1.x3.x1.x3.x2.x2.n4            7.52445e-08
x1.x1.x3.x1.x3.x2.x2.n5            5.18073e-08
x1.x1.x3.x1.x3.x2.x3.n7            3.95677e-08
x1.x1.x3.x1.x3.x2.x3.n6                      5
x1.x1.x3.x1.x3.x2.x3.n4            7.52445e-08
x1.x1.x3.x1.x3.x2.x3.n5            5.18073e-08
x1.x1.x3.x1.x3.x2.x4.n7            3.95677e-08
x1.x1.x3.x1.x3.x2.x4.n6                      5
x1.x1.x3.x1.x3.x2.x4.n4            7.52445e-08
x1.x1.x3.x1.x3.x2.x4.n5            5.18073e-08
x1.x1.x3.x1.x3.x2.x5.n7            3.95677e-08
x1.x1.x3.x1.x3.x2.x5.n6                      5
x1.x1.x3.x1.x3.x2.x5.n4            7.52445e-08
x1.x1.x3.x1.x3.x2.x5.n5            5.18073e-08
x1.x1.x3.x1.x3.x2.x6.n7            3.95677e-08
x1.x1.x3.x1.x3.x2.x6.n6                      5
x1.x1.x3.x1.x3.x2.x6.n4            7.52445e-08
x1.x1.x3.x1.x3.x2.x6.n5            5.18073e-08
x1.x1.x3.x1.x3.x2.x7.n7            3.95677e-08
x1.x1.x3.x1.x3.x2.x7.n6                      5
x1.x1.x3.x1.x3.x2.x7.n4            7.52445e-08
x1.x1.x3.x1.x3.x2.x7.n5            5.18073e-08
x1.x1.x3.x1.x3.x2.x8.n7            3.95677e-08
x1.x1.x3.x1.x3.x2.x8.n6                      5
x1.x1.x3.x1.x3.x2.x8.n4            7.52445e-08
x1.x1.x3.x1.x3.x2.x8.n5            5.18073e-08
x1.x1.x3.x1.x4.x1.x1.n7                      5
x1.x1.x3.x1.x4.x1.x1.n6            1.66537e-08
x1.x1.x3.ni38                                5
x1.x1.x3.x1.x4.x1.x1.n4                      5
x1.x1.x3.ni54                                5
x1.x1.x3.x1.x4.x1.x1.n5                      5
x1.x1.x3.ni46                      5.44421e-09
x1.x1.x3.ni62                      1.49492e-08
x1.x1.x3.x1.x4.x1.x2.n7                      5
x1.x1.x3.x1.x4.x1.x2.n6            1.66537e-08
x1.x1.x3.x1.x4.x1.x2.n4                      5
x1.x1.x3.x1.x4.x1.x2.n5                      5
x1.x1.x3.x1.x4.x1.x3.n7                      5
x1.x1.x3.x1.x4.x1.x3.n6            1.66537e-08
x1.x1.x3.x1.x4.x1.x3.n4                      5
x1.x1.x3.x1.x4.x1.x3.n5                      5
x1.x1.x3.x1.x4.x1.x4.n7                      5
x1.x1.x3.x1.x4.x1.x4.n6            1.66537e-08
x1.x1.x3.x1.x4.x1.x4.n4                      5
x1.x1.x3.x1.x4.x1.x4.n5                      5
x1.x1.x3.x1.x4.x1.x5.n7                      5
x1.x1.x3.x1.x4.x1.x5.n6            1.66537e-08
x1.x1.x3.x1.x4.x1.x5.n4                      5
x1.x1.x3.x1.x4.x1.x5.n5                      5
x1.x1.x3.x1.x4.x1.x6.n7                      5
x1.x1.x3.x1.x4.x1.x6.n6            1.66537e-08
x1.x1.x3.x1.x4.x1.x6.n4                      5
x1.x1.x3.x1.x4.x1.x6.n5                      5
x1.x1.x3.x1.x4.x1.x7.n7                      5
x1.x1.x3.x1.x4.x1.x7.n6            1.66537e-08
x1.x1.x3.x1.x4.x1.x7.n4                      5
x1.x1.x3.x1.x4.x1.x7.n5                      5
x1.x1.x3.x1.x4.x1.x8.n7                      5
x1.x1.x3.x1.x4.x1.x8.n6            1.66537e-08
x1.x1.x3.x1.x4.x1.x8.n4                      5
x1.x1.x3.x1.x4.x1.x8.n5                      5
x1.x1.x3.x1.x4.x2.x1.n7            3.95677e-08
x1.x1.x3.x1.x4.x2.x1.n6                      5
x1.x1.x3.ni6                                 5
x1.x1.x3.x1.x4.x2.x1.n4            7.52445e-08
x1.x1.x3.ni22                                5
x1.x1.x3.x1.x4.x2.x1.n5            5.18073e-08
x1.x1.x3.ni14                      5.44421e-09
x1.x1.x3.ni30                      1.49492e-08
x1.x1.x3.x1.x4.x2.x2.n7            3.95677e-08
x1.x1.x3.x1.x4.x2.x2.n6                      5
x1.x1.x3.x1.x4.x2.x2.n4            7.52445e-08
x1.x1.x3.x1.x4.x2.x2.n5            5.18073e-08
x1.x1.x3.x1.x4.x2.x3.n7            3.95677e-08
x1.x1.x3.x1.x4.x2.x3.n6                      5
x1.x1.x3.x1.x4.x2.x3.n4            7.52445e-08
x1.x1.x3.x1.x4.x2.x3.n5            5.18073e-08
x1.x1.x3.x1.x4.x2.x4.n7            3.95677e-08
x1.x1.x3.x1.x4.x2.x4.n6                      5
x1.x1.x3.x1.x4.x2.x4.n4            7.52445e-08
x1.x1.x3.x1.x4.x2.x4.n5            5.18073e-08
x1.x1.x3.x1.x4.x2.x5.n7            3.95677e-08
x1.x1.x3.x1.x4.x2.x5.n6                      5
x1.x1.x3.x1.x4.x2.x5.n4            7.52445e-08
x1.x1.x3.x1.x4.x2.x5.n5            5.18073e-08
x1.x1.x3.x1.x4.x2.x6.n7            3.95677e-08
x1.x1.x3.x1.x4.x2.x6.n6                      5
x1.x1.x3.x1.x4.x2.x6.n4            7.52445e-08
x1.x1.x3.x1.x4.x2.x6.n5            5.18073e-08
x1.x1.x3.x1.x4.x2.x7.n7            3.95677e-08
x1.x1.x3.x1.x4.x2.x7.n6                      5
x1.x1.x3.x1.x4.x2.x7.n4            7.52445e-08
x1.x1.x3.x1.x4.x2.x7.n5            5.18073e-08
x1.x1.x3.x1.x4.x2.x8.n7            3.95677e-08
x1.x1.x3.x1.x4.x2.x8.n6                      5
x1.x1.x3.x1.x4.x2.x8.n4            7.52445e-08
x1.x1.x3.x1.x4.x2.x8.n5            5.18073e-08
x1.x1.x3.x1.x5.x1.x1.n7                      5
x1.x1.x3.x1.x5.x1.x1.n6            1.66537e-08
x1.x1.x3.ni37                                5
x1.x1.x3.x1.x5.x1.x1.n4                      5
x1.x1.x3.ni53                                5
x1.x1.x3.x1.x5.x1.x1.n5                      5
x1.x1.x3.ni45                      5.44421e-09
x1.x1.x3.ni61                      1.49492e-08
x1.x1.x3.x1.x5.x1.x2.n7                      5
x1.x1.x3.x1.x5.x1.x2.n6            1.66537e-08
x1.x1.x3.x1.x5.x1.x2.n4                      5
x1.x1.x3.x1.x5.x1.x2.n5                      5
x1.x1.x3.x1.x5.x1.x3.n7                      5
x1.x1.x3.x1.x5.x1.x3.n6            1.66537e-08
x1.x1.x3.x1.x5.x1.x3.n4                      5
x1.x1.x3.x1.x5.x1.x3.n5                      5
x1.x1.x3.x1.x5.x1.x4.n7                      5
x1.x1.x3.x1.x5.x1.x4.n6            1.66537e-08
x1.x1.x3.x1.x5.x1.x4.n4                      5
x1.x1.x3.x1.x5.x1.x4.n5                      5
x1.x1.x3.x1.x5.x1.x5.n7                      5
x1.x1.x3.x1.x5.x1.x5.n6            1.66537e-08
x1.x1.x3.x1.x5.x1.x5.n4                      5
x1.x1.x3.x1.x5.x1.x5.n5                      5
x1.x1.x3.x1.x5.x1.x6.n7                      5
x1.x1.x3.x1.x5.x1.x6.n6            1.66537e-08
x1.x1.x3.x1.x5.x1.x6.n4                      5
x1.x1.x3.x1.x5.x1.x6.n5                      5
x1.x1.x3.x1.x5.x1.x7.n7                      5
x1.x1.x3.x1.x5.x1.x7.n6            1.66537e-08
x1.x1.x3.x1.x5.x1.x7.n4                      5
x1.x1.x3.x1.x5.x1.x7.n5                      5
x1.x1.x3.x1.x5.x1.x8.n7                      5
x1.x1.x3.x1.x5.x1.x8.n6            1.66537e-08
x1.x1.x3.x1.x5.x1.x8.n4                      5
x1.x1.x3.x1.x5.x1.x8.n5                      5
x1.x1.x3.x1.x5.x2.x1.n7                      5
x1.x1.x3.x1.x5.x2.x1.n6            1.66537e-08
x1.x1.x3.ni5                                 5
x1.x1.x3.x1.x5.x2.x1.n4                      5
x1.x1.x3.ni21                                5
x1.x1.x3.x1.x5.x2.x1.n5                      5
x1.x1.x3.ni13                      5.44421e-09
x1.x1.x3.ni29                      1.49492e-08
x1.x1.x3.x1.x5.x2.x2.n7                      5
x1.x1.x3.x1.x5.x2.x2.n6            1.66537e-08
x1.x1.x3.x1.x5.x2.x2.n4                      5
x1.x1.x3.x1.x5.x2.x2.n5                      5
x1.x1.x3.x1.x5.x2.x3.n7                      5
x1.x1.x3.x1.x5.x2.x3.n6            1.66537e-08
x1.x1.x3.x1.x5.x2.x3.n4                      5
x1.x1.x3.x1.x5.x2.x3.n5                      5
x1.x1.x3.x1.x5.x2.x4.n7                      5
x1.x1.x3.x1.x5.x2.x4.n6            1.66537e-08
x1.x1.x3.x1.x5.x2.x4.n4                      5
x1.x1.x3.x1.x5.x2.x4.n5                      5
x1.x1.x3.x1.x5.x2.x5.n7                      5
x1.x1.x3.x1.x5.x2.x5.n6            1.66537e-08
x1.x1.x3.x1.x5.x2.x5.n4                      5
x1.x1.x3.x1.x5.x2.x5.n5                      5
x1.x1.x3.x1.x5.x2.x6.n7                      5
x1.x1.x3.x1.x5.x2.x6.n6            1.66537e-08
x1.x1.x3.x1.x5.x2.x6.n4                      5
x1.x1.x3.x1.x5.x2.x6.n5                      5
x1.x1.x3.x1.x5.x2.x7.n7                      5
x1.x1.x3.x1.x5.x2.x7.n6            1.66537e-08
x1.x1.x3.x1.x5.x2.x7.n4                      5
x1.x1.x3.x1.x5.x2.x7.n5                      5
x1.x1.x3.x1.x5.x2.x8.n7                      5
x1.x1.x3.x1.x5.x2.x8.n6            1.66537e-08
x1.x1.x3.x1.x5.x2.x8.n4                      5
x1.x1.x3.x1.x5.x2.x8.n5                      5
x1.x1.x3.x1.x6.x1.x1.n7            3.95677e-08
x1.x1.x3.x1.x6.x1.x1.n6                      5
x1.x1.x3.ni36                                5
x1.x1.x3.x1.x6.x1.x1.n4            7.52445e-08
x1.x1.x3.ni52                                5
x1.x1.x3.x1.x6.x1.x1.n5            5.18073e-08
x1.x1.x3.ni44                      5.44421e-09
x1.x1.x3.ni60                      1.49492e-08
x1.x1.x3.x1.x6.x1.x2.n7            3.95677e-08
x1.x1.x3.x1.x6.x1.x2.n6                      5
x1.x1.x3.x1.x6.x1.x2.n4            7.52445e-08
x1.x1.x3.x1.x6.x1.x2.n5            5.18073e-08
x1.x1.x3.x1.x6.x1.x3.n7            3.95677e-08
x1.x1.x3.x1.x6.x1.x3.n6                      5
x1.x1.x3.x1.x6.x1.x3.n4            7.52445e-08
x1.x1.x3.x1.x6.x1.x3.n5            5.18073e-08
x1.x1.x3.x1.x6.x1.x4.n7            3.95677e-08
x1.x1.x3.x1.x6.x1.x4.n6                      5
x1.x1.x3.x1.x6.x1.x4.n4            7.52445e-08
x1.x1.x3.x1.x6.x1.x4.n5            5.18073e-08
x1.x1.x3.x1.x6.x1.x5.n7                      5
x1.x1.x3.x1.x6.x1.x5.n6            1.66537e-08
x1.x1.x3.x1.x6.x1.x5.n4                      5
x1.x1.x3.x1.x6.x1.x5.n5                      5
x1.x1.x3.x1.x6.x1.x6.n7                      5
x1.x1.x3.x1.x6.x1.x6.n6            1.66537e-08
x1.x1.x3.x1.x6.x1.x6.n4                      5
x1.x1.x3.x1.x6.x1.x6.n5                      5
x1.x1.x3.x1.x6.x1.x7.n7                      5
x1.x1.x3.x1.x6.x1.x7.n6            1.66537e-08
x1.x1.x3.x1.x6.x1.x7.n4                      5
x1.x1.x3.x1.x6.x1.x7.n5                      5
x1.x1.x3.x1.x6.x1.x8.n7                      5
x1.x1.x3.x1.x6.x1.x8.n6            1.66537e-08
x1.x1.x3.x1.x6.x1.x8.n4                      5
x1.x1.x3.x1.x6.x1.x8.n5                      5
x1.x1.x3.x1.x6.x2.x1.n7                      5
x1.x1.x3.x1.x6.x2.x1.n6            1.66537e-08
x1.x1.x3.ni4                                 5
x1.x1.x3.x1.x6.x2.x1.n4                      5
x1.x1.x3.ni20                                5
x1.x1.x3.x1.x6.x2.x1.n5                      5
x1.x1.x3.ni12                      5.44421e-09
x1.x1.x3.ni28                      1.49492e-08
x1.x1.x3.x1.x6.x2.x2.n7                      5
x1.x1.x3.x1.x6.x2.x2.n6            1.66537e-08
x1.x1.x3.x1.x6.x2.x2.n4                      5
x1.x1.x3.x1.x6.x2.x2.n5                      5
x1.x1.x3.x1.x6.x2.x3.n7                      5
x1.x1.x3.x1.x6.x2.x3.n6            1.66537e-08
x1.x1.x3.x1.x6.x2.x3.n4                      5
x1.x1.x3.x1.x6.x2.x3.n5                      5
x1.x1.x3.x1.x6.x2.x4.n7                      5
x1.x1.x3.x1.x6.x2.x4.n6            1.66537e-08
x1.x1.x3.x1.x6.x2.x4.n4                      5
x1.x1.x3.x1.x6.x2.x4.n5                      5
x1.x1.x3.x1.x6.x2.x5.n7                      5
x1.x1.x3.x1.x6.x2.x5.n6            1.66537e-08
x1.x1.x3.x1.x6.x2.x5.n4                      5
x1.x1.x3.x1.x6.x2.x5.n5                      5
x1.x1.x3.x1.x6.x2.x6.n7                      5
x1.x1.x3.x1.x6.x2.x6.n6            1.66537e-08
x1.x1.x3.x1.x6.x2.x6.n4                      5
x1.x1.x3.x1.x6.x2.x6.n5                      5
x1.x1.x3.x1.x6.x2.x7.n7                      5
x1.x1.x3.x1.x6.x2.x7.n6            1.66537e-08
x1.x1.x3.x1.x6.x2.x7.n4                      5
x1.x1.x3.x1.x6.x2.x7.n5                      5
x1.x1.x3.x1.x6.x2.x8.n7                      5
x1.x1.x3.x1.x6.x2.x8.n6            1.66537e-08
x1.x1.x3.x1.x6.x2.x8.n4                      5
x1.x1.x3.x1.x6.x2.x8.n5                      5
x1.x1.x3.x1.x7.x1.x1.n7                      5
x1.x1.x3.x1.x7.x1.x1.n6            1.66537e-08
x1.x1.x3.ni35                      2.39149e-07
x1.x1.x3.x1.x7.x1.x1.n4                      5
x1.x1.x3.ni51                                5
x1.x1.x3.x1.x7.x1.x1.n5                      5
x1.x1.x3.ni43                      2.56602e-08
x1.x1.x3.ni59                                5
x1.x1.x3.x1.x7.x1.x2.n7                      5
x1.x1.x3.x1.x7.x1.x2.n6            1.66537e-08
x1.x1.x3.x1.x7.x1.x2.n4                      5
x1.x1.x3.x1.x7.x1.x2.n5                      5
x1.x1.x3.x1.x7.x1.x3.n7                      5
x1.x1.x3.x1.x7.x1.x3.n6            1.66537e-08
x1.x1.x3.x1.x7.x1.x3.n4                      5
x1.x1.x3.x1.x7.x1.x3.n5                      5
x1.x1.x3.x1.x7.x1.x4.n7                      5
x1.x1.x3.x1.x7.x1.x4.n6            1.66537e-08
x1.x1.x3.x1.x7.x1.x4.n4                      5
x1.x1.x3.x1.x7.x1.x4.n5                      5
x1.x1.x3.x1.x7.x1.x5.n7                      5
x1.x1.x3.x1.x7.x1.x5.n6            1.66537e-08
x1.x1.x3.x1.x7.x1.x5.n4                      5
x1.x1.x3.x1.x7.x1.x5.n5                      5
x1.x1.x3.x1.x7.x1.x6.n7                      5
x1.x1.x3.x1.x7.x1.x6.n6            1.66537e-08
x1.x1.x3.x1.x7.x1.x6.n4                      5
x1.x1.x3.x1.x7.x1.x6.n5                      5
x1.x1.x3.x1.x7.x1.x7.n7                      5
x1.x1.x3.x1.x7.x1.x7.n6            1.66537e-08
x1.x1.x3.x1.x7.x1.x7.n4                      5
x1.x1.x3.x1.x7.x1.x7.n5                      5
x1.x1.x3.x1.x7.x1.x8.n7                      5
x1.x1.x3.x1.x7.x1.x8.n6            1.66537e-08
x1.x1.x3.x1.x7.x1.x8.n4                      5
x1.x1.x3.x1.x7.x1.x8.n5                      5
x1.x1.x3.x1.x7.x2.x1.n7            3.95677e-08
x1.x1.x3.x1.x7.x2.x1.n6                      5
x1.x1.x3.ni3                                 5
x1.x1.x3.x1.x7.x2.x1.n4            7.52445e-08
x1.x1.x3.ni19                                5
x1.x1.x3.x1.x7.x2.x1.n5            5.18073e-08
x1.x1.x3.ni11                      5.44421e-09
x1.x1.x3.ni27                      1.49492e-08
x1.x1.x3.x1.x7.x2.x2.n7            3.95677e-08
x1.x1.x3.x1.x7.x2.x2.n6                      5
x1.x1.x3.x1.x7.x2.x2.n4            7.52445e-08
x1.x1.x3.x1.x7.x2.x2.n5            5.18073e-08
x1.x1.x3.x1.x7.x2.x3.n7            3.95677e-08
x1.x1.x3.x1.x7.x2.x3.n6                      5
x1.x1.x3.x1.x7.x2.x3.n4            7.52445e-08
x1.x1.x3.x1.x7.x2.x3.n5            5.18073e-08
x1.x1.x3.x1.x7.x2.x4.n7            3.95677e-08
x1.x1.x3.x1.x7.x2.x4.n6                      5
x1.x1.x3.x1.x7.x2.x4.n4            7.52445e-08
x1.x1.x3.x1.x7.x2.x4.n5            5.18073e-08
x1.x1.x3.x1.x7.x2.x5.n7                      5
x1.x1.x3.x1.x7.x2.x5.n6            1.66537e-08
x1.x1.x3.x1.x7.x2.x5.n4                      5
x1.x1.x3.x1.x7.x2.x5.n5                      5
x1.x1.x3.x1.x7.x2.x6.n7                      5
x1.x1.x3.x1.x7.x2.x6.n6            1.66537e-08
x1.x1.x3.x1.x7.x2.x6.n4                      5
x1.x1.x3.x1.x7.x2.x6.n5                      5
x1.x1.x3.x1.x7.x2.x7.n7                      5
x1.x1.x3.x1.x7.x2.x7.n6            1.66537e-08
x1.x1.x3.x1.x7.x2.x7.n4                      5
x1.x1.x3.x1.x7.x2.x7.n5                      5
x1.x1.x3.x1.x7.x2.x8.n7                      5
x1.x1.x3.x1.x7.x2.x8.n6            1.66537e-08
x1.x1.x3.x1.x7.x2.x8.n4                      5
x1.x1.x3.x1.x7.x2.x8.n5                      5
x1.x1.x3.x1.x8.x1.x1.n7            3.95677e-08
x1.x1.x3.x1.x8.x1.x1.n6                      5
x1.x1.x3.ni34                                5
x1.x1.x3.x1.x8.x1.x1.n4            7.52445e-08
x1.x1.x3.ni50                                5
x1.x1.x3.x1.x8.x1.x1.n5            5.18073e-08
x1.x1.x3.ni42                      5.44421e-09
x1.x1.x3.ni58                      1.49492e-08
x1.x1.x3.x1.x8.x1.x2.n7            3.95677e-08
x1.x1.x3.x1.x8.x1.x2.n6                      5
x1.x1.x3.x1.x8.x1.x2.n4            7.52445e-08
x1.x1.x3.x1.x8.x1.x2.n5            5.18073e-08
x1.x1.x3.x1.x8.x1.x3.n7            3.95677e-08
x1.x1.x3.x1.x8.x1.x3.n6                      5
x1.x1.x3.x1.x8.x1.x3.n4            7.52445e-08
x1.x1.x3.x1.x8.x1.x3.n5            5.18073e-08
x1.x1.x3.x1.x8.x1.x4.n7            3.95677e-08
x1.x1.x3.x1.x8.x1.x4.n6                      5
x1.x1.x3.x1.x8.x1.x4.n4            7.52445e-08
x1.x1.x3.x1.x8.x1.x4.n5            5.18073e-08
x1.x1.x3.x1.x8.x1.x5.n7                2.41596
x1.x1.x3.x1.x8.x1.x5.n6                2.41595
x1.x1.x3.x1.x8.x1.x5.n4                2.41595
x1.x1.x3.x1.x8.x1.x5.n5                2.41595
x1.x1.x3.x1.x8.x1.x6.n7                2.41596
x1.x1.x3.x1.x8.x1.x6.n6                2.41595
x1.x1.x3.x1.x8.x1.x6.n4                2.41595
x1.x1.x3.x1.x8.x1.x6.n5                2.41595
x1.x1.x3.x1.x8.x1.x7.n7                2.41596
x1.x1.x3.x1.x8.x1.x7.n6                2.41595
x1.x1.x3.x1.x8.x1.x7.n4                2.41595
x1.x1.x3.x1.x8.x1.x7.n5                2.41595
x1.x1.x3.x1.x8.x1.x8.n7                2.41596
x1.x1.x3.x1.x8.x1.x8.n6                2.41595
x1.x1.x3.x1.x8.x1.x8.n4                2.41595
x1.x1.x3.x1.x8.x1.x8.n5                2.41595
x1.x1.x3.x1.x8.x2.x1.n7            3.95677e-08
x1.x1.x3.x1.x8.x2.x1.n6                      5
x1.x1.x3.ni2                                 5
x1.x1.x3.x1.x8.x2.x1.n4            7.52445e-08
x1.x1.x3.ni18                                5
x1.x1.x3.x1.x8.x2.x1.n5            5.18073e-08
x1.x1.x3.ni10                      5.44421e-09
x1.x1.x3.ni26                      1.49492e-08
x1.x1.x3.x1.x8.x2.x2.n7            3.95677e-08
x1.x1.x3.x1.x8.x2.x2.n6                      5
x1.x1.x3.x1.x8.x2.x2.n4            7.52445e-08
x1.x1.x3.x1.x8.x2.x2.n5            5.18073e-08
x1.x1.x3.x1.x8.x2.x3.n7            3.95677e-08
x1.x1.x3.x1.x8.x2.x3.n6                      5
x1.x1.x3.x1.x8.x2.x3.n4            7.52445e-08
x1.x1.x3.x1.x8.x2.x3.n5            5.18073e-08
x1.x1.x3.x1.x8.x2.x4.n7            3.95677e-08
x1.x1.x3.x1.x8.x2.x4.n6                      5
x1.x1.x3.x1.x8.x2.x4.n4            7.52445e-08
x1.x1.x3.x1.x8.x2.x4.n5            5.18073e-08
x1.x1.x3.x1.x8.x2.x5.n7                      5
x1.x1.x3.x1.x8.x2.x5.n6            1.66537e-08
x1.x1.x3.x1.x8.x2.x5.n4                      5
x1.x1.x3.x1.x8.x2.x5.n5                      5
x1.x1.x3.x1.x8.x2.x6.n7                      5
x1.x1.x3.x1.x8.x2.x6.n6            1.66537e-08
x1.x1.x3.x1.x8.x2.x6.n4                      5
x1.x1.x3.x1.x8.x2.x6.n5                      5
x1.x1.x3.x1.x8.x2.x7.n7                      5
x1.x1.x3.x1.x8.x2.x7.n6            1.66537e-08
x1.x1.x3.x1.x8.x2.x7.n4                      5
x1.x1.x3.x1.x8.x2.x7.n5                      5
x1.x1.x3.x1.x8.x2.x8.n7                      5
x1.x1.x3.x1.x8.x2.x8.n6            1.66537e-08
x1.x1.x3.x1.x8.x2.x8.n4                      5
x1.x1.x3.x1.x8.x2.x8.n5                      5
x1.x1.x3.ni91                                5
x1.x1.x3.x2.x1.n27                     4.96966
x1.x1.x3.ni90                                5
x1.x1.x3.ni83                                5
x1.x1.x3.ni85                      2.05775e-08
x1.x1.x3.ni88                      2.05775e-08
x1.x1.x3.ni89                      2.05775e-08
x1.x1.x3.x2.x1.n23                     4.96966
x1.x1.x3.x2.x1.n35                     4.13874
x1.x1.x3.x2.x1.n34                     4.12046
x1.x1.x3.x2.x1.n36                   0.0334183
x1.x1.x3.x2.x1.n33                   0.0176173
x1.x1.x3.x2.x1.n30                   0.0501497
x1.x1.x3.x2.x1.n32                   0.0501497
x1.x1.x3.x2.x2.n27                     4.96966
x1.x1.x3.ni86                      2.05775e-08
x1.x1.x3.x2.x2.n23                     4.96966
x1.x1.x3.x2.x2.n35                     4.18823
x1.x1.x3.x2.x2.n34                   0.0503027
x1.x1.x3.x2.x2.n36                   0.0176478
x1.x1.x3.x2.x2.n33                   0.0122394
x1.x1.x3.x2.x2.n30                   0.0296331
x1.x1.x3.x2.x2.n32                   0.0630909
x1.x1.x3.x2.x3.n27                     4.96966
x1.x1.x3.ni87                                5
x1.x1.x3.x2.x3.n23                     4.96966
x1.x1.x3.x2.x3.n35                      4.1053
x1.x1.x3.x2.x3.n34                     4.08116
x1.x1.x3.x2.x3.n36                     4.07105
x1.x1.x3.x2.x3.n33                     0.03351
x1.x1.x3.x2.x3.n30                     0.03351
x1.x1.x3.x2.x3.n32                     0.03351
x1.x1.x3.x2.x4.n27                     4.96966
x1.x1.x3.x2.x4.n23                     4.96966
x1.x1.x3.x2.x4.n35                      4.1836
x1.x1.x3.x2.x4.n34                   0.0326406
x1.x1.x3.x2.x4.n36                   0.0326406
x1.x1.x3.x2.x4.n33                   0.0176541
x1.x1.x3.x2.x4.n30                   0.0176541
x1.x1.x3.x2.x4.n32                   0.0521145
x1.x1.x3.x2.x5.n27                     4.96966
x1.x1.x3.ni84                                5
x1.x1.x3.x2.x5.n23                     4.96966
x1.x1.x3.x2.x5.n35                     4.13111
x1.x1.x3.x2.x5.n34                      4.1113
x1.x1.x3.x2.x5.n36                 5.93945e-09
x1.x1.x3.x2.x5.n33                 2.97435e-09
x1.x1.x3.x2.x5.n30                   0.0344115
x1.x1.x3.x2.x5.n32                   0.0344115
x1.x1.x3.x2.x6.n27                     4.96966
x1.x1.x3.x2.x6.n23                     4.96966
x1.x1.x3.x2.x6.n35                     4.18387
x1.x1.x3.x2.x6.n34                   0.0335538
x1.x1.x3.x2.x6.n36                 2.93835e-09
x1.x1.x3.x2.x6.n33                  2.0095e-09
x1.x1.x3.x2.x6.n30                   0.0180717
x1.x1.x3.x2.x6.n32                   0.0525028
x1.x1.x3.x2.x7.n27                     1.25364
x1.x1.x3.x2.x7.n23                     4.96966
x1.x1.x3.x2.x7.n35                 1.79362e-07
x1.x1.x3.x2.x7.n34                 1.19574e-07
x1.x1.x3.x2.x7.n36                 5.97872e-08
x1.x1.x3.x2.x7.n33                 6.35774e-09
x1.x1.x3.x2.x7.n30                 1.27155e-08
x1.x1.x3.x2.x7.n32                 1.90732e-08
x1.x1.x3.x2.x8.n27                     4.96966
x1.x1.x3.x2.x8.n23                     4.96966
x1.x1.x3.x2.x8.n35                     4.17062
x1.x1.x3.x2.x8.n34                 1.19315e-08
x1.x1.x3.x2.x8.n36                 5.96573e-09
x1.x1.x3.x2.x8.n33                 3.01378e-09
x1.x1.x3.x2.x8.n30                 6.02756e-09
x1.x1.x3.x2.x8.n32                   0.0353885
x1.x1.x3.x3.x1.n6                            5
x1.x1.n131                         2.05775e-08
x1.x1.x3.x3.x1.n3                  2.05776e-08
x1.x1.n79                                    5
x1.x1.x3.x3.x2.n6                            5
x1.x1.n116                         2.05775e-08
x1.x1.x3.x3.x2.n3                  2.05776e-08
x1.x1.n78                                    5
x1.x1.x3.x3.x3.n6                            5
x1.x1.n117                         2.05775e-08
x1.x1.x3.x3.x3.n3                  2.05776e-08
x1.x1.n89                                    5
x1.x1.x3.x3.x4.n6                            5
x1.x1.n118                         2.05775e-08
x1.x1.x3.x3.x4.n3                  2.05776e-08
x1.x1.n88                                    5
x1.x1.x3.x3.x5.n6                            5
x1.x1.n121                         2.08524e-08
x1.x1.x3.x3.x5.n3                  2.05776e-08
x1.x1.n263                                   5
x1.x1.x3.x3.x6.n6                            5
x1.x1.x3.x3.x6.n3                  2.05776e-08
x1.x1.n262                                   5
x1.x1.x3.x3.x7.n6                            5
x1.x1.x3.x3.x7.n3                  2.05776e-08
x1.x1.n195                                   5
x1.x1.x3.x3.x8.n6                            5
x1.x1.n113                         2.08524e-08
x1.x1.x3.x3.x8.n3                  2.05776e-08
x1.x1.n196                                   5
x1.x1.x3.x4.n6                     2.05775e-08
x1.x1.n105                                   5
x1.x1.n127                         2.19645e-08
x1.x1.n122                         2.19645e-08
x1.x1.n120                         2.19645e-08
x1.x1.n115                         2.19645e-08
x1.x1.x4.n3                                  5
x1.x1.n462                         4.82942e-09
x1.x1.n592                         2.19645e-08
x1.x1.x4.n5                                  5
x1.x1.x4.n4                                  5
x1.x1.n598                         2.08524e-08
x1.x1.x4.n6                        3.49785e-08
x1.x1.n58                                    5
x1.x1.n664                                   5
x1.x1.x5.qs                        7.29463e-08
x1.x1.x5.ckb                                 5
x1.x1.x5.ckp                       2.08524e-08
x1.x1.x5.n16                                 5
x1.x1.x5.n7                                  5
x1.x1.x5.n8                                  5
x1.x1.x5.qm                        2.60748e-08
x1.x1.x5.n10                       4.95105e-08
x1.x1.x5.n13                           4.14375
x1.x1.x5.n14                         0.0348167
x1.x1.n617                         2.08524e-08
x1.x1.n732                                   5
x1.x1.x6.qs                        7.29463e-08
x1.x1.x6.ckb                                 5
x1.x1.x6.ckp                       2.08524e-08
x1.x1.x6.n16                                 5
x1.x1.n750                         2.19645e-08
x1.x1.x6.n7                                  5
x1.x1.x6.n8                                  5
x1.x1.x6.qm                        2.60748e-08
x1.x1.x6.n10                       4.95105e-08
x1.x1.x6.n13                           4.14375
x1.x1.x6.n14                         0.0348167
x1.x1.n779                         1.85179e-07
x1.x1.n603                                   5
x1.x1.n586                                   5
x1.x1.n142                                   5
x1.x1.x11.n8                       6.17262e-08
x1.x1.x11.n7                       1.23452e-07
x1.x1.n792                                   5
x1.x1.n188                         1.16739e-08
x1.n103                            2.08524e-08
x1.x1.x12.n6                         0.0348173
x1.x1.x13.n3                                 5
x1.x1.n604                         2.19645e-08
x1.x1.x13.n5                                 5
x1.x1.x13.n4                                 5
x1.x1.n748                         2.08524e-08
x1.x1.x13.n6                       3.49785e-08
x1.x1.n654                                   5
x1.x1.n606                         2.08524e-08
x1.x1.n384                         7.88485e-09
x1.x1.x14.n6                         0.0348173
x1.x1.n173                         4.82942e-09
x1.x1.x15.n6                         0.0348173
x1.x1.x16.n8                                 5
x1.x1.x16.n3                       3.74462e-08
x1.x1.n458                                   5
x1.x1.n519                         1.85179e-07
x1.x1.x16.n9                           1.26842
x1.x1.x16.n5                           4.14375
x1.x1.n728                                   5
x1.x1.n596                         8.22975e-08
x1.x1.n733                                   5
x1.x1.x17.n6                           4.14375
x1.x1.n559                                   5
x1.x1.n740                                   5
x1.x1.x18.n6                       4.11487e-08
x1.x1.n551                                   5
x1.x1.x21.n8                       5.86679e-09
x1.x1.x21.n7                           4.14375
x1.x1.x22.n8                                 5
x1.x1.x22.n3                       3.74462e-08
x1.x1.n378                         1.85179e-07
x1.x1.x22.n9                           1.26842
x1.x1.x22.n5                           4.14375
x1.x1.n778                                   5
x1.x1.x23.n6                       6.26481e-09
x1.x1.n736                                   5
x1.x1.x27.n6                       6.26481e-09
x1.x1.x30.n6                           4.96988
x1.x1.n747                                   5
x1.x1.n939                         7.88485e-09
x1.x1.n727                                   5
x1.x1.n198                         8.22975e-08
x1.x1.n80                                    5
x1.x1.x31.n6                       4.11487e-08
x1.x1.x32.n3                                 5
x1.x1.x32.n5                                 5
x1.x1.x32.n4                                 5
x1.x1.x32.n6                       3.49785e-08
x1.x1.x33.n6                           4.96988
x1.x1.n227                                   5
x1.x1.n932                         7.88485e-09
x1.x1.x35.n3                       8.22975e-08
x1.x1.n938                                   5
x1.x1.x35.n7                       4.11488e-08
x1.x1.x49.n3                       8.22975e-08
x1.x1.x49.n7                       4.11487e-08
x1.x1.x52.n8                                 5
x1.x1.x52.n3                       2.05775e-08
x1.x1.n741                                   5
x1.x1.n734                         8.22975e-08
x1.x1.x52.n9                                 5
x1.x1.x52.n5                        6.2648e-09
x1.x1.n787                         1.85179e-07
x1.x1.x62.n8                       6.17262e-08
x1.x1.x62.n7                       1.23452e-07
x1.x1.x97.n6                       4.11487e-08
x1.x1.x106.n7                                5
x1.x1.x106.n3                      2.05775e-08
x1.x1.n841                                   5
x1.x1.x107.n3                      8.22975e-08
x1.x1.x107.n7                      4.11487e-08
x1.x1.n360                                   5
x1.x1.n247                         2.05775e-08
x1.x1.n366                         2.08524e-08
x1.x1.n362                         8.22975e-08
x1.x1.x115.n6                       1.9378e-09
x1.x1.x115.n8                        0.0175683
x1.x1.x115.n7                        0.0508865
x1.x1.n361                                   5
x1.x1.n599                                   5
x1.x1.n256                                   5
x1.x1.x116.n8                      6.17262e-08
x1.x1.x116.n7                      1.23452e-07
x1.x1.n348                         1.85179e-07
x1.x1.n356                                   5
x1.x1.n567                                   5
x1.x1.x117.n8                      6.17262e-08
x1.x1.x117.n7                      1.23452e-07
x1.x1.x118.n8                          4.98443
x1.x1.x118.n7                           4.9553
x1.x1.n182                                   5
x1.x1.x119.n6                      6.26481e-09
x1.x1.x121.n3                      8.23099e-08
x1.x1.x121.n9                                5
x1.x1.n357                                   5
x1.x1.x121.n5                       3.1324e-09
x1.x1.x121.n6                       4.1155e-08
x1.x1.x125.n6                      6.26481e-09
x1.x1.x126.n8                                5
x1.x1.x126.n3                      3.74462e-08
x1.x1.x126.n9                          1.26842
x1.x1.x126.n5                          4.14375
x1.x1.n245                                   5
x1.x1.n541                         2.08524e-08
x1.x1.x129.n6                        0.0348173
x1.x1.n165                         2.08524e-08
x1.x1.x130.n6                        0.0348173
x1.x1.n382                         2.05775e-08
x1.x1.x132.n6                        0.0348173
x1.x1.x133.n6                        0.0116791
x1.x1.x133.n8                        0.0282461
x1.x1.x133.n7                        0.0602162
x1.x1.x202.n3                      1.43584e-08
x1.x1.n427                                   5
x1.x1.n577                         2.19645e-08
x1.x1.x202.n5                                5
x1.x1.x202.n4                      3.49785e-08
x1.x1.x202.n6                                5
x1.x1.x203.n8                                5
x1.x1.x203.n3                      2.05775e-08
x1.x1.n35                                    5
x1.x1.x203.n9                                5
x1.x1.x203.n5                       6.2648e-09
x1.n17                             2.08524e-08
x1.x1.n646                                   5
x1.x1.x208.qs                      7.29463e-08
x1.x1.x208.ckb                               5
x1.x1.x208.ckp                     2.08524e-08
x1.x1.x208.n16                               5
x1.x1.n753                         2.19645e-08
x1.x1.x208.n7                                5
x1.x1.x208.n8                                5
x1.x1.x208.qm                      2.60748e-08
x1.x1.x208.n10                     4.95105e-08
x1.x1.x208.n13                         4.14375
x1.x1.x208.n14                       0.0348167
x1.x1.x209.n7                                5
x1.x1.x209.n5                                5
p1                                           0
x1.x1.x209.n3                          4.19619
x1.x1.n515                                   5
x1.x1.x210.qs                      7.29463e-08
x1.x1.x210.ckb                               5
x1.x1.x210.ckp                     2.08524e-08
x1.x1.x210.n16                               5
x1.x1.x210.n7                                5
x1.x1.x210.n8                                5
x1.x1.x210.qm                      2.60748e-08
x1.x1.x210.n10                     4.95105e-08
x1.x1.x210.n13                         4.14375
x1.x1.x210.n14                       0.0348167
x1.x1.n655                                   5
x1.x1.x211.qs                      7.29463e-08
x1.x1.x211.ckb                               5
x1.x1.x211.ckp                     2.08524e-08
x1.x1.x211.n16                               5
x1.x1.x211.n7                                5
x1.x1.x211.n8                                5
x1.x1.x211.qm                      2.60748e-08
x1.x1.x211.n10                     4.95105e-08
x1.x1.x211.n13                         4.14375
x1.x1.x211.n14                       0.0348167
x1.x1.n342                         2.08524e-08
x1.x1.n634                                   5
x1.x1.x214.qs                      7.29463e-08
x1.x1.x214.ckb                               5
x1.x1.x214.ckp                     2.08524e-08
x1.x1.x214.n16                               5
x1.x1.n528                         1.16047e-07
x1.x1.x214.n7                                5
x1.x1.x214.n8                                5
x1.x1.x214.qm                      2.60748e-08
x1.x1.x214.n10                     4.95105e-08
x1.x1.x214.n13                         4.14375
x1.x1.x214.n14                       0.0348167
x1.x1.x215.n3                                5
x1.x1.n542                         1.16047e-07
x1.x1.x215.n9                          1.26842
x1.x1.n504                                   5
x1.x1.n544                         2.08524e-08
x1.x1.x215.n5                      5.80236e-08
x1.x1.x215.n6                          4.14375
x1.x1.x216.n3                                5
x1.x1.n32                          1.36956e-08
x1.x1.x216.n5                                5
x1.x1.x216.n4                                5
x1.x1.x216.n6                                5
x1.x1.n782                         2.08524e-08
x1.x1.x217.n8                                5
x1.x1.x217.n3                      2.05775e-08
x1.x1.n335                                   5
x1.x1.x217.n9                                5
x1.x1.x217.n5                      6.26479e-09
x1.x1.x218.n3                      1.43584e-08
x1.x1.n33                                    5
x1.x1.x218.n5                                5
x1.x1.x218.n4                      3.49785e-08
x1.x1.x218.n6                                5
x1.x1.x219.n7                                5
x1.x1.x219.n5                                5
x1.x1.n726                         2.05775e-08
p2                                           0
x1.x1.x219.n3                          4.19619
x1.x1.n511                                   5
x1.x1.x225.qs                      7.29463e-08
x1.x1.x225.ckb                               5
x1.x1.x225.ckp                     2.08524e-08
x1.x1.x225.n16                               5
x1.x1.x225.n7                                5
x1.x1.x225.n8                                5
x1.x1.x225.qm                      2.60748e-08
x1.x1.x225.n10                     4.95105e-08
x1.x1.x225.n13                         4.14375
x1.x1.x225.n14                       0.0348167
x1.x1.x276.n8                          4.97143
x1.x1.x276.n7                          1.26023
x1.x1.n760                         1.65851e-08
x1.x1.x277.n8                                5
x1.x1.n761                         2.05775e-08
x1.x1.x277.n7                          1.26842
x1.x1.n763                                   5
x1.x1.n84                          3.74461e-08
x1.x1.n800                         2.05775e-08
x1.x1.n27                          2.08524e-08
x1.x1.n729                                   5
x1.x1.x278.qs                      7.29463e-08
x1.x1.x278.ckb                               5
x1.x1.x278.ckp                     2.08524e-08
x1.x1.x278.n16                               5
x1.x1.n764                         2.19645e-08
x1.x1.x278.n7                                5
x1.x1.x278.n8                                5
x1.x1.x278.qm                      2.60748e-08
x1.x1.x278.n10                     4.95105e-08
x1.x1.x278.n13                         4.14375
x1.x1.x278.n14                       0.0348167
x1.x1.x279.n6                                5
x1.x1.n876                         2.05775e-08
x1.x1.n730                                   5
x1.x1.x280.qs                      7.29463e-08
x1.x1.x280.ckb                               5
x1.x1.x280.ckp                     2.08524e-08
x1.x1.x280.n16                               5
x1.x1.n872                         3.74462e-08
x1.x1.x280.n7                                5
x1.x1.x280.n8                                5
x1.x1.x280.qm                      2.60748e-08
x1.x1.x280.n10                     4.95105e-08
x1.x1.x280.n13                         4.14375
x1.x1.x280.n14                       0.0348167
x1.n64                             2.08524e-08
x1.x1.n731                                   5
x1.x1.x281.qs                      7.29463e-08
x1.x1.x281.ckb                               5
x1.x1.x281.ckp                     2.08524e-08
x1.x1.x281.n16                               5
x1.x1.n758                         2.19645e-08
x1.x1.x281.n7                                5
x1.x1.x281.n8                                5
x1.x1.x281.qm                      2.60748e-08
x1.x1.x281.n10                     4.95105e-08
x1.x1.x281.n13                         4.14375
x1.x1.x281.n14                       0.0348167
x1.x1.x282.n3                      1.43584e-08
x1.x1.x282.n5                                5
x1.x1.x282.n4                      3.49785e-08
x1.x1.x282.n6                                5
x1.x1.n870                                   5
x1.x1.x291.n8                        0.0329575
x1.x1.x291.n7                          4.15291
x1.x1.x292.n6                          1.26842
x1.x1.n754                                   5
x1.x1.n554                         8.22975e-08
x1.x1.n930                                   5
x1.x1.x293.n6                      4.11487e-08
x1.x1.x295.n6                          4.14375
x1.x1.x300.n2                                5
x1.x1.x301.n6                                5
x1.x1.x304.n7                                5
x1.x1.x304.n5                                5
p14                                          0
x1.x1.x304.n3                          4.19619
x1.x1.n28                          2.05775e-08
x1.x1.x305.n2                                5
x1.x1.x305.n4                      2.94541e-09
x1.x1.x305.n5                        0.0348173
x1.x1.x315.n3                                5
x1.x1.x315.n5                                5
x1.x1.x315.n4                                5
x1.x1.x315.n6                      3.49785e-08
x1.x1.x332.n7                                5
x1.x1.x332.n5                                5
p3                                           0
x1.x1.x332.n3                          4.19619
x1.x1.x344.n9                                5
x1.x1.x344.n2                      2.05775e-08
x1.x1.x344.n8                                5
x1.x1.n353                                   5
x1.x1.n336                                   5
x1.x1.n29                          2.08524e-08
x1.x1.x380.n8                        0.0175683
x1.x1.x380.n7                        0.0508864
x1.x1.x381.n6                        0.0116791
x1.x1.x381.n8                        0.0282461
x1.x1.x381.n7                        0.0602162
x1.x1.x382.n3                                5
x1.x1.x382.n9                          1.26842
x1.x1.x382.n5                      5.80236e-08
x1.x1.x382.n6                          4.14375
x1.x1.n343                                   5
x1.x1.n332                                   5
x1.x1.n330                                   5
x1.x1.x383.n8                           4.0814
x1.x1.x383.n7                          4.10023
x1.x1.n331                                   5
x1.x1.x384.n6                          4.14375
x1.x1.x385.n7                                5
x1.x1.x385.n3                      2.05775e-08
x1.x1.x386.n8                      2.94541e-09
x1.x1.x386.n7                        0.0348173
x1.x1.x387.n3                      1.43584e-08
x1.x1.n376                         2.19645e-08
x1.x1.x387.n5                                5
x1.x1.x387.n4                      3.49785e-08
x1.x1.x387.n6                                5
x1.x1.n510                                   5
x1.x1.x388.qs                      7.29463e-08
x1.x1.x388.ckb                               5
x1.x1.x388.ckp                     2.08524e-08
x1.x1.x388.n16                               5
x1.x1.n538                         2.19645e-08
x1.x1.x388.n7                                5
x1.x1.x388.n8                                5
x1.x1.x388.qm                      2.60748e-08
x1.x1.x388.n10                     4.95105e-08
x1.x1.x388.n13                         4.14375
x1.x1.x388.n14                       0.0348167
x1.x1.x439.n7                                5
x1.x1.x439.n5                                5
p9                                           0
x1.x1.x439.n3                          4.19619
x1.x1.x440.n9                          4.97062
x1.x1.x440.n2                      7.92437e-09
x1.x1.x440.n8                          4.97062
x1.x1.x442.n3                      1.43584e-08
x1.x1.x442.n5                                5
x1.x1.x442.n4                      3.49785e-08
x1.x1.x442.n6                                5
x1.x1.n333                                   5
x1.x1.x443.qs                      7.29463e-08
x1.x1.x443.ckb                               5
x1.x1.x443.ckp                     2.08524e-08
x1.x1.x443.n16                               5
x1.x1.x443.n7                                5
x1.x1.x443.n8                                5
x1.x1.x443.qm                      2.60748e-08
x1.x1.x443.n10                     4.95105e-08
x1.x1.x443.n13                         4.14375
x1.x1.x443.n14                       0.0348167
x1.x1.x444.n3                      1.43584e-08
x1.x1.n34                          2.19645e-08
x1.x1.x444.n5                                5
x1.x1.x444.n4                      3.49785e-08
x1.x1.x444.n6                                5
x1.x1.x445.n3                                5
x1.x1.n379                         2.19645e-08
x1.x1.x445.n5                                5
x1.x1.x445.n4                                5
x1.x1.n381                         2.08524e-08
x1.x1.x445.n6                      3.49785e-08
x1.x1.n513                                   5
x1.x1.x451.qs                      7.29463e-08
x1.x1.x451.ckb                               5
x1.x1.x451.ckp                     2.08524e-08
x1.x1.x451.n16                               5
x1.x1.x451.n7                                5
x1.x1.x451.n8                                5
x1.x1.x451.qm                      2.60748e-08
x1.x1.x451.n10                     4.95105e-08
x1.x1.x451.n13                         4.14375
x1.x1.x451.n14                       0.0348167
x1.x1.n31                          2.08524e-08
x1.x1.n106                                   5
x1.x1.x542.qs                      7.29463e-08
x1.x1.x542.ckb                               5
x1.x1.x542.ckp                     2.08524e-08
x1.x1.x542.n16                               5
x1.x1.n146                         2.19645e-08
x1.x1.x542.n7                                5
x1.x1.x542.n8                                5
x1.x1.x542.qm                      2.60748e-08
x1.x1.x542.n10                     4.95105e-08
x1.x1.x542.n13                         4.14375
x1.x1.x542.n14                       0.0348167
x1.x1.n156                         2.08524e-08
x1.x1.n107                                   5
x1.x1.x543.qs                      7.29463e-08
x1.x1.x543.ckb                               5
x1.x1.x543.ckp                     2.08524e-08
x1.x1.x543.n16                               5
x1.x1.n347                         8.22975e-08
x1.x1.x543.n7                                5
x1.x1.x543.n8                                5
x1.x1.x543.qm                      2.60748e-08
x1.x1.x543.n10                     4.95105e-08
x1.x1.x543.n13                         4.14375
x1.x1.x543.n14                       0.0348167
x1.x1.n30                          2.08524e-08
x1.x1.x544.qs                      7.29463e-08
x1.x1.x544.ckb                               5
x1.x1.x544.ckp                     2.08524e-08
x1.x1.x544.n16                               5
x1.x1.n351                         8.22975e-08
x1.x1.x544.n7                                5
x1.x1.x544.n8                                5
x1.x1.x544.qm                      2.60748e-08
x1.x1.x544.n10                     4.95105e-08
x1.x1.x544.n13                         4.14375
x1.x1.x544.n14                       0.0348167
x1.x1.n108                                   5
x1.x1.x545.qs                      7.29463e-08
x1.x1.x545.ckb                               5
x1.x1.x545.ckp                     2.08524e-08
x1.x1.x545.n16                               5
x1.x1.x545.n7                                5
x1.x1.x545.n8                                5
x1.x1.x545.qm                      2.60748e-08
x1.x1.x545.n10                     4.95105e-08
x1.x1.x545.n13                         4.14375
x1.x1.x545.n14                       0.0348167
x1.x1.n179                                   5
x1.x1.x546.n6                        0.0348173
x1.x1.x548.n6                      4.11487e-08
x1.x1.x549.n8                                5
x1.x1.x549.n7                          4.96988
x1.x1.n345                                   5
x1.x1.x570.n6                      4.11488e-08
x1.x1.x571.n6                          4.14375
x1.x1.x628.n3                                5
x1.x1.x628.n5                                5
x1.x1.x628.n4                                5
x1.x1.x628.n6                                5
x1.x1.n346                                   5
x1.x1.x629.n6                          4.14375
x1.x1.x635.n3                                5
x1.x1.x635.n5                                5
x1.x1.x635.n4                                5
x1.x1.x635.n6                      3.49785e-08
x1.x1.n141                                   5
x1.x1.x636.n8                                5
x1.x1.x636.n3                                5
x1.x1.n136                         2.05775e-08
x1.x1.x636.n9                                5
x1.x1.x636.n5                      1.01216e-08
x1.x1.x637.n8                        0.0175683
x1.x1.x637.n7                        0.0508864
x1.x1.x638.n8                                5
x1.x1.x638.n3                      2.05775e-08
x1.x1.n124                                   5
x1.x1.x638.n9                                5
x1.x1.x638.n5                      6.26479e-09
x1.x1.x645.n6                      4.11487e-08
x1.x1.x656.n3                                5
x1.x1.x656.n5                      9.07538e-08
x1.x1.x656.n4                      5.84143e-08
x1.x1.x656.n6                                5
x1.x1.n20                                    5
x1.x1.x659.n6                        0.0348173
x1.x1.x665.n3                                5
x1.x1.x665.n5                                5
x1.x1.x665.n4                                5
x1.x1.x665.n6                                5
x1.x1.x666.n3                                5
x1.x1.x666.n5                                5
x1.x1.x666.n4                                5
x1.x1.x666.n6                                5
x1.x1.x667.n3                                5
x1.x1.n22                          1.16047e-07
x1.x1.x667.n9                          1.26842
x1.x1.x667.n5                      5.80236e-08
x1.x1.x667.n6                          4.14375
x1.x1.n26                                    5
x1.x1.x669.n6                        0.0348173
x1.x1.x670.n3                      1.43584e-08
x1.x1.n130                         2.19645e-08
x1.x1.x670.n5                                5
x1.x1.x670.n4                      3.49785e-08
x1.x1.x670.n6                                5
x1.n22                             2.08524e-08
x1.x1.n14                                    5
x1.x1.x671.qs                      7.29463e-08
x1.x1.x671.ckb                               5
x1.x1.x671.ckp                     2.08524e-08
x1.x1.x671.n16                               5
x1.x1.x671.n7                                5
x1.x1.x671.n8                                5
x1.x1.x671.qm                      2.60748e-08
x1.x1.x671.n10                     4.95105e-08
x1.x1.x671.n13                         4.14375
x1.x1.x671.n14                       0.0348167
x1.x1.x672.n3                      1.43584e-08
x1.x1.n140                         2.19645e-08
x1.x1.x672.n5                                5
x1.x1.x672.n4                      3.49785e-08
x1.x1.x672.n6                                5
x1.n16                             2.08524e-08
x1.x1.x673.n7                          1.26842
x1.x1.x673.n3                      3.74462e-08
x1.x1.n18                                    5
x1.x1.x781.qs                      7.29463e-08
x1.x1.x781.ckb                               5
x1.x1.x781.ckp                     2.08524e-08
x1.x1.x781.n16                               5
x1.x1.n23                          2.19645e-08
x1.x1.x781.n7                                5
x1.x1.x781.n8                                5
x1.x1.x781.qm                      2.60748e-08
x1.x1.x781.n10                     4.95105e-08
x1.x1.x781.n13                         4.14375
x1.x1.x781.n14                       0.0348167
x1.x1.x790.n3                      8.22975e-08
x1.x1.x790.n7                      4.11487e-08
x1.x1.n17                                    5
x1.x1.x804.qs                      7.29463e-08
x1.x1.x804.ckb                               5
x1.x1.x804.ckp                     2.08524e-08
x1.x1.x804.n16                               5
x1.x1.x804.n7                                5
x1.x1.x804.n8                                5
x1.x1.x804.qm                      2.60748e-08
x1.x1.x804.n10                     4.95105e-08
x1.x1.x804.n13                         4.14375
x1.x1.x804.n14                       0.0348167
x1.x1.n15                                    5
x1.x1.x808.qs                      7.29463e-08
x1.x1.x808.ckb                               5
x1.x1.x808.ckp                     2.08524e-08
x1.x1.x808.n16                               5
x1.x1.x808.n7                                5
x1.x1.x808.n8                                5
x1.x1.x808.qm                      2.60748e-08
x1.x1.x808.n10                     4.95105e-08
x1.x1.x808.n13                         4.14375
x1.x1.x808.n14                       0.0348167
x1.x1.n16                                    5
x1.x1.x810.qs                      7.29463e-08
x1.x1.x810.ckb                               5
x1.x1.x810.ckp                     2.08524e-08
x1.x1.x810.n16                               5
x1.x1.x810.n7                                5
x1.x1.x810.n8                                5
x1.x1.x810.qm                      2.60748e-08
x1.x1.x810.n10                     4.95105e-08
x1.x1.x810.n13                         4.14375
x1.x1.x810.n14                       0.0348167
x1.x1.x827.n6                        0.0169556
x1.x1.x827.n8                        0.0169556
x1.x1.x827.n7                        0.0503403
x1.x1.x828.n3                                5
x1.x1.x828.n5                                5
x1.x1.x828.n4                                5
x1.x1.x828.n6                                5
x1.x1.n110                                   5
x1.x1.x876.qs                      7.29463e-08
x1.x1.x876.ckb                               5
x1.x1.x876.ckp                     2.08524e-08
x1.x1.x876.n16                               5
x1.x1.n157                         2.19645e-08
x1.x1.x876.n7                                5
x1.x1.x876.n8                                5
x1.x1.x876.qm                      2.60748e-08
x1.x1.x876.n10                     4.95105e-08
x1.x1.x876.n13                         4.14375
x1.x1.x876.n14                       0.0348167
x1.x1.n134                                   5
x1.x1.x877.n8                      6.17262e-08
x1.x1.x877.n7                      1.23452e-07
x1.x1.x878.n8                          4.97062
x1.x1.x878.n7                          4.97062
x1.x1.n137                         7.92437e-09
x1.x1.x896.n6                        0.0348173
x1.x1.x899.n7                                5
x1.x1.x899.n5                                5
p6                                           0
x1.x1.x899.n3                          4.19619
x1.x1.x901.n6                        0.0348173
x1.x1.x926.n3                                5
x1.x1.x926.n5                                5
x1.x1.x926.n4                                5
x1.x1.x926.n6                                5
x1.x1.x932.n8                          4.98443
x1.x1.x932.n7                           4.9553
x1.x1.x936.n3                                5
x1.x1.x936.n5                                5
x1.x1.x936.n4                                5
x1.x1.x936.n6                                5
x1.x1.x939.n3                                5
x1.x1.x939.n5                                5
x1.x1.x939.n4                                5
x1.x1.x939.n6                                5
x1.x1.x949.n6                        0.0348173
x1.x1.x950.n7                                5
x1.x1.x950.n5                                5
p7                                           0
x1.x1.x950.n3                          4.19619
x1.x1.x952.n7                                5
x1.x1.x952.n5                                5
p4                                           0
x1.x1.x952.n3                          4.19619
x1.x1.x953.n7                                5
x1.x1.x953.n5                                5
p5                                           0
x1.x1.x953.n3                          4.19619
x1.x2.x4.n9                        1.31094e-08
x1.x2.x4.n8                                  5
x1.x2.x4.x5.n14                              5
x1.x2.x4.x5.n10                              5
x1.x2.x4.x5.n8                     1.43584e-08
x1.x2.x4.x5.n15                        4.96985
x1.x2.x4.x5.n13                     7.9466e-09
x1.x2.x4.x5.n16                    6.26479e-09
x1.x2.x5.n9                        1.31094e-08
x1.x2.x5.n8                                  5
x1.x2.x5.x5.n14                              5
x1.x2.x5.x5.n10                              5
x1.x2.x5.x5.n8                     1.43584e-08
x1.x2.x5.x5.n15                        4.96985
x1.x2.x5.x5.n13                     7.9466e-09
x1.x2.x5.x5.n16                    6.26479e-09
x1.x2.x6.n9                        1.31094e-08
x1.x2.x6.n8                                  5
x1.x2.x6.x5.n14                              5
x1.x2.x6.x5.n10                              5
x1.x2.x6.x5.n8                     1.43584e-08
x1.x2.x6.x5.n15                        4.96985
x1.x2.x6.x5.n13                     7.9466e-09
x1.x2.x6.x5.n16                    6.26479e-09
x1.x2.x7.n9                        1.31094e-08
x1.x2.x7.n8                                  5
x1.x2.x7.x5.n14                              5
x1.x2.x7.x5.n10                              5
x1.x2.x7.x5.n8                     1.43584e-08
x1.x2.x7.x5.n15                        4.96985
x1.x2.x7.x5.n13                     7.9466e-09
x1.x2.x7.x5.n16                    6.26479e-09
x1.x2.x8.n9                        1.31094e-08
x1.x2.x8.n8                                  5
x1.x2.x8.x5.n14                              5
x1.x2.x8.x5.n10                              5
x1.x2.x8.x5.n8                     1.43584e-08
x1.x2.x8.x5.n15                        4.96985
x1.x2.x8.x5.n13                     7.9466e-09
x1.x2.x8.x5.n16                    6.26479e-09
p10                                1.51104e-09
x1.x2.x10.n9                                 5
x1.x2.x10.n8                                 5
x1.x2.x10.x5.n14                   5.74274e-08
x1.x2.x10.x5.n10                             5
x1.x2.x10.x5.n8                              5
x1.x2.x10.x5.n15                       1.26672
x1.x2.x10.x5.n13                   3.77106e-08
x1.x2.x10.x5.n16                   2.87137e-08
x1.x2.x11.n9                       1.31094e-08
x1.x2.x11.n8                                 5
x1.x2.x11.x5.n14                             5
x1.x2.x11.x5.n10                             5
x1.x2.x11.x5.n8                    1.43584e-08
x1.x2.x11.x5.n15                       4.96985
x1.x2.x11.x5.n13                    7.9466e-09
x1.x2.x11.x5.n16                   6.26479e-09
p12                                1.51104e-09
x1.x2.x12.n9                                 5
x1.x2.x12.n8                                 5
x1.x2.x12.x5.n14                   5.74274e-08
x1.x2.x12.x5.n10                             5
x1.x2.x12.x5.n8                              5
x1.x2.x12.x5.n15                       1.26672
x1.x2.x12.x5.n13                   3.77106e-08
x1.x2.x12.x5.n16                   2.87137e-08
p11                                1.51104e-09
x1.x2.x13.n9                                 5
x1.x2.x13.n8                                 5
x1.x2.x13.x5.n14                   5.74274e-08
x1.x2.x13.x5.n10                             5
x1.x2.x13.x5.n8                              5
x1.x2.x13.x5.n15                       1.26672
x1.x2.x13.x5.n13                   3.77106e-08
x1.x2.x13.x5.n16                   2.87137e-08
p13                                1.51104e-09
x1.x2.x14.n9                                 5
x1.x2.x14.n8                                 5
x1.x2.x14.x5.n14                   5.74274e-08
x1.x2.x14.x5.n10                             5
x1.x2.x14.x5.n8                              5
x1.x2.x14.x5.n15                       1.26672
x1.x2.x14.x5.n13                   3.77106e-08
x1.x2.x14.x5.n16                   2.87137e-08
x1.x2.x15.n9                       1.31094e-08
x1.x2.x15.n8                                 5
x1.x2.x15.x5.n14                             5
x1.x2.x15.x5.n10                             5
x1.x2.x15.x5.n8                    1.43584e-08
x1.x2.x15.x5.n15                       4.96985
x1.x2.x15.x5.n13                    7.9466e-09
x1.x2.x15.x5.n16                   6.26479e-09
p15                                1.51104e-09
x1.x2.x16.n9                                 5
x1.x2.x16.n8                                 5
x1.x2.x16.x5.n14                   5.74274e-08
x1.x2.x16.x5.n10                             5
x1.x2.x16.x5.n8                              5
x1.x2.x16.x5.n15                       1.26672
x1.x2.x16.x5.n13                   3.77106e-08
x1.x2.x16.x5.n16                   2.87137e-08
x1.x2.x18.n9                       1.31094e-08
x1.x2.x18.n8                                 5
x1.x2.x18.x5.n14                             5
x1.x2.x18.x5.n10                             5
x1.x2.x18.x5.n8                    1.43584e-08
x1.x2.x18.x5.n15                       4.96985
x1.x2.x18.x5.n13                    7.9466e-09
x1.x2.x18.x5.n16                   6.26479e-09
x1.x2.x22.n9                       1.31094e-08
x1.x2.x22.n8                                 5
x1.x2.x22.x5.n14                             5
x1.x2.x22.x5.n10                             5
x1.x2.x22.x5.n8                    1.43584e-08
x1.x2.x22.x5.n15                       4.96985
x1.x2.x22.x5.n13                    7.9466e-09
x1.x2.x22.x5.n16                   6.26479e-09
vwr#branch                         1.70534e-11
vrst_n#branch                      1.70534e-11
vnibsel#branch                     1.70534e-11
vexec#branch                       1.70534e-11
vd3#branch                         1.70534e-11
vd2#branch                         1.70534e-11
vd1#branch                         1.70534e-11
vd0#branch                         1.70534e-11
vclk#branch                        1.70534e-11
vvss#branch                        1.21233e-10
vvdd#branch                        -0.00333414

 Reference value :  0.00000e+00 Reference value :  6.14000e-09 Reference value :  1.66400e-08 Reference value :  2.71400e-08 Reference value :  3.10141e-08 Reference value :  3.82778e-08 Reference value :  4.82778e-08 Reference value :  5.06697e-08 Reference value :  5.31448e-08 Reference value :  6.00994e-08 Reference value :  6.47566e-08 Reference value :  7.30813e-08 Reference value :  8.35813e-08 Reference value :  9.40813e-08 Reference value :  1.00165e-07 Reference value :  1.01008e-07 Reference value :  1.03627e-07 Reference value :  1.10734e-07 Reference value :  1.17591e-07 Reference value :  1.23110e-07 Reference value :  1.32110e-07 Reference value :  1.41610e-07 Reference value :  1.50006e-07 Reference value :  1.51064e-07 Reference value :  1.55540e-07 Reference value :  1.63946e-07 Reference value :  1.69195e-07 Reference value :  1.79195e-07 Reference value :  1.89695e-07 Reference value :  2.00000e-07 Reference value :  2.01042e-07 Reference value :  2.06375e-07 Reference value :  2.15875e-07 Reference value :  2.21337e-07 Reference value :  2.27837e-07 Reference value :  2.36337e-07 Reference value :  2.45837e-07 Reference value :  2.50285e-07 Reference value :  2.51548e-07 Reference value :  2.58673e-07 Reference value :  2.64569e-07 Reference value :  2.71646e-07 Reference value :  2.82646e-07 Reference value :  2.93646e-07 Reference value :  3.00141e-07 Reference value :  3.01241e-07 Reference value :  3.03850e-07 Reference value :  3.06364e-07 Reference value :  3.11419e-07 Reference value :  3.13462e-07 Reference value :  3.18115e-07 Reference value :  3.21272e-07 Reference value :  3.31272e-07 Reference value :  3.41772e-07 Reference value :  3.50003e-07 Reference value :  3.51002e-07 Reference value :  3.54191e-07 Reference value :  3.62560e-07 Reference value :  3.66230e-07 Reference value :  3.69297e-07 Reference value :  3.74077e-07 Reference value :  3.83577e-07 Reference value :  3.94077e-07 Reference value :  4.00231e-07 Reference value :  4.01375e-07 Reference value :  4.04785e-07 Reference value :  4.06934e-07 Reference value :  4.09783e-07 Reference value :  4.10800e-07 Reference value :  4.15502e-07 Reference value :  4.18758e-07 Reference value :  4.20743e-07 Reference value :  4.27814e-07 Reference value :  4.33969e-07 Reference value :  4.36677e-07 Reference value :  4.41693e-07 Reference value :  4.44539e-07 Reference value :  4.46994e-07 Reference value :  4.49119e-07 Reference value :  4.50141e-07 Reference value :  4.51069e-07 Reference value :  4.54253e-07 Reference value :  4.61983e-07 Reference value :  4.64525e-07 Reference value :  4.68937e-07 Reference value :  4.71319e-07 Reference value :  4.73453e-07 Reference value :  4.78411e-07 Reference value :  4.82948e-07 Reference value :  4.89788e-07 Reference value :  4.93877e-07 Reference value :  4.96820e-07 Reference value :  4.99603e-07 Reference value :  5.01001e-07 Reference value :  5.03688e-07 Reference value :  5.07524e-07 Reference value :  5.10135e-07 Reference value :  5.12350e-07 Reference value :  5.14950e-07 Reference value :  5.19149e-07 Reference value :  5.29115e-07 Reference value :  5.39615e-07 Reference value :  5.50000e-07 Reference value :  5.51000e-07 Reference value :  5.53788e-07 Reference value :  5.61980e-07 Reference value :  5.66371e-07 Reference value :  5.76871e-07 Reference value :  5.87871e-07 Reference value :  5.98871e-07 Reference value :  6.00822e-07 Reference value :  6.02852e-07 Reference value :  6.05174e-07 Reference value :  6.07673e-07 Reference value :  6.11363e-07 Reference value :  6.13619e-07 Reference value :  6.16126e-07 Reference value :  6.18792e-07 Reference value :  6.20721e-07 Reference value :  6.28359e-07 Reference value :  6.39359e-07 Reference value :  6.49859e-07 Reference value :  6.50912e-07 Reference value :  6.53786e-07 Reference value :  6.62484e-07 Reference value :  6.64865e-07 Reference value :  6.67088e-07 Reference value :  6.69341e-07 Reference value :  6.74141e-07 Reference value :  6.83141e-07 Reference value :  6.93141e-07 Reference value :  7.00036e-07 Reference value :  7.01015e-07 Reference value :  7.03615e-07 Reference value :  7.06025e-07 Reference value :  7.08528e-07 Reference value :  7.10863e-07 Reference value :  7.13138e-07 Reference value :  7.17528e-07 Reference value :  7.19238e-07 Reference value :  7.21126e-07 Reference value :  7.27866e-07 Reference value :  7.33245e-07 Reference value :  7.35424e-07 Reference value :  7.38725e-07 Reference value :  7.42638e-07 Reference value :  7.44247e-07 Reference value :  7.46835e-07 Reference value :  7.49131e-07 Reference value :  7.50377e-07 Reference value :  7.51112e-07 Reference value :  7.55079e-07 Reference value :  7.62622e-07 Reference value :  7.64699e-07 Reference value :  7.67095e-07 Reference value :  7.68846e-07 Reference value :  7.71377e-07 Reference value :  7.74182e-07 Reference value :  7.78729e-07 Reference value :  7.83313e-07 Reference value :  7.90150e-07 Reference value :  7.93953e-07 Reference value :  7.97583e-07 Reference value :  8.00000e-07 Reference value :  8.01011e-07 Reference value :  8.03747e-07 Reference value :  8.07495e-07 Reference value :  8.09749e-07 Reference value :  8.12713e-07 Reference value :  8.16532e-07 Reference value :  8.22364e-07 Reference value :  8.32364e-07 Reference value :  8.41864e-07 Reference value :  8.50002e-07 Reference value :  8.51013e-07 Reference value :  8.54912e-07 Reference value :  8.63325e-07 Reference value :  8.67726e-07 Reference value :  8.78226e-07 Reference value :  8.89226e-07 Reference value :  8.99726e-07 Reference value :  9.00921e-07 Reference value :  9.02888e-07 Reference value :  9.05189e-07 Reference value :  9.07670e-07 Reference value :  9.10851e-07 Reference value :  9.12879e-07 Reference value :  9.15141e-07 Reference value :  9.18055e-07 Reference value :  9.19849e-07 Reference value :  9.22834e-07 Reference value :  9.32834e-07 Reference value :  9.42834e-07 Reference value :  9.50007e-07 Reference value :  9.51007e-07 Reference value :  9.55174e-07 Reference value :  9.63076e-07 Reference value :  9.65932e-07 Reference value :  9.67444e-07 Reference value :  9.69800e-07 Reference value :  9.75138e-07 Reference value :  9.85138e-07 Reference value :  9.96138e-07 Reference value :  1.00058e-06 Reference value :  1.00191e-06 Reference value :  1.00507e-06 Reference value :  1.00720e-06 Reference value :  1.00970e-06 Reference value :  1.01174e-06 Reference value :  1.01761e-06 Reference value :  1.01960e-06 Reference value :  1.02383e-06 Reference value :  1.03228e-06 Reference value :  1.03462e-06 Reference value :  1.03656e-06 Reference value :  1.04161e-06 Reference value :  1.04382e-06 Reference value :  1.04596e-06 Reference value :  1.04817e-06 Reference value :  1.05000e-06 Reference value :  1.05100e-06 Reference value :  1.05328e-06 Reference value :  1.06065e-06 Reference value :  1.06410e-06 Reference value :  1.06864e-06 Reference value :  1.07128e-06 Reference value :  1.07358e-06 Reference value :  1.07618e-06 Reference value :  1.08049e-06 Reference value :  1.08690e-06 Reference value :  1.09245e-06 Reference value :  1.09498e-06 Reference value :  1.09737e-06 Reference value :  1.09982e-06 Reference value :  1.10105e-06 Reference value :  1.10353e-06 Reference value :  1.10751e-06 Reference value :  1.11012e-06 Reference value :  1.11215e-06 Reference value :  1.11472e-06 Reference value :  1.11828e-06 Reference value :  1.12727e-06 Reference value :  1.13827e-06 Reference value :  1.14927e-06 Reference value :  1.15083e-06 Reference value :  1.15315e-06 Reference value :  1.16009e-06 Reference value :  1.16503e-06 Reference value :  1.17402e-06 Reference value :  1.18502e-06 Reference value :  1.19602e-06 Reference value :  1.20073e-06 Reference value :  1.20248e-06 Reference value :  1.20518e-06 Reference value :  1.20754e-06 Reference value :  1.21142e-06 Reference value :  1.21426e-06 Reference value :  1.21775e-06 Reference value :  1.22033e-06 Reference value :  1.22673e-06 Reference value :  1.23623e-06 Reference value :  1.24673e-06 Reference value :  1.25053e-06 Reference value :  1.25147e-06 Reference value :  1.25673e-06 Reference value :  1.26382e-06 Reference value :  1.26628e-06 Reference value :  1.26827e-06 Reference value :  1.27430e-06 Reference value :  1.28430e-06 Reference value :  1.29480e-06 Reference value :  1.30015e-06 Reference value :  1.30110e-06 Reference value :  1.30451e-06 Reference value :  1.30643e-06 Reference value :  1.30936e-06 Reference value :  1.31177e-06 Reference value :  1.31397e-06 Reference value :  1.31758e-06 Reference value :  1.31929e-06 Reference value :  1.32093e-06 Reference value :  1.32737e-06 Reference value :  1.33332e-06 Reference value :  1.33546e-06 Reference value :  1.33881e-06 Reference value :  1.34233e-06 Reference value :  1.34437e-06 Reference value :  1.34647e-06 Reference value :  1.34851e-06 Reference value :  1.35000e-06 Reference value :  1.35073e-06 Reference value :  1.35121e-06 Reference value :  1.35482e-06 Reference value :  1.36176e-06 Reference value :  1.36397e-06 Reference value :  1.36647e-06 Reference value :  1.36809e-06 Reference value :  1.36953e-06 Reference value :  1.37210e-06 Reference value :  1.37449e-06 Reference value :  1.37804e-06 Reference value :  1.38048e-06 Reference value :  1.38758e-06 Reference value :  1.39412e-06 Reference value :  1.39619e-06 Reference value :  1.39876e-06 Reference value :  1.40079e-06 Reference value :  1.40194e-06 Reference value :  1.40393e-06 Reference value :  1.40581e-06 Reference value :  1.40819e-06 Reference value :  1.41126e-06 Reference value :  1.41411e-06 Reference value :  1.41804e-06 Reference value :  1.42632e-06 Reference value :  1.43732e-06 Reference value :  1.44782e-06 Reference value :  1.45072e-06 Reference value :  1.45313e-06 Reference value :  1.46004e-06 Reference value :  1.46503e-06 Reference value :  1.47403e-06 Reference value :  1.48453e-06 Reference value :  1.49503e-06 Reference value :  1.50062e-06 Reference value :  1.50213e-06 Reference value :  1.50518e-06 Reference value :  1.50781e-06 Reference value :  1.51147e-06 Reference value :  1.51426e-06 Reference value :  1.51774e-06 Reference value :  1.52032e-06 Reference value :  1.52669e-06 Reference value :  1.53719e-06 Reference value :  1.54719e-06 Reference value :  1.55070e-06 Reference value :  1.55319e-06 Reference value :  1.56067e-06 Reference value :  1.56472e-06 Reference value :  1.56668e-06 Reference value :  1.56874e-06 Reference value :  1.57578e-06 Reference value :  1.58578e-06 Reference value :  1.59578e-06 Reference value :  1.60034e-06 Reference value :  1.60121e-06 Reference value :  1.60450e-06 Reference value :  1.60736e-06 Reference value :  1.61008e-06 Reference value :  1.61171e-06 Reference value :  1.61754e-06 Reference value :  1.61944e-06 Reference value :  1.62343e-06 Reference value :  1.63288e-06 Reference value :  1.63509e-06 Reference value :  1.63989e-06 Reference value :  1.64296e-06 Reference value :  1.64562e-06 Reference value :  1.64745e-06 Reference value :  1.65000e-06 Reference value :  1.65091e-06 Reference value :  1.65237e-06 Reference value :  1.65481e-06 Reference value :  1.66242e-06 Reference value :  1.66447e-06 Reference value :  1.66886e-06 Reference value :  1.67073e-06 Reference value :  1.67287e-06 Reference value :  1.67585e-06 Reference value :  1.68044e-06 Reference value :  1.68743e-06 Reference value :  1.69404e-06 Reference value :  1.69566e-06 Reference value :  1.69863e-06 Reference value :  1.70051e-06 Reference value :  1.70208e-06 Reference value :  1.70379e-06 Reference value :  1.70560e-06 Reference value :  1.70853e-06 Reference value :  1.71113e-06 Reference value :  1.71373e-06 Reference value :  1.71833e-06 Reference value :  1.72585e-06 Reference value :  1.73635e-06 Reference value :  1.74685e-06 Reference value :  1.75058e-06 Reference value :  1.75269e-06 Reference value :  1.76067e-06 Reference value :  1.76527e-06 Reference value :  1.77398e-06 Reference value :  1.78498e-06 Reference value :  1.79598e-06 Reference value :  1.80013e-06 Reference value :  1.80123e-06 Reference value :  1.80424e-06 Reference value :  1.80749e-06 Reference value :  1.80921e-06 Reference value :  1.81036e-06 Reference value :  1.81220e-06 Reference value :  1.81469e-06 Reference value :  1.81841e-06 Reference value :  1.82065e-06 Reference value :  1.82473e-06 Reference value :  1.82921e-06 Reference value :  1.83223e-06 Reference value :  1.83500e-06 Reference value :  1.83693e-06 Reference value :  1.83889e-06 Reference value :  1.84050e-06 Reference value :  1.84221e-06 Reference value :  1.84424e-06 Reference value :  1.84597e-06 Reference value :  1.85059e-06 Reference value :  1.85269e-06 Reference value :  1.86067e-06 Reference value :  1.86484e-06 Reference value :  1.86798e-06 Reference value :  1.86967e-06 Reference value :  1.87203e-06 Reference value :  1.87341e-06 Reference value :  1.87521e-06 Reference value :  1.87696e-06 Reference value :  1.88033e-06 Reference value :  1.88504e-06 Reference value :  1.89138e-06 Reference value :  1.89486e-06 Reference value :  1.89760e-06 Reference value :  1.89981e-06 Reference value :  1.90100e-06 Reference value :  1.90285e-06 Reference value :  1.90438e-06 Reference value :  1.91079e-06 Reference value :  1.91737e-06 Reference value :  1.91908e-06 Reference value :  1.92047e-06 Reference value :  1.92620e-06 Reference value :  1.93720e-06 Reference value :  1.94820e-06 Reference value :  1.95090e-06 Reference value :  1.95350e-06 Reference value :  1.96167e-06 Reference value :  1.96521e-06 Reference value :  1.96700e-06 Reference value :  1.96826e-06 Reference value :  1.96964e-06 Reference value :  1.97136e-06 Reference value :  1.97338e-06 Reference value :  1.97772e-06 Reference value :  1.97994e-06 Reference value :  1.98670e-06 Reference value :  1.99232e-06 Reference value :  1.99484e-06 Reference value :  1.99681e-06 Reference value :  1.99948e-06 Reference value :  2.00100e-06 Reference value :  2.00288e-06 Reference value :  2.00460e-06 Reference value :  2.01172e-06 Reference value :  2.01754e-06 Reference value :  2.01948e-06 Reference value :  2.02128e-06 Reference value :  2.02969e-06 Reference value :  2.04069e-06 Reference value :  2.05000e-06 Reference value :  2.05102e-06 Reference value :  2.05567e-06 Reference value :  2.06380e-06 Reference value :  2.06627e-06 Reference value :  2.06794e-06 Reference value :  2.06947e-06 Reference value :  2.07136e-06 Reference value :  2.07362e-06 Reference value :  2.07646e-06 Reference value :  2.07856e-06 Reference value :  2.08085e-06 Reference value :  2.08770e-06 Reference value :  2.09363e-06 Reference value :  2.09719e-06 Reference value :  2.10003e-06 Reference value :  2.10159e-06 Reference value :  2.10421e-06 Reference value :  2.11019e-06 Reference value :  2.11729e-06 Reference value :  2.11907e-06 Reference value :  2.12089e-06 Reference value :  2.12827e-06 Reference value :  2.13877e-06 Reference value :  2.14927e-06 Reference value :  2.15083e-06 Reference value :  2.15349e-06 Reference value :  2.16061e-06 Reference value :  2.16449e-06 Reference value :  2.16638e-06 Reference value :  2.16806e-06 Reference value :  2.16981e-06 Reference value :  2.17170e-06 Reference value :  2.17449e-06 Reference value :  2.17785e-06 Reference value :  2.18009e-06 Reference value :  2.18641e-06 Reference value :  2.19242e-06 Reference value :  2.19480e-06 Reference value :  2.19716e-06 Reference value :  2.19923e-06 Reference value :  2.20100e-06 Reference value :  2.20383e-06 Reference value :  2.20577e-06 Reference value :  2.21132e-06 Reference value :  2.21752e-06 Reference value :  2.21980e-06 Reference value :  2.22131e-06 Reference value :  2.22973e-06 Reference value :  2.24023e-06 Reference value :  2.25000e-06 Reference value :  2.25103e-06 Reference value :  2.25506e-06 Reference value :  2.26297e-06 Reference value :  2.26616e-06 Reference value :  2.26845e-06 Reference value :  2.27242e-06 Reference value :  2.27446e-06 Reference value :  2.28115e-06 Reference value :  2.28459e-06 Reference value :  2.28903e-06 Reference value :  2.29030e-06 Reference value :  2.29315e-06 Reference value :  2.29539e-06 Reference value :  2.29713e-06 Reference value :  2.29867e-06 Reference value :  2.30007e-06 Reference value :  2.30143e-06 Reference value :  2.30831e-06 Reference value :  2.31623e-06 Reference value :  2.31882e-06 Reference value :  2.32034e-06 Reference value :  2.32570e-06 Reference value :  2.33620e-06 Reference value :  2.34720e-06 Reference value :  2.35068e-06 Reference value :  2.35351e-06 Reference value :  2.36217e-06 Reference value :  2.36544e-06 Reference value :  2.36723e-06 Reference value :  2.36880e-06 Reference value :  2.37094e-06 Reference value :  2.37295e-06 Reference value :  2.37529e-06 Reference value :  2.37694e-06 Reference value :  2.38030e-06 Reference value :  2.38659e-06 Reference value :  2.39331e-06 Reference value :  2.39564e-06 Reference value :  2.39833e-06 Reference value :  2.40026e-06 Reference value :  2.40176e-06 Reference value :  2.40377e-06 Reference value :  2.40678e-06 Reference value :  2.41621e-06 Reference value :  2.41881e-06 Reference value :  2.42034e-06 Reference value :  2.42520e-06 Reference value :  2.43520e-06 Reference value :  2.44520e-06 Reference value :  2.45020e-06 Reference value :  2.45137e-06 Reference value :  2.45767e-06 Reference value :  2.46380e-06 Reference value :  2.46627e-06 Reference value :  2.46795e-06 Reference value :  2.46946e-06 Reference value :  2.47119e-06 Reference value :  2.47301e-06 Reference value :  2.47721e-06 Reference value :  2.47966e-06 Reference value :  2.48617e-06 Reference value :  2.49229e-06 Reference value :  2.49481e-06 Reference value :  2.49718e-06 Reference value :  2.49967e-06 Reference value :  2.50100e-06 Reference value :  2.50278e-06 Reference value :  2.50436e-06 Reference value :  2.51013e-06 Reference value :  2.51755e-06 Reference value :  2.51968e-06 Reference value :  2.52129e-06 Reference value :  2.53120e-06 Reference value :  2.54220e-06 Reference value :  2.55003e-06 Reference value :  2.55114e-06 Reference value :  2.55611e-06 Reference value :  2.56376e-06 Reference value :  2.56628e-06 Reference value :  2.56777e-06 Reference value :  2.56925e-06 Reference value :  2.57113e-06 Reference value :  2.57328e-06 Reference value :  2.57579e-06 Reference value :  2.57837e-06 Reference value :  2.58084e-06 Reference value :  2.58719e-06 Reference value :  2.59293e-06 Reference value :  2.59533e-06 Reference value :  2.60000e-06 Reference value :  2.60101e-06 Reference value :  2.60370e-06 Reference value :  2.60977e-06 Reference value :  2.61735e-06 Reference value :  2.61924e-06 Reference value :  2.62086e-06 Reference value :  2.62871e-06 Reference value :  2.63921e-06 Reference value :  2.64921e-06 Reference value :  2.65091e-06 Reference value :  2.65348e-06 Reference value :  2.66106e-06 Reference value :  2.66493e-06 Reference value :  2.66666e-06 Reference value :  2.66842e-06 Reference value :  2.67024e-06 Reference value :  2.67209e-06 Reference value :  2.67472e-06 Reference value :  2.67810e-06 Reference value :  2.68030e-06 Reference value :  2.68687e-06 Reference value :  2.69269e-06 Reference value :  2.69500e-06 Reference value :  2.69728e-06 Reference value :  2.69942e-06 Reference value :  2.70083e-06 Reference value :  2.70265e-06 Reference value :  2.70493e-06 Reference value :  2.70717e-06 Reference value :  2.71425e-06 Reference value :  2.71864e-06 Reference value :  2.72066e-06 Reference value :  2.72672e-06 Reference value :  2.73672e-06 Reference value :  2.74622e-06 Reference value :  2.75054e-06 Reference value :  2.75254e-06 Reference value :  2.75883e-06 Reference value :  2.76407e-06 Reference value :  2.76643e-06 Reference value :  2.76946e-06 Reference value :  2.77301e-06 Reference value :  2.77614e-06 Reference value :  2.78256e-06 Reference value :  2.78577e-06 Reference value :  2.78953e-06 Reference value :  2.79157e-06 Reference value :  2.79438e-06 Reference value :  2.79621e-06 Reference value :  2.79769e-06 Reference value :  2.79904e-06 Reference value :  2.80045e-06 Reference value :  2.80275e-06 Reference value :  2.81175e-06 Reference value :  2.81733e-06 Reference value :  2.81929e-06 Reference value :  2.82108e-06 Reference value :  2.82972e-06 Reference value :  2.84072e-06 Reference value :  2.85000e-06 Reference value :  2.85101e-06 Reference value :  2.85449e-06 Reference value :  2.86239e-06 Reference value :  2.86503e-06 Reference value :  2.86697e-06 Reference value :  2.86870e-06 Reference value :  2.87077e-06 Reference value :  2.87298e-06 Reference value :  2.87493e-06 Reference value :  2.87677e-06 Reference value :  2.87999e-06 Reference value :  2.88444e-06 Reference value :  2.89128e-06 Reference value :  2.89478e-06 Reference value :  2.89727e-06 Reference value :  2.89950e-06 Reference value :  2.90100e-06 Reference value :  2.90306e-06 Reference value :  2.90474e-06 Reference value :  2.91223e-06 Reference value :  2.91755e-06 Reference value :  2.91949e-06 Reference value :  2.92129e-06 Reference value :  2.93120e-06 Reference value :  2.94170e-06 Reference value :  2.95000e-06 Reference value :  2.95101e-06 Reference value :  2.95517e-06 Reference value :  2.96308e-06 Reference value :  2.96611e-06 Reference value :  2.96777e-06 Reference value :  2.96926e-06 Reference value :  2.97106e-06 Reference value :  2.97256e-06 Reference value :  2.97683e-06 Reference value :  2.97945e-06 Reference value :  2.98525e-06 Reference value :  2.99156e-06 Reference value :  2.99435e-06 Reference value :  2.99612e-06 Reference value :  2.99891e-06 Reference value :  3.00041e-06 Reference value :  3.00168e-06 Reference value :  3.00362e-06 Reference value :  3.00681e-06 Reference value :  3.01623e-06 Reference value :  3.01882e-06 Reference value :  3.02034e-06 Reference value :  3.02569e-06 Reference value :  3.03669e-06 Reference value :  3.04769e-06 Reference value :  3.05080e-06 Reference value :  3.05352e-06 Reference value :  3.06167e-06 Reference value :  3.06544e-06 Reference value :  3.06723e-06 Reference value :  3.06879e-06 Reference value :  3.07091e-06 Reference value :  3.07315e-06 Reference value :  3.07579e-06 Reference value :  3.07838e-06 Reference value :  3.08064e-06 Reference value :  3.08670e-06 Reference value :  3.09255e-06 Reference value :  3.09533e-06 Reference value :  3.10000e-06 Reference value :  3.10101e-06 Reference value :  3.10370e-06 Reference value :  3.10977e-06 Reference value :  3.11706e-06 Reference value :  3.11894e-06 Reference value :  3.12047e-06 Reference value :  3.12670e-06 Reference value :  3.13720e-06 Reference value :  3.14770e-06
No. of Data Rows : 9910
=== OUT (out3 out2 out1 out0) / CF
o0_0                =  4.999998e+00
o1_0                =  4.999998e+00
o2_0                =  1.484687e-09
o3_0                =  1.502911e-09
cf_0                =  1.506407e-09
o0_1                =  1.332023e-08
o1_1                =  5.000000e+00
o2_1                =  4.999998e+00
o3_1                =  1.488366e-09
cf_1                =  1.505675e-09
o0_2                =  1.509905e-09
o1_2                =  1.270344e-08
o2_2                =  5.000000e+00
o3_2                =  4.999998e+00
cf_2                =  1.506768e-09
o0_3                =  1.509993e-09
o1_3                =  1.513939e-09
o2_3                =  1.356134e-08
o3_3                =  5.000000e+00
cf_3                =  1.466465e-09
o0_4                =  1.507312e-09
o1_4                =  1.504136e-09
o2_4                =  1.507604e-09
o3_4                =  5.000000e+00
cf_4                =  1.502333e-09
o0_5                =  4.999998e+00
o1_5                =  4.999998e+00
o2_5                =  1.486114e-09
o3_5                =  1.297165e-08
cf_5                =  1.506380e-09
o0_6                =  1.329407e-08
o1_6                =  5.000000e+00
o2_6                =  4.999998e+00
o3_6                =  1.493100e-09
cf_6                =  1.505533e-09
o0_7                =  1.509912e-09
o1_7                =  1.265452e-08
o2_7                =  5.000000e+00
o3_7                =  4.999998e+00
cf_7                =  1.506809e-09
o0_8                =  1.510145e-09
o1_8                =  1.514089e-09
o2_8                =  1.357134e-08
o3_8                =  5.000000e+00
cf_8                =  1.466965e-09
o0_9                =  1.507357e-09
o1_9                =  1.504185e-09
o2_9                =  1.507667e-09
o3_9                =  5.000000e+00
cf_9                =  1.502378e-09
o0_10               =  4.999998e+00
o1_10               =  4.999998e+00
o2_10               =  1.486328e-09
o3_10               =  1.294630e-08
cf_10               =  1.506378e-09
o0_11               =  1.325575e-08
o1_11               =  5.000000e+00
o2_11               =  4.999998e+00
o3_11               =  1.493075e-09
cf_11               =  1.505655e-09
Note: Simulation executed from .control section 
