
Note: No compatibility mode selected!


Circuit: * reg8x16 add[3] -> q  入力遷移 4.0ns rise  -- char_mem.py 生成

Doing analysis at TEMP = 25.000000 and TNOM = 27.000000

Using SPARSE 1.3 as Direct Linear Solver

Initial Transient Solution
--------------------------

Node                                   Voltage
----                                   -------
vdd                                          5
vss                                          0
a0s                                          0
a0                                           0
a1s                                          0
a1                                           0
a2s                                          0
a2                                           0
a3s                                          0
a3                                           0
d0s                                          0
dd0                                          0
d1s                                          0
dd1                                          0
d2s                                          0
dd2                                          0
d3s                                          0
dd3                                          0
d4s                                          0
dd4                                          0
d5s                                          0
dd5                                          0
d6s                                          0
dd6                                          0
d7s                                          0
dd7                                          0
webs                                         5
web                                          5
xu.ab0                                       5
xu.a0                              1.93326e-08
xu.ab1                                       5
xu.a1                              1.93326e-08
xu.ab2                                       5
xu.a2                              1.93326e-08
xu.ab3                                       5
xu.a3                              1.93326e-08
xu.xaddbuf.wt                      1.93326e-08
xu.webi                                      5
xu.rdb0                            2.22723e-07
xu.xdec2_0.s1_e                    5.56808e-08
xu.xdec2_0.s2_e                    1.11362e-07
xu.xdec2_0.s3_e                    1.67042e-07
xu.rd0                                       5
xu.xdec2_0.p1_e                        1.25668
xu.wr0                             2.46135e-08
xu.wrb0                                      5
xu.rdb1                                      5
xu.xdec2_0.s1_o                    5.59803e-09
xu.xdec2_0.s2_o                    1.11961e-08
xu.xdec2_0.s3_o                    1.67941e-08
xu.rd1                             1.39202e-08
xu.xdec2_0.p1_o                        4.96989
xu.wr1                             5.19598e-09
xu.wrb1                                      5
xu.rdb2                                      5
xu.xdec2_1.s1_e                    5.24968e-09
xu.xdec2_1.s2_e                    1.04994e-08
xu.xdec2_1.s3_e                         4.1675
xu.rd2                             1.39202e-08
xu.xdec2_1.p1_e                        4.96989
xu.wr2                             5.19598e-09
xu.wrb2                                      5
xu.rdb3                                      5
xu.xdec2_1.s1_o                    2.64295e-09
xu.xdec2_1.s2_o                    5.28591e-09
xu.xdec2_1.s3_o                       0.035135
xu.rd3                             1.39202e-08
xu.xdec2_1.p1_o                        4.96989
xu.wr3                             5.19598e-09
xu.wrb3                                      5
xu.rdb4                                      5
xu.xdec2_2.s1_e                    5.22621e-09
xu.xdec2_2.s2_e                        4.10765
xu.xdec2_2.s3_e                        4.12709
xu.rd4                             1.39202e-08
xu.xdec2_2.p1_e                        4.96989
xu.wr4                             5.19598e-09
xu.wrb4                                      5
xu.rdb5                                      5
xu.xdec2_2.s1_o                    2.60382e-09
xu.xdec2_2.s2_o                      0.0340425
xu.xdec2_2.s3_o                      0.0340425
xu.rd5                             1.39202e-08
xu.xdec2_2.p1_o                        4.96989
xu.wr5                             5.19598e-09
xu.wrb5                                      5
xu.rdb6                                      5
xu.xdec2_3.s1_e                    2.57605e-09
xu.xdec2_3.s2_e                      0.0332974
xu.xdec2_3.s3_e                        4.17952
xu.rd6                             1.39202e-08
xu.xdec2_3.p1_e                        4.96989
xu.wr6                             5.19598e-09
xu.wrb6                                      5
xu.rdb7                                      5
xu.xdec2_3.s1_o                    1.75568e-09
xu.xdec2_3.s2_o                       0.017862
xu.xdec2_3.s3_o                      0.0519102
xu.rd7                             1.39202e-08
xu.xdec2_3.p1_o                        4.96989
xu.wr7                             5.19598e-09
xu.wrb7                                      5
xu.rdb8                                      5
xu.xdec2_4.s1_e                        4.06719
xu.xdec2_4.s2_e                        4.07705
xu.xdec2_4.s3_e                        4.10095
xu.rd8                             1.39202e-08
xu.xdec2_4.p1_e                        4.96989
xu.wr8                             5.19598e-09
xu.wrb8                                      5
xu.rdb9                                      5
xu.xdec2_4.s1_o                      0.0330438
xu.xdec2_4.s2_o                      0.0330438
xu.xdec2_4.s3_o                      0.0330438
xu.rd9                             1.39202e-08
xu.xdec2_4.p1_o                        4.96989
xu.wr9                             5.19598e-09
xu.wrb9                                      5
xu.rdb10                                     5
xu.xdec2_5.s1_e                      0.0322762
xu.xdec2_5.s2_e                      0.0322762
xu.xdec2_5.s3_e                        4.17924
xu.rd10                            1.39202e-08
xu.xdec2_5.p1_e                        4.96989
xu.wr10                            5.19598e-09
xu.wrb10                                     5
xu.rdb11                                     5
xu.xdec2_5.s1_o                      0.0173948
xu.xdec2_5.s2_o                      0.0173948
xu.xdec2_5.s3_o                      0.0514801
xu.rd11                            1.39202e-08
xu.xdec2_5.p1_o                        4.96989
xu.wr11                            5.19598e-09
xu.wrb11                                     5
xu.rdb12                                     5
xu.xdec2_6.s1_e                      0.0331619
xu.xdec2_6.s2_e                        4.11588
xu.xdec2_6.s3_e                        4.13392
xu.rd12                            1.39202e-08
xu.xdec2_6.p1_e                        4.96989
xu.wr12                            5.19598e-09
xu.wrb12                                     5
xu.rdb13                                     5
xu.xdec2_6.s1_o                      0.0173591
xu.xdec2_6.s2_o                      0.0493255
xu.xdec2_6.s3_o                      0.0493255
xu.rd13                            1.39202e-08
xu.xdec2_6.p1_o                        4.96989
xu.wr13                            5.19598e-09
xu.wrb13                                     5
xu.rdb14                                     5
xu.xdec2_7.s1_e                       0.017437
xu.xdec2_7.s2_e                      0.0497133
xu.xdec2_7.s3_e                        4.18339
xu.rd14                            1.39202e-08
xu.xdec2_7.p1_e                        4.96989
xu.wr14                            5.19598e-09
xu.wrb14                                     5
xu.rdb15                                     5
xu.xdec2_7.s1_o                      0.0120365
xu.xdec2_7.s2_o                      0.0291425
xu.xdec2_7.s3_o                      0.0621238
xu.rd15                            1.39202e-08
xu.xdec2_7.p1_o                        4.96989
xu.wr15                            5.19598e-09
xu.wrb15                                     5
xu.dl0                             2.83926e-07
xu.xt00_0.n3                                 5
xu.xt00_0.n1                       1.59197e-08
xu.xt00_0.n2                                 5
xu.xt00_0.n4                                 5
xu.ql0                                       5
xu.dl1                             2.83926e-07
xu.xt00_1.n3                                 5
xu.xt00_1.n1                       1.59197e-08
xu.xt00_1.n2                                 5
xu.xt00_1.n4                                 5
xu.ql1                                       5
xu.dl2                             2.83926e-07
xu.xt00_2.n3                                 5
xu.xt00_2.n1                       1.59197e-08
xu.xt00_2.n2                                 5
xu.xt00_2.n4                                 5
xu.ql2                                       5
xu.dl3                             2.83926e-07
xu.xt00_3.n3                                 5
xu.xt00_3.n1                       1.59197e-08
xu.xt00_3.n2                                 5
xu.xt00_3.n4                                 5
xu.ql3                                       5
xu.dl4                             2.83926e-07
xu.xt00_4.n3                                 5
xu.xt00_4.n1                       1.59197e-08
xu.xt00_4.n2                                 5
xu.xt00_4.n4                                 5
xu.ql4                                       5
xu.dl5                             2.83926e-07
xu.xt00_5.n3                                 5
xu.xt00_5.n1                       1.59197e-08
xu.xt00_5.n2                                 5
xu.xt00_5.n4                                 5
xu.ql5                                       5
xu.dl6                             2.83926e-07
xu.xt00_6.n3                                 5
xu.xt00_6.n1                       1.59197e-08
xu.xt00_6.n2                                 5
xu.xt00_6.n4                                 5
xu.ql6                                       5
xu.dl7                             2.83926e-07
xu.xt00_7.n3                                 5
xu.xt00_7.n1                       1.59197e-08
xu.xt00_7.n2                                 5
xu.xt00_7.n4                                 5
xu.ql7                                       5
xu.xt01_0.n3                                 5
xu.xt01_0.n1                       1.59197e-08
xu.xt01_0.n2                                 5
xu.xt01_0.n4                                 5
xu.xt01_1.n3                                 5
xu.xt01_1.n1                       1.59197e-08
xu.xt01_1.n2                                 5
xu.xt01_1.n4                                 5
xu.xt01_2.n3                                 5
xu.xt01_2.n1                       1.59197e-08
xu.xt01_2.n2                                 5
xu.xt01_2.n4                                 5
xu.xt01_3.n3                                 5
xu.xt01_3.n1                       1.59197e-08
xu.xt01_3.n2                                 5
xu.xt01_3.n4                                 5
xu.xt01_4.n3                                 5
xu.xt01_4.n1                       1.59197e-08
xu.xt01_4.n2                                 5
xu.xt01_4.n4                                 5
xu.xt01_5.n3                                 5
xu.xt01_5.n1                       1.59197e-08
xu.xt01_5.n2                                 5
xu.xt01_5.n4                                 5
xu.xt01_6.n3                                 5
xu.xt01_6.n1                       1.59197e-08
xu.xt01_6.n2                                 5
xu.xt01_6.n4                                 5
xu.xt01_7.n3                                 5
xu.xt01_7.n1                       1.59197e-08
xu.xt01_7.n2                                 5
xu.xt01_7.n4                                 5
xu.xt02_0.n3                                 5
xu.xt02_0.n1                       1.59197e-08
xu.xt02_0.n2                                 5
xu.xt02_0.n4                                 5
xu.xt02_1.n3                                 5
xu.xt02_1.n1                       1.59197e-08
xu.xt02_1.n2                                 5
xu.xt02_1.n4                                 5
xu.xt02_2.n3                                 5
xu.xt02_2.n1                       1.59197e-08
xu.xt02_2.n2                                 5
xu.xt02_2.n4                                 5
xu.xt02_3.n3                                 5
xu.xt02_3.n1                       1.59197e-08
xu.xt02_3.n2                                 5
xu.xt02_3.n4                                 5
xu.xt02_4.n3                                 5
xu.xt02_4.n1                       1.59197e-08
xu.xt02_4.n2                                 5
xu.xt02_4.n4                                 5
xu.xt02_5.n3                                 5
xu.xt02_5.n1                       1.59197e-08
xu.xt02_5.n2                                 5
xu.xt02_5.n4                                 5
xu.xt02_6.n3                                 5
xu.xt02_6.n1                       1.59197e-08
xu.xt02_6.n2                                 5
xu.xt02_6.n4                                 5
xu.xt02_7.n3                                 5
xu.xt02_7.n1                       1.59197e-08
xu.xt02_7.n2                                 5
xu.xt02_7.n4                                 5
xu.xt03_0.n3                                 5
xu.xt03_0.n1                       1.59197e-08
xu.xt03_0.n2                                 5
xu.xt03_0.n4                                 5
xu.xt03_1.n3                                 5
xu.xt03_1.n1                       1.59197e-08
xu.xt03_1.n2                                 5
xu.xt03_1.n4                                 5
xu.xt03_2.n3                                 5
xu.xt03_2.n1                       1.59197e-08
xu.xt03_2.n2                                 5
xu.xt03_2.n4                                 5
xu.xt03_3.n3                                 5
xu.xt03_3.n1                       1.59197e-08
xu.xt03_3.n2                                 5
xu.xt03_3.n4                                 5
xu.xt03_4.n3                                 5
xu.xt03_4.n1                       1.59197e-08
xu.xt03_4.n2                                 5
xu.xt03_4.n4                                 5
xu.xt03_5.n3                                 5
xu.xt03_5.n1                       1.59197e-08
xu.xt03_5.n2                                 5
xu.xt03_5.n4                                 5
xu.xt03_6.n3                                 5
xu.xt03_6.n1                       1.59197e-08
xu.xt03_6.n2                                 5
xu.xt03_6.n4                                 5
xu.xt03_7.n3                                 5
xu.xt03_7.n1                       1.59197e-08
xu.xt03_7.n2                                 5
xu.xt03_7.n4                                 5
xu.xt04_0.n3                                 5
xu.xt04_0.n1                       1.59197e-08
xu.xt04_0.n2                                 5
xu.xt04_0.n4                                 5
xu.xt04_1.n3                                 5
xu.xt04_1.n1                       1.59197e-08
xu.xt04_1.n2                                 5
xu.xt04_1.n4                                 5
xu.xt04_2.n3                                 5
xu.xt04_2.n1                       1.59197e-08
xu.xt04_2.n2                                 5
xu.xt04_2.n4                                 5
xu.xt04_3.n3                                 5
xu.xt04_3.n1                       1.59197e-08
xu.xt04_3.n2                                 5
xu.xt04_3.n4                                 5
xu.xt04_4.n3                                 5
xu.xt04_4.n1                       1.59197e-08
xu.xt04_4.n2                                 5
xu.xt04_4.n4                                 5
xu.xt04_5.n3                                 5
xu.xt04_5.n1                       1.59197e-08
xu.xt04_5.n2                                 5
xu.xt04_5.n4                                 5
xu.xt04_6.n3                                 5
xu.xt04_6.n1                       1.59197e-08
xu.xt04_6.n2                                 5
xu.xt04_6.n4                                 5
xu.xt04_7.n3                                 5
xu.xt04_7.n1                       1.59197e-08
xu.xt04_7.n2                                 5
xu.xt04_7.n4                                 5
xu.xt05_0.n3                                 5
xu.xt05_0.n1                       1.59197e-08
xu.xt05_0.n2                                 5
xu.xt05_0.n4                                 5
xu.xt05_1.n3                                 5
xu.xt05_1.n1                       1.59197e-08
xu.xt05_1.n2                                 5
xu.xt05_1.n4                                 5
xu.xt05_2.n3                                 5
xu.xt05_2.n1                       1.59197e-08
xu.xt05_2.n2                                 5
xu.xt05_2.n4                                 5
xu.xt05_3.n3                                 5
xu.xt05_3.n1                       1.59197e-08
xu.xt05_3.n2                                 5
xu.xt05_3.n4                                 5
xu.xt05_4.n3                                 5
xu.xt05_4.n1                       1.59197e-08
xu.xt05_4.n2                                 5
xu.xt05_4.n4                                 5
xu.xt05_5.n3                                 5
xu.xt05_5.n1                       1.59197e-08
xu.xt05_5.n2                                 5
xu.xt05_5.n4                                 5
xu.xt05_6.n3                                 5
xu.xt05_6.n1                       1.59197e-08
xu.xt05_6.n2                                 5
xu.xt05_6.n4                                 5
xu.xt05_7.n3                                 5
xu.xt05_7.n1                       1.59197e-08
xu.xt05_7.n2                                 5
xu.xt05_7.n4                                 5
xu.xt06_0.n3                                 5
xu.xt06_0.n1                       1.59197e-08
xu.xt06_0.n2                                 5
xu.xt06_0.n4                                 5
xu.xt06_1.n3                                 5
xu.xt06_1.n1                       1.59197e-08
xu.xt06_1.n2                                 5
xu.xt06_1.n4                                 5
xu.xt06_2.n3                                 5
xu.xt06_2.n1                       1.59197e-08
xu.xt06_2.n2                                 5
xu.xt06_2.n4                                 5
xu.xt06_3.n3                                 5
xu.xt06_3.n1                       1.59197e-08
xu.xt06_3.n2                                 5
xu.xt06_3.n4                                 5
xu.xt06_4.n3                                 5
xu.xt06_4.n1                       1.59197e-08
xu.xt06_4.n2                                 5
xu.xt06_4.n4                                 5
xu.xt06_5.n3                                 5
xu.xt06_5.n1                       1.59197e-08
xu.xt06_5.n2                                 5
xu.xt06_5.n4                                 5
xu.xt06_6.n3                                 5
xu.xt06_6.n1                       1.59197e-08
xu.xt06_6.n2                                 5
xu.xt06_6.n4                                 5
xu.xt06_7.n3                                 5
xu.xt06_7.n1                       1.59197e-08
xu.xt06_7.n2                                 5
xu.xt06_7.n4                                 5
xu.xt07_0.n3                       7.41121e-08
xu.xt07_0.n1                                 5
xu.xt07_0.n2                       5.08351e-08
xu.xt07_0.n4                       3.73554e-08
xu.xt07_1.n3                       7.41121e-08
xu.xt07_1.n1                                 5
xu.xt07_1.n2                       5.08351e-08
xu.xt07_1.n4                       3.73554e-08
xu.xt07_2.n3                       7.41121e-08
xu.xt07_2.n1                                 5
xu.xt07_2.n2                       5.08351e-08
xu.xt07_2.n4                       3.73554e-08
xu.xt07_3.n3                       7.41121e-08
xu.xt07_3.n1                                 5
xu.xt07_3.n2                       5.08351e-08
xu.xt07_3.n4                       3.73554e-08
xu.xt07_4.n3                       7.41121e-08
xu.xt07_4.n1                                 5
xu.xt07_4.n2                       5.08351e-08
xu.xt07_4.n4                       3.73554e-08
xu.xt07_5.n3                       7.41121e-08
xu.xt07_5.n1                                 5
xu.xt07_5.n2                       5.08351e-08
xu.xt07_5.n4                       3.73554e-08
xu.xt07_6.n3                       7.41121e-08
xu.xt07_6.n1                                 5
xu.xt07_6.n2                       5.08351e-08
xu.xt07_6.n4                       3.73554e-08
xu.xt07_7.n3                       7.41121e-08
xu.xt07_7.n1                                 5
xu.xt07_7.n2                       5.08351e-08
xu.xt07_7.n4                       3.73554e-08
xu.xt08_0.n3                                 5
xu.xt08_0.n1                       1.59197e-08
xu.xt08_0.n2                                 5
xu.xt08_0.n4                                 5
xu.xt08_1.n3                                 5
xu.xt08_1.n1                       1.59197e-08
xu.xt08_1.n2                                 5
xu.xt08_1.n4                                 5
xu.xt08_2.n3                                 5
xu.xt08_2.n1                       1.59197e-08
xu.xt08_2.n2                                 5
xu.xt08_2.n4                                 5
xu.xt08_3.n3                                 5
xu.xt08_3.n1                       1.59197e-08
xu.xt08_3.n2                                 5
xu.xt08_3.n4                                 5
xu.xt08_4.n3                                 5
xu.xt08_4.n1                       1.59197e-08
xu.xt08_4.n2                                 5
xu.xt08_4.n4                                 5
xu.xt08_5.n3                                 5
xu.xt08_5.n1                       1.59197e-08
xu.xt08_5.n2                                 5
xu.xt08_5.n4                                 5
xu.xt08_6.n3                                 5
xu.xt08_6.n1                       1.59197e-08
xu.xt08_6.n2                                 5
xu.xt08_6.n4                                 5
xu.xt08_7.n3                                 5
xu.xt08_7.n1                       1.59197e-08
xu.xt08_7.n2                                 5
xu.xt08_7.n4                                 5
xu.xt09_0.n3                       7.41121e-08
xu.xt09_0.n1                                 5
xu.xt09_0.n2                       5.08351e-08
xu.xt09_0.n4                       3.73554e-08
xu.xt09_1.n3                       7.41121e-08
xu.xt09_1.n1                                 5
xu.xt09_1.n2                       5.08351e-08
xu.xt09_1.n4                       3.73554e-08
xu.xt09_2.n3                       7.41121e-08
xu.xt09_2.n1                                 5
xu.xt09_2.n2                       5.08351e-08
xu.xt09_2.n4                       3.73554e-08
xu.xt09_3.n3                       7.41121e-08
xu.xt09_3.n1                                 5
xu.xt09_3.n2                       5.08351e-08
xu.xt09_3.n4                       3.73554e-08
xu.xt09_4.n3                       7.41121e-08
xu.xt09_4.n1                                 5
xu.xt09_4.n2                       5.08351e-08
xu.xt09_4.n4                       3.73554e-08
xu.xt09_5.n3                       7.41121e-08
xu.xt09_5.n1                                 5
xu.xt09_5.n2                       5.08351e-08
xu.xt09_5.n4                       3.73554e-08
xu.xt09_6.n3                       7.41121e-08
xu.xt09_6.n1                                 5
xu.xt09_6.n2                       5.08351e-08
xu.xt09_6.n4                       3.73554e-08
xu.xt09_7.n3                       7.41121e-08
xu.xt09_7.n1                                 5
xu.xt09_7.n2                       5.08351e-08
xu.xt09_7.n4                       3.73554e-08
xu.xt10_0.n3                       7.41121e-08
xu.xt10_0.n1                                 5
xu.xt10_0.n2                       5.08351e-08
xu.xt10_0.n4                       3.73554e-08
xu.xt10_1.n3                       7.41121e-08
xu.xt10_1.n1                                 5
xu.xt10_1.n2                       5.08351e-08
xu.xt10_1.n4                       3.73554e-08
xu.xt10_2.n3                       7.41121e-08
xu.xt10_2.n1                                 5
xu.xt10_2.n2                       5.08351e-08
xu.xt10_2.n4                       3.73554e-08
xu.xt10_3.n3                       7.41121e-08
xu.xt10_3.n1                                 5
xu.xt10_3.n2                       5.08351e-08
xu.xt10_3.n4                       3.73554e-08
xu.xt10_4.n3                       7.41121e-08
xu.xt10_4.n1                                 5
xu.xt10_4.n2                       5.08351e-08
xu.xt10_4.n4                       3.73554e-08
xu.xt10_5.n3                       7.41121e-08
xu.xt10_5.n1                                 5
xu.xt10_5.n2                       5.08351e-08
xu.xt10_5.n4                       3.73554e-08
xu.xt10_6.n3                       7.41121e-08
xu.xt10_6.n1                                 5
xu.xt10_6.n2                       5.08351e-08
xu.xt10_6.n4                       3.73554e-08
xu.xt10_7.n3                       7.41121e-08
xu.xt10_7.n1                                 5
xu.xt10_7.n2                       5.08351e-08
xu.xt10_7.n4                       3.73554e-08
xu.xt11_0.n3                       7.41121e-08
xu.xt11_0.n1                                 5
xu.xt11_0.n2                       5.08351e-08
xu.xt11_0.n4                       3.73554e-08
xu.xt11_1.n3                       7.41121e-08
xu.xt11_1.n1                                 5
xu.xt11_1.n2                       5.08351e-08
xu.xt11_1.n4                       3.73554e-08
xu.xt11_2.n3                       7.41121e-08
xu.xt11_2.n1                                 5
xu.xt11_2.n2                       5.08351e-08
xu.xt11_2.n4                       3.73554e-08
xu.xt11_3.n3                       7.41121e-08
xu.xt11_3.n1                                 5
xu.xt11_3.n2                       5.08351e-08
xu.xt11_3.n4                       3.73554e-08
xu.xt11_4.n3                       7.41121e-08
xu.xt11_4.n1                                 5
xu.xt11_4.n2                       5.08351e-08
xu.xt11_4.n4                       3.73554e-08
xu.xt11_5.n3                       7.41121e-08
xu.xt11_5.n1                                 5
xu.xt11_5.n2                       5.08351e-08
xu.xt11_5.n4                       3.73554e-08
xu.xt11_6.n3                       7.41121e-08
xu.xt11_6.n1                                 5
xu.xt11_6.n2                       5.08351e-08
xu.xt11_6.n4                       3.73554e-08
xu.xt11_7.n3                       7.41121e-08
xu.xt11_7.n1                                 5
xu.xt11_7.n2                       5.08351e-08
xu.xt11_7.n4                       3.73554e-08
xu.xt12_0.n3                       7.41121e-08
xu.xt12_0.n1                                 5
xu.xt12_0.n2                       5.08351e-08
xu.xt12_0.n4                       3.73554e-08
xu.xt12_1.n3                       7.41121e-08
xu.xt12_1.n1                                 5
xu.xt12_1.n2                       5.08351e-08
xu.xt12_1.n4                       3.73554e-08
xu.xt12_2.n3                       7.41121e-08
xu.xt12_2.n1                                 5
xu.xt12_2.n2                       5.08351e-08
xu.xt12_2.n4                       3.73554e-08
xu.xt12_3.n3                       7.41121e-08
xu.xt12_3.n1                                 5
xu.xt12_3.n2                       5.08351e-08
xu.xt12_3.n4                       3.73554e-08
xu.xt12_4.n3                       7.41121e-08
xu.xt12_4.n1                                 5
xu.xt12_4.n2                       5.08351e-08
xu.xt12_4.n4                       3.73554e-08
xu.xt12_5.n3                       7.41121e-08
xu.xt12_5.n1                                 5
xu.xt12_5.n2                       5.08351e-08
xu.xt12_5.n4                       3.73554e-08
xu.xt12_6.n3                       7.41121e-08
xu.xt12_6.n1                                 5
xu.xt12_6.n2                       5.08351e-08
xu.xt12_6.n4                       3.73554e-08
xu.xt12_7.n3                       7.41121e-08
xu.xt12_7.n1                                 5
xu.xt12_7.n2                       5.08351e-08
xu.xt12_7.n4                       3.73554e-08
xu.xt13_0.n3                       7.41121e-08
xu.xt13_0.n1                                 5
xu.xt13_0.n2                       5.08351e-08
xu.xt13_0.n4                       3.73554e-08
xu.xt13_1.n3                       7.41121e-08
xu.xt13_1.n1                                 5
xu.xt13_1.n2                       5.08351e-08
xu.xt13_1.n4                       3.73554e-08
xu.xt13_2.n3                       7.41121e-08
xu.xt13_2.n1                                 5
xu.xt13_2.n2                       5.08351e-08
xu.xt13_2.n4                       3.73554e-08
xu.xt13_3.n3                       7.41121e-08
xu.xt13_3.n1                                 5
xu.xt13_3.n2                       5.08351e-08
xu.xt13_3.n4                       3.73554e-08
xu.xt13_4.n3                       7.41121e-08
xu.xt13_4.n1                                 5
xu.xt13_4.n2                       5.08351e-08
xu.xt13_4.n4                       3.73554e-08
xu.xt13_5.n3                       7.41121e-08
xu.xt13_5.n1                                 5
xu.xt13_5.n2                       5.08351e-08
xu.xt13_5.n4                       3.73554e-08
xu.xt13_6.n3                       7.41121e-08
xu.xt13_6.n1                                 5
xu.xt13_6.n2                       5.08351e-08
xu.xt13_6.n4                       3.73554e-08
xu.xt13_7.n3                       7.41121e-08
xu.xt13_7.n1                                 5
xu.xt13_7.n2                       5.08351e-08
xu.xt13_7.n4                       3.73554e-08
xu.xt14_0.n3                       7.41121e-08
xu.xt14_0.n1                                 5
xu.xt14_0.n2                       5.08351e-08
xu.xt14_0.n4                       3.73554e-08
xu.xt14_1.n3                       7.41121e-08
xu.xt14_1.n1                                 5
xu.xt14_1.n2                       5.08351e-08
xu.xt14_1.n4                       3.73554e-08
xu.xt14_2.n3                       7.41121e-08
xu.xt14_2.n1                                 5
xu.xt14_2.n2                       5.08351e-08
xu.xt14_2.n4                       3.73554e-08
xu.xt14_3.n3                       7.41121e-08
xu.xt14_3.n1                                 5
xu.xt14_3.n2                       5.08351e-08
xu.xt14_3.n4                       3.73554e-08
xu.xt14_4.n3                       7.41121e-08
xu.xt14_4.n1                                 5
xu.xt14_4.n2                       5.08351e-08
xu.xt14_4.n4                       3.73554e-08
xu.xt14_5.n3                       7.41121e-08
xu.xt14_5.n1                                 5
xu.xt14_5.n2                       5.08351e-08
xu.xt14_5.n4                       3.73554e-08
xu.xt14_6.n3                       7.41121e-08
xu.xt14_6.n1                                 5
xu.xt14_6.n2                       5.08351e-08
xu.xt14_6.n4                       3.73554e-08
xu.xt14_7.n3                       7.41121e-08
xu.xt14_7.n1                                 5
xu.xt14_7.n2                       5.08351e-08
xu.xt14_7.n4                       3.73554e-08
xu.xt15_0.n3                       7.41121e-08
xu.xt15_0.n1                                 5
xu.xt15_0.n2                       5.08351e-08
xu.xt15_0.n4                       3.73554e-08
xu.xt15_1.n3                       7.41121e-08
xu.xt15_1.n1                                 5
xu.xt15_1.n2                       5.08351e-08
xu.xt15_1.n4                       3.73554e-08
xu.xt15_2.n3                       7.41121e-08
xu.xt15_2.n1                                 5
xu.xt15_2.n2                       5.08351e-08
xu.xt15_2.n4                       3.73554e-08
xu.xt15_3.n3                       7.41121e-08
xu.xt15_3.n1                                 5
xu.xt15_3.n2                       5.08351e-08
xu.xt15_3.n4                       3.73554e-08
xu.xt15_4.n3                       7.41121e-08
xu.xt15_4.n1                                 5
xu.xt15_4.n2                       5.08351e-08
xu.xt15_4.n4                       3.73554e-08
xu.xt15_5.n3                       7.41121e-08
xu.xt15_5.n1                                 5
xu.xt15_5.n2                       5.08351e-08
xu.xt15_5.n4                       3.73554e-08
xu.xt15_6.n3                       7.41121e-08
xu.xt15_6.n1                                 5
xu.xt15_6.n2                       5.08351e-08
xu.xt15_6.n4                       3.73554e-08
xu.xt15_7.n3                       7.41121e-08
xu.xt15_7.n1                                 5
xu.xt15_7.n2                       5.08351e-08
xu.xt15_7.n4                       3.73554e-08
xu.xbuf0.w1                                  5
xu.xbuf0.r1                        1.93327e-08
qq0                                          5
xu.xbuf1.w1                                  5
xu.xbuf1.r1                        1.93327e-08
qq1                                          5
xu.xbuf2.w1                                  5
xu.xbuf2.r1                        1.93327e-08
qq2                                          5
xu.xbuf3.w1                                  5
xu.xbuf3.r1                        1.93327e-08
qq3                                          5
xu.xbuf4.w1                                  5
xu.xbuf4.r1                        1.93327e-08
qq4                                          5
xu.xbuf5.w1                                  5
xu.xbuf5.r1                        1.93327e-08
qq5                                          5
xu.xbuf6.w1                                  5
xu.xbuf6.r1                        1.93327e-08
qq6                                          5
xu.xbuf7.w1                                  5
xu.xbuf7.r1                        1.93327e-08
qq7                                          5
vweb#branch                                  0
vd7#branch                                   0
vd6#branch                                   0
vd5#branch                                   0
vd4#branch                                   0
vd3#branch                                   0
vd2#branch                                   0
vd1#branch                                   0
vd0#branch                                   0
va3#branch                                   0
va2#branch                                   0
va1#branch                                   0
va0#branch                                   0
vvss#branch                        8.08354e-09
vvdd#branch                       -8.08355e-09

 Reference value :  2.16400e-09
 Reference value :  8.51400e-09
 Reference value :  1.49640e-08
 Reference value :  2.12640e-08
 Reference value :  2.77140e-08
 Reference value :  3.41640e-08
 Reference value :  4.07140e-08
 Reference value :  4.70640e-08
 Reference value :  5.33140e-08
 Reference value :  5.95140e-08
 Reference value :  6.57640e-08
 Reference value :  7.19640e-08
 Reference value :  7.79640e-08
 Reference value :  8.40640e-08
 Reference value :  9.01140e-08
 Reference value :  9.63640e-08
 Reference value :  1.02425e-07
 Reference value :  1.08675e-07
 Reference value :  1.14925e-07
 Reference value :  1.20371e-07
 Reference value :  1.26721e-07
 Reference value :  1.33221e-07
 Reference value :  1.39621e-07
 Reference value :  1.46171e-07
 Reference value :  1.52721e-07
 Reference value :  1.59271e-07
 Reference value :  1.65821e-07
 Reference value :  1.72421e-07
 Reference value :  1.78871e-07
 Reference value :  1.85371e-07
 Reference value :  1.92021e-07
 Reference value :  1.98521e-07
 Reference value :  2.04875e-07
 Reference value :  2.11525e-07
 Reference value :  2.17190e-07
 Reference value :  2.22695e-07
 Reference value :  2.29295e-07
 Reference value :  2.35895e-07
 Reference value :  2.41728e-07
 Reference value :  2.48278e-07
 Reference value :  2.54678e-07
 Reference value :  2.61178e-07
 Reference value :  2.67578e-07
 Reference value :  2.74128e-07
 Reference value :  2.80628e-07
 Reference value :  2.87178e-07
 Reference value :  2.93728e-07
 Reference value :  3.00228e-07
 Reference value :  3.06678e-07
 Reference value :  3.13078e-07
 Reference value :  3.19578e-07
 Reference value :  3.25825e-07
 Reference value :  3.32375e-07
 Reference value :  3.37740e-07
 Reference value :  3.43407e-07
 Reference value :  3.49957e-07
 Reference value :  3.56357e-07
 Reference value :  3.62042e-07
 Reference value :  3.68392e-07
 Reference value :  3.74692e-07
 Reference value :  3.81192e-07
 Reference value :  3.87642e-07
 Reference value :  3.94192e-07
 Reference value :  4.00692e-07
 Reference value :  4.07192e-07
 Reference value :  4.13592e-07
 Reference value :  4.19992e-07
 Reference value :  4.26292e-07
 Reference value :  4.32642e-07
 Reference value :  4.39042e-07
 Reference value :  4.45125e-07
 Reference value :  4.51475e-07
 Reference value :  4.56740e-07
 Reference value :  4.62156e-07
 Reference value :  4.68506e-07
 Reference value :  4.74856e-07
 Reference value :  4.80442e-07
 Reference value :  4.86892e-07
 Reference value :  4.93192e-07
 Reference value :  4.99492e-07
 Reference value :  5.05792e-07
 Reference value :  5.12142e-07
 Reference value :  5.18592e-07
 Reference value :  5.24942e-07
 Reference value :  5.31292e-07
 Reference value :  5.37742e-07
 Reference value :  5.44192e-07
 Reference value :  5.50642e-07
 Reference value :  5.56942e-07
 Reference value :  5.63125e-07
 Reference value :  5.69475e-07
 Reference value :  5.75090e-07
 Reference value :  5.80405e-07
 Reference value :  5.86655e-07
 Reference value :  5.92905e-07
 Reference value :  5.99305e-07
 Reference value :  6.05090e-07
 Reference value :  6.11440e-07
 Reference value :  6.17990e-07
 Reference value :  6.24340e-07
 Reference value :  6.30590e-07
 Reference value :  6.36940e-07
 Reference value :  6.43390e-07
 Reference value :  6.49840e-07
 Reference value :  6.56190e-07
 Reference value :  6.62640e-07
 Reference value :  6.69090e-07
 Reference value :  6.75540e-07
 Reference value :  6.81825e-07
 Reference value :  6.88175e-07
 Reference value :  6.94475e-07
 Reference value :  6.99840e-07
 Reference value :  7.05023e-07
 Reference value :  7.11473e-07
 Reference value :  7.17823e-07
 Reference value :  7.24273e-07
 Reference value :  7.30673e-07
 Reference value :  7.37123e-07
 Reference value :  7.43573e-07
 Reference value :  7.49923e-07
 Reference value :  7.56273e-07
 Reference value :  7.62723e-07
 Reference value :  7.69123e-07
 Reference value :  7.75573e-07
 Reference value :  7.81923e-07
 Reference value :  7.88273e-07
 Reference value :  7.94523e-07
 Reference value :  8.00525e-07
 Reference value :  8.06682e-07
 Reference value :  8.12992e-07
 Reference value :  8.19292e-07
 Reference value :  8.25692e-07
 Reference value :  8.32142e-07
 Reference value :  8.38542e-07
 Reference value :  8.45042e-07
 Reference value :  8.51392e-07
 Reference value :  8.57842e-07
 Reference value :  8.64292e-07
 Reference value :  8.70692e-07
 Reference value :  8.77142e-07
 Reference value :  8.83492e-07
 Reference value :  8.89792e-07
 Reference value :  8.96042e-07
 Reference value :  9.02392e-07
 Reference value :  9.08842e-07
 Reference value :  9.15242e-07
 Reference value :  9.21542e-07
 Reference value :  9.27792e-07
 Reference value :  9.34042e-07
 Reference value :  9.40292e-07
 Reference value :  9.46542e-07
 Reference value :  9.52942e-07
 Reference value :  9.59342e-07
 Reference value :  9.65642e-07
 Reference value :  9.71892e-07
 Reference value :  9.78142e-07
 Reference value :  9.84442e-07
 Reference value :  9.90742e-07
 Reference value :  9.97092e-07
 Reference value :  1.00329e-06
 Reference value :  1.00954e-06
 Reference value :  1.01594e-06
 Reference value :  1.02224e-06
 Reference value :  1.02844e-06
 Reference value :  1.03479e-06
 Reference value :  1.04044e-06
 Reference value :  1.04644e-06
 Reference value :  1.05299e-06
 Reference value :  1.05934e-06
 Reference value :  1.06574e-06
 Reference value :  1.07214e-06
 Reference value :  1.07839e-06
 Reference value :  1.08469e-06
 Reference value :  1.09094e-06
 Reference value :  1.09714e-06
 Reference value :  1.10344e-06
 Reference value :  1.10964e-06
 Reference value :  1.11594e-06
 Reference value :  1.12219e-06
 Reference value :  1.12859e-06
 Reference value :  1.13484e-06
 Reference value :  1.14114e-06
 Reference value :  1.14749e-06
 Reference value :  1.15394e-06
 Reference value :  1.16029e-06
 Reference value :  1.16659e-06
 Reference value :  1.17314e-06
 Reference value :  1.17999e-06
 Reference value :  1.18739e-06
 Reference value :  1.19599e-06
 Reference value :  1.20489e-06
No. of Data Rows : 24322

  Measurements for Transient Analysis

d0                  =  2.36939e-08 targ=  8.27027e-07 trig=  8.03334e-07
t0                  =  6.71540e-10 targ=  8.27333e-07 trig=  8.26662e-07
d1                  =  2.37443e-08 targ=  8.27078e-07 trig=  8.03334e-07
t1                  =  7.03968e-10 targ=  8.27400e-07 trig=  8.26696e-07
d2                  =  2.38788e-08 targ=  8.27212e-07 trig=  8.03334e-07
t2                  =  8.00846e-10 targ=  8.27586e-07 trig=  8.26785e-07
d3                  =  2.40710e-08 targ=  8.27404e-07 trig=  8.03334e-07
t3                  =  9.63605e-10 targ=  8.27873e-07 trig=  8.26909e-07
d4                  =  2.44032e-08 targ=  8.27737e-07 trig=  8.03334e-07
t4                  =  1.29521e-09 targ=  8.28403e-07 trig=  8.27108e-07
d5                  =  2.49910e-08 targ=  8.28325e-07 trig=  8.03334e-07
t5                  =  1.99221e-09 targ=  8.29412e-07 trig=  8.27420e-07
d6                  =  2.60926e-08 targ=  8.29426e-07 trig=  8.03334e-07
t6                  =  3.46817e-09 targ=  8.31393e-07 trig=  8.27925e-07
d7                  =  2.36939e-08 targ=  8.27027e-07 trig=  8.03334e-07
t7                  =  6.71540e-10 targ=  8.27333e-07 trig=  8.26662e-07
chk                 =  1.93329e-08


Total analysis time (seconds) = 51.3708

Total elapsed time (seconds) = 51.489 

Total DRAM available = 65536.000 MB.
DRAM currently available = 1074.047 MB.
Maximum ngspice program size =   25.906 MB.
Current ngspice program size =   25.906 MB.

