
Note: No compatibility mode selected!


Circuit: * reg8x16 add[2] -> q  入力遷移 0.1ns fall  -- char_mem.py 生成

Doing analysis at TEMP = 25.000000 and TNOM = 27.000000

Using SPARSE 1.3 as Direct Linear Solver

Initial Transient Solution
--------------------------

Node                                   Voltage
----                                   -------
vdd                                          5
vss                                          0
a0s                                          0
a0                                           0
a1s                                          0
a1                                           0
a2s                                          0
a2                                           0
a3s                                          0
a3                                           0
d0s                                          0
dd0                                          0
d1s                                          0
dd1                                          0
d2s                                          0
dd2                                          0
d3s                                          0
dd3                                          0
d4s                                          0
dd4                                          0
d5s                                          0
dd5                                          0
d6s                                          0
dd6                                          0
d7s                                          0
dd7                                          0
webs                                         5
web                                          5
xu.ab0                                       5
xu.a0                              1.93326e-08
xu.ab1                                       5
xu.a1                              1.93326e-08
xu.ab2                                       5
xu.a2                              1.93326e-08
xu.ab3                                       5
xu.a3                              1.93326e-08
xu.xaddbuf.wt                      1.93326e-08
xu.webi                                      5
xu.rdb0                            2.22723e-07
xu.xdec2_0.s1_e                    5.56808e-08
xu.xdec2_0.s2_e                    1.11362e-07
xu.xdec2_0.s3_e                    1.67042e-07
xu.rd0                                       5
xu.xdec2_0.p1_e                        1.25668
xu.wr0                             2.46135e-08
xu.wrb0                                      5
xu.rdb1                                      5
xu.xdec2_0.s1_o                    5.59803e-09
xu.xdec2_0.s2_o                    1.11961e-08
xu.xdec2_0.s3_o                    1.67941e-08
xu.rd1                             1.39202e-08
xu.xdec2_0.p1_o                        4.96989
xu.wr1                             5.19598e-09
xu.wrb1                                      5
xu.rdb2                                      5
xu.xdec2_1.s1_e                    5.24968e-09
xu.xdec2_1.s2_e                    1.04994e-08
xu.xdec2_1.s3_e                         4.1675
xu.rd2                             1.39202e-08
xu.xdec2_1.p1_e                        4.96989
xu.wr2                             5.19598e-09
xu.wrb2                                      5
xu.rdb3                                      5
xu.xdec2_1.s1_o                    2.64295e-09
xu.xdec2_1.s2_o                    5.28591e-09
xu.xdec2_1.s3_o                       0.035135
xu.rd3                             1.39202e-08
xu.xdec2_1.p1_o                        4.96989
xu.wr3                             5.19598e-09
xu.wrb3                                      5
xu.rdb4                                      5
xu.xdec2_2.s1_e                    5.22621e-09
xu.xdec2_2.s2_e                        4.10765
xu.xdec2_2.s3_e                        4.12709
xu.rd4                             1.39202e-08
xu.xdec2_2.p1_e                        4.96989
xu.wr4                             5.19598e-09
xu.wrb4                                      5
xu.rdb5                                      5
xu.xdec2_2.s1_o                    2.60382e-09
xu.xdec2_2.s2_o                      0.0340425
xu.xdec2_2.s3_o                      0.0340425
xu.rd5                             1.39202e-08
xu.xdec2_2.p1_o                        4.96989
xu.wr5                             5.19598e-09
xu.wrb5                                      5
xu.rdb6                                      5
xu.xdec2_3.s1_e                    2.57605e-09
xu.xdec2_3.s2_e                      0.0332974
xu.xdec2_3.s3_e                        4.17952
xu.rd6                             1.39202e-08
xu.xdec2_3.p1_e                        4.96989
xu.wr6                             5.19598e-09
xu.wrb6                                      5
xu.rdb7                                      5
xu.xdec2_3.s1_o                    1.75568e-09
xu.xdec2_3.s2_o                       0.017862
xu.xdec2_3.s3_o                      0.0519102
xu.rd7                             1.39202e-08
xu.xdec2_3.p1_o                        4.96989
xu.wr7                             5.19598e-09
xu.wrb7                                      5
xu.rdb8                                      5
xu.xdec2_4.s1_e                        4.06719
xu.xdec2_4.s2_e                        4.07705
xu.xdec2_4.s3_e                        4.10095
xu.rd8                             1.39202e-08
xu.xdec2_4.p1_e                        4.96989
xu.wr8                             5.19598e-09
xu.wrb8                                      5
xu.rdb9                                      5
xu.xdec2_4.s1_o                      0.0330438
xu.xdec2_4.s2_o                      0.0330438
xu.xdec2_4.s3_o                      0.0330438
xu.rd9                             1.39202e-08
xu.xdec2_4.p1_o                        4.96989
xu.wr9                             5.19598e-09
xu.wrb9                                      5
xu.rdb10                                     5
xu.xdec2_5.s1_e                      0.0322762
xu.xdec2_5.s2_e                      0.0322762
xu.xdec2_5.s3_e                        4.17924
xu.rd10                            1.39202e-08
xu.xdec2_5.p1_e                        4.96989
xu.wr10                            5.19598e-09
xu.wrb10                                     5
xu.rdb11                                     5
xu.xdec2_5.s1_o                      0.0173948
xu.xdec2_5.s2_o                      0.0173948
xu.xdec2_5.s3_o                      0.0514801
xu.rd11                            1.39202e-08
xu.xdec2_5.p1_o                        4.96989
xu.wr11                            5.19598e-09
xu.wrb11                                     5
xu.rdb12                                     5
xu.xdec2_6.s1_e                      0.0331619
xu.xdec2_6.s2_e                        4.11588
xu.xdec2_6.s3_e                        4.13392
xu.rd12                            1.39202e-08
xu.xdec2_6.p1_e                        4.96989
xu.wr12                            5.19598e-09
xu.wrb12                                     5
xu.rdb13                                     5
xu.xdec2_6.s1_o                      0.0173591
xu.xdec2_6.s2_o                      0.0493255
xu.xdec2_6.s3_o                      0.0493255
xu.rd13                            1.39202e-08
xu.xdec2_6.p1_o                        4.96989
xu.wr13                            5.19598e-09
xu.wrb13                                     5
xu.rdb14                                     5
xu.xdec2_7.s1_e                       0.017437
xu.xdec2_7.s2_e                      0.0497133
xu.xdec2_7.s3_e                        4.18339
xu.rd14                            1.39202e-08
xu.xdec2_7.p1_e                        4.96989
xu.wr14                            5.19598e-09
xu.wrb14                                     5
xu.rdb15                                     5
xu.xdec2_7.s1_o                      0.0120365
xu.xdec2_7.s2_o                      0.0291425
xu.xdec2_7.s3_o                      0.0621238
xu.rd15                            1.39202e-08
xu.xdec2_7.p1_o                        4.96989
xu.wr15                            5.19598e-09
xu.wrb15                                     5
xu.dl0                             2.83926e-07
xu.xt00_0.n3                                 5
xu.xt00_0.n1                       1.59197e-08
xu.xt00_0.n2                                 5
xu.xt00_0.n4                                 5
xu.ql0                                       5
xu.dl1                             2.83926e-07
xu.xt00_1.n3                                 5
xu.xt00_1.n1                       1.59197e-08
xu.xt00_1.n2                                 5
xu.xt00_1.n4                                 5
xu.ql1                                       5
xu.dl2                             2.83926e-07
xu.xt00_2.n3                                 5
xu.xt00_2.n1                       1.59197e-08
xu.xt00_2.n2                                 5
xu.xt00_2.n4                                 5
xu.ql2                                       5
xu.dl3                             2.83926e-07
xu.xt00_3.n3                                 5
xu.xt00_3.n1                       1.59197e-08
xu.xt00_3.n2                                 5
xu.xt00_3.n4                                 5
xu.ql3                                       5
xu.dl4                             2.83926e-07
xu.xt00_4.n3                                 5
xu.xt00_4.n1                       1.59197e-08
xu.xt00_4.n2                                 5
xu.xt00_4.n4                                 5
xu.ql4                                       5
xu.dl5                             2.83926e-07
xu.xt00_5.n3                                 5
xu.xt00_5.n1                       1.59197e-08
xu.xt00_5.n2                                 5
xu.xt00_5.n4                                 5
xu.ql5                                       5
xu.dl6                             2.83926e-07
xu.xt00_6.n3                                 5
xu.xt00_6.n1                       1.59197e-08
xu.xt00_6.n2                                 5
xu.xt00_6.n4                                 5
xu.ql6                                       5
xu.dl7                             2.83926e-07
xu.xt00_7.n3                                 5
xu.xt00_7.n1                       1.59197e-08
xu.xt00_7.n2                                 5
xu.xt00_7.n4                                 5
xu.ql7                                       5
xu.xt01_0.n3                                 5
xu.xt01_0.n1                       1.59197e-08
xu.xt01_0.n2                                 5
xu.xt01_0.n4                                 5
xu.xt01_1.n3                                 5
xu.xt01_1.n1                       1.59197e-08
xu.xt01_1.n2                                 5
xu.xt01_1.n4                                 5
xu.xt01_2.n3                                 5
xu.xt01_2.n1                       1.59197e-08
xu.xt01_2.n2                                 5
xu.xt01_2.n4                                 5
xu.xt01_3.n3                                 5
xu.xt01_3.n1                       1.59197e-08
xu.xt01_3.n2                                 5
xu.xt01_3.n4                                 5
xu.xt01_4.n3                                 5
xu.xt01_4.n1                       1.59197e-08
xu.xt01_4.n2                                 5
xu.xt01_4.n4                                 5
xu.xt01_5.n3                                 5
xu.xt01_5.n1                       1.59197e-08
xu.xt01_5.n2                                 5
xu.xt01_5.n4                                 5
xu.xt01_6.n3                                 5
xu.xt01_6.n1                       1.59197e-08
xu.xt01_6.n2                                 5
xu.xt01_6.n4                                 5
xu.xt01_7.n3                                 5
xu.xt01_7.n1                       1.59197e-08
xu.xt01_7.n2                                 5
xu.xt01_7.n4                                 5
xu.xt02_0.n3                                 5
xu.xt02_0.n1                       1.59197e-08
xu.xt02_0.n2                                 5
xu.xt02_0.n4                                 5
xu.xt02_1.n3                                 5
xu.xt02_1.n1                       1.59197e-08
xu.xt02_1.n2                                 5
xu.xt02_1.n4                                 5
xu.xt02_2.n3                                 5
xu.xt02_2.n1                       1.59197e-08
xu.xt02_2.n2                                 5
xu.xt02_2.n4                                 5
xu.xt02_3.n3                                 5
xu.xt02_3.n1                       1.59197e-08
xu.xt02_3.n2                                 5
xu.xt02_3.n4                                 5
xu.xt02_4.n3                                 5
xu.xt02_4.n1                       1.59197e-08
xu.xt02_4.n2                                 5
xu.xt02_4.n4                                 5
xu.xt02_5.n3                                 5
xu.xt02_5.n1                       1.59197e-08
xu.xt02_5.n2                                 5
xu.xt02_5.n4                                 5
xu.xt02_6.n3                                 5
xu.xt02_6.n1                       1.59197e-08
xu.xt02_6.n2                                 5
xu.xt02_6.n4                                 5
xu.xt02_7.n3                                 5
xu.xt02_7.n1                       1.59197e-08
xu.xt02_7.n2                                 5
xu.xt02_7.n4                                 5
xu.xt03_0.n3                                 5
xu.xt03_0.n1                       1.59197e-08
xu.xt03_0.n2                                 5
xu.xt03_0.n4                                 5
xu.xt03_1.n3                                 5
xu.xt03_1.n1                       1.59197e-08
xu.xt03_1.n2                                 5
xu.xt03_1.n4                                 5
xu.xt03_2.n3                                 5
xu.xt03_2.n1                       1.59197e-08
xu.xt03_2.n2                                 5
xu.xt03_2.n4                                 5
xu.xt03_3.n3                                 5
xu.xt03_3.n1                       1.59197e-08
xu.xt03_3.n2                                 5
xu.xt03_3.n4                                 5
xu.xt03_4.n3                                 5
xu.xt03_4.n1                       1.59197e-08
xu.xt03_4.n2                                 5
xu.xt03_4.n4                                 5
xu.xt03_5.n3                                 5
xu.xt03_5.n1                       1.59197e-08
xu.xt03_5.n2                                 5
xu.xt03_5.n4                                 5
xu.xt03_6.n3                                 5
xu.xt03_6.n1                       1.59197e-08
xu.xt03_6.n2                                 5
xu.xt03_6.n4                                 5
xu.xt03_7.n3                                 5
xu.xt03_7.n1                       1.59197e-08
xu.xt03_7.n2                                 5
xu.xt03_7.n4                                 5
xu.xt04_0.n3                                 5
xu.xt04_0.n1                       1.59197e-08
xu.xt04_0.n2                                 5
xu.xt04_0.n4                                 5
xu.xt04_1.n3                                 5
xu.xt04_1.n1                       1.59197e-08
xu.xt04_1.n2                                 5
xu.xt04_1.n4                                 5
xu.xt04_2.n3                                 5
xu.xt04_2.n1                       1.59197e-08
xu.xt04_2.n2                                 5
xu.xt04_2.n4                                 5
xu.xt04_3.n3                                 5
xu.xt04_3.n1                       1.59197e-08
xu.xt04_3.n2                                 5
xu.xt04_3.n4                                 5
xu.xt04_4.n3                                 5
xu.xt04_4.n1                       1.59197e-08
xu.xt04_4.n2                                 5
xu.xt04_4.n4                                 5
xu.xt04_5.n3                                 5
xu.xt04_5.n1                       1.59197e-08
xu.xt04_5.n2                                 5
xu.xt04_5.n4                                 5
xu.xt04_6.n3                                 5
xu.xt04_6.n1                       1.59197e-08
xu.xt04_6.n2                                 5
xu.xt04_6.n4                                 5
xu.xt04_7.n3                                 5
xu.xt04_7.n1                       1.59197e-08
xu.xt04_7.n2                                 5
xu.xt04_7.n4                                 5
xu.xt05_0.n3                                 5
xu.xt05_0.n1                       1.59197e-08
xu.xt05_0.n2                                 5
xu.xt05_0.n4                                 5
xu.xt05_1.n3                                 5
xu.xt05_1.n1                       1.59197e-08
xu.xt05_1.n2                                 5
xu.xt05_1.n4                                 5
xu.xt05_2.n3                                 5
xu.xt05_2.n1                       1.59197e-08
xu.xt05_2.n2                                 5
xu.xt05_2.n4                                 5
xu.xt05_3.n3                                 5
xu.xt05_3.n1                       1.59197e-08
xu.xt05_3.n2                                 5
xu.xt05_3.n4                                 5
xu.xt05_4.n3                                 5
xu.xt05_4.n1                       1.59197e-08
xu.xt05_4.n2                                 5
xu.xt05_4.n4                                 5
xu.xt05_5.n3                                 5
xu.xt05_5.n1                       1.59197e-08
xu.xt05_5.n2                                 5
xu.xt05_5.n4                                 5
xu.xt05_6.n3                                 5
xu.xt05_6.n1                       1.59197e-08
xu.xt05_6.n2                                 5
xu.xt05_6.n4                                 5
xu.xt05_7.n3                                 5
xu.xt05_7.n1                       1.59197e-08
xu.xt05_7.n2                                 5
xu.xt05_7.n4                                 5
xu.xt06_0.n3                                 5
xu.xt06_0.n1                       1.59197e-08
xu.xt06_0.n2                                 5
xu.xt06_0.n4                                 5
xu.xt06_1.n3                                 5
xu.xt06_1.n1                       1.59197e-08
xu.xt06_1.n2                                 5
xu.xt06_1.n4                                 5
xu.xt06_2.n3                                 5
xu.xt06_2.n1                       1.59197e-08
xu.xt06_2.n2                                 5
xu.xt06_2.n4                                 5
xu.xt06_3.n3                                 5
xu.xt06_3.n1                       1.59197e-08
xu.xt06_3.n2                                 5
xu.xt06_3.n4                                 5
xu.xt06_4.n3                                 5
xu.xt06_4.n1                       1.59197e-08
xu.xt06_4.n2                                 5
xu.xt06_4.n4                                 5
xu.xt06_5.n3                                 5
xu.xt06_5.n1                       1.59197e-08
xu.xt06_5.n2                                 5
xu.xt06_5.n4                                 5
xu.xt06_6.n3                                 5
xu.xt06_6.n1                       1.59197e-08
xu.xt06_6.n2                                 5
xu.xt06_6.n4                                 5
xu.xt06_7.n3                                 5
xu.xt06_7.n1                       1.59197e-08
xu.xt06_7.n2                                 5
xu.xt06_7.n4                                 5
xu.xt07_0.n3                       7.41121e-08
xu.xt07_0.n1                                 5
xu.xt07_0.n2                       5.08351e-08
xu.xt07_0.n4                       3.73554e-08
xu.xt07_1.n3                       7.41121e-08
xu.xt07_1.n1                                 5
xu.xt07_1.n2                       5.08351e-08
xu.xt07_1.n4                       3.73554e-08
xu.xt07_2.n3                       7.41121e-08
xu.xt07_2.n1                                 5
xu.xt07_2.n2                       5.08351e-08
xu.xt07_2.n4                       3.73554e-08
xu.xt07_3.n3                       7.41121e-08
xu.xt07_3.n1                                 5
xu.xt07_3.n2                       5.08351e-08
xu.xt07_3.n4                       3.73554e-08
xu.xt07_4.n3                       7.41121e-08
xu.xt07_4.n1                                 5
xu.xt07_4.n2                       5.08351e-08
xu.xt07_4.n4                       3.73554e-08
xu.xt07_5.n3                       7.41121e-08
xu.xt07_5.n1                                 5
xu.xt07_5.n2                       5.08351e-08
xu.xt07_5.n4                       3.73554e-08
xu.xt07_6.n3                       7.41121e-08
xu.xt07_6.n1                                 5
xu.xt07_6.n2                       5.08351e-08
xu.xt07_6.n4                       3.73554e-08
xu.xt07_7.n3                       7.41121e-08
xu.xt07_7.n1                                 5
xu.xt07_7.n2                       5.08351e-08
xu.xt07_7.n4                       3.73554e-08
xu.xt08_0.n3                                 5
xu.xt08_0.n1                       1.59197e-08
xu.xt08_0.n2                                 5
xu.xt08_0.n4                                 5
xu.xt08_1.n3                                 5
xu.xt08_1.n1                       1.59197e-08
xu.xt08_1.n2                                 5
xu.xt08_1.n4                                 5
xu.xt08_2.n3                                 5
xu.xt08_2.n1                       1.59197e-08
xu.xt08_2.n2                                 5
xu.xt08_2.n4                                 5
xu.xt08_3.n3                                 5
xu.xt08_3.n1                       1.59197e-08
xu.xt08_3.n2                                 5
xu.xt08_3.n4                                 5
xu.xt08_4.n3                                 5
xu.xt08_4.n1                       1.59197e-08
xu.xt08_4.n2                                 5
xu.xt08_4.n4                                 5
xu.xt08_5.n3                                 5
xu.xt08_5.n1                       1.59197e-08
xu.xt08_5.n2                                 5
xu.xt08_5.n4                                 5
xu.xt08_6.n3                                 5
xu.xt08_6.n1                       1.59197e-08
xu.xt08_6.n2                                 5
xu.xt08_6.n4                                 5
xu.xt08_7.n3                                 5
xu.xt08_7.n1                       1.59197e-08
xu.xt08_7.n2                                 5
xu.xt08_7.n4                                 5
xu.xt09_0.n3                       7.41121e-08
xu.xt09_0.n1                                 5
xu.xt09_0.n2                       5.08351e-08
xu.xt09_0.n4                       3.73554e-08
xu.xt09_1.n3                       7.41121e-08
xu.xt09_1.n1                                 5
xu.xt09_1.n2                       5.08351e-08
xu.xt09_1.n4                       3.73554e-08
xu.xt09_2.n3                       7.41121e-08
xu.xt09_2.n1                                 5
xu.xt09_2.n2                       5.08351e-08
xu.xt09_2.n4                       3.73554e-08
xu.xt09_3.n3                       7.41121e-08
xu.xt09_3.n1                                 5
xu.xt09_3.n2                       5.08351e-08
xu.xt09_3.n4                       3.73554e-08
xu.xt09_4.n3                       7.41121e-08
xu.xt09_4.n1                                 5
xu.xt09_4.n2                       5.08351e-08
xu.xt09_4.n4                       3.73554e-08
xu.xt09_5.n3                       7.41121e-08
xu.xt09_5.n1                                 5
xu.xt09_5.n2                       5.08351e-08
xu.xt09_5.n4                       3.73554e-08
xu.xt09_6.n3                       7.41121e-08
xu.xt09_6.n1                                 5
xu.xt09_6.n2                       5.08351e-08
xu.xt09_6.n4                       3.73554e-08
xu.xt09_7.n3                       7.41121e-08
xu.xt09_7.n1                                 5
xu.xt09_7.n2                       5.08351e-08
xu.xt09_7.n4                       3.73554e-08
xu.xt10_0.n3                       7.41121e-08
xu.xt10_0.n1                                 5
xu.xt10_0.n2                       5.08351e-08
xu.xt10_0.n4                       3.73554e-08
xu.xt10_1.n3                       7.41121e-08
xu.xt10_1.n1                                 5
xu.xt10_1.n2                       5.08351e-08
xu.xt10_1.n4                       3.73554e-08
xu.xt10_2.n3                       7.41121e-08
xu.xt10_2.n1                                 5
xu.xt10_2.n2                       5.08351e-08
xu.xt10_2.n4                       3.73554e-08
xu.xt10_3.n3                       7.41121e-08
xu.xt10_3.n1                                 5
xu.xt10_3.n2                       5.08351e-08
xu.xt10_3.n4                       3.73554e-08
xu.xt10_4.n3                       7.41121e-08
xu.xt10_4.n1                                 5
xu.xt10_4.n2                       5.08351e-08
xu.xt10_4.n4                       3.73554e-08
xu.xt10_5.n3                       7.41121e-08
xu.xt10_5.n1                                 5
xu.xt10_5.n2                       5.08351e-08
xu.xt10_5.n4                       3.73554e-08
xu.xt10_6.n3                       7.41121e-08
xu.xt10_6.n1                                 5
xu.xt10_6.n2                       5.08351e-08
xu.xt10_6.n4                       3.73554e-08
xu.xt10_7.n3                       7.41121e-08
xu.xt10_7.n1                                 5
xu.xt10_7.n2                       5.08351e-08
xu.xt10_7.n4                       3.73554e-08
xu.xt11_0.n3                       7.41121e-08
xu.xt11_0.n1                                 5
xu.xt11_0.n2                       5.08351e-08
xu.xt11_0.n4                       3.73554e-08
xu.xt11_1.n3                       7.41121e-08
xu.xt11_1.n1                                 5
xu.xt11_1.n2                       5.08351e-08
xu.xt11_1.n4                       3.73554e-08
xu.xt11_2.n3                       7.41121e-08
xu.xt11_2.n1                                 5
xu.xt11_2.n2                       5.08351e-08
xu.xt11_2.n4                       3.73554e-08
xu.xt11_3.n3                       7.41121e-08
xu.xt11_3.n1                                 5
xu.xt11_3.n2                       5.08351e-08
xu.xt11_3.n4                       3.73554e-08
xu.xt11_4.n3                       7.41121e-08
xu.xt11_4.n1                                 5
xu.xt11_4.n2                       5.08351e-08
xu.xt11_4.n4                       3.73554e-08
xu.xt11_5.n3                       7.41121e-08
xu.xt11_5.n1                                 5
xu.xt11_5.n2                       5.08351e-08
xu.xt11_5.n4                       3.73554e-08
xu.xt11_6.n3                       7.41121e-08
xu.xt11_6.n1                                 5
xu.xt11_6.n2                       5.08351e-08
xu.xt11_6.n4                       3.73554e-08
xu.xt11_7.n3                       7.41121e-08
xu.xt11_7.n1                                 5
xu.xt11_7.n2                       5.08351e-08
xu.xt11_7.n4                       3.73554e-08
xu.xt12_0.n3                       7.41121e-08
xu.xt12_0.n1                                 5
xu.xt12_0.n2                       5.08351e-08
xu.xt12_0.n4                       3.73554e-08
xu.xt12_1.n3                       7.41121e-08
xu.xt12_1.n1                                 5
xu.xt12_1.n2                       5.08351e-08
xu.xt12_1.n4                       3.73554e-08
xu.xt12_2.n3                       7.41121e-08
xu.xt12_2.n1                                 5
xu.xt12_2.n2                       5.08351e-08
xu.xt12_2.n4                       3.73554e-08
xu.xt12_3.n3                       7.41121e-08
xu.xt12_3.n1                                 5
xu.xt12_3.n2                       5.08351e-08
xu.xt12_3.n4                       3.73554e-08
xu.xt12_4.n3                       7.41121e-08
xu.xt12_4.n1                                 5
xu.xt12_4.n2                       5.08351e-08
xu.xt12_4.n4                       3.73554e-08
xu.xt12_5.n3                       7.41121e-08
xu.xt12_5.n1                                 5
xu.xt12_5.n2                       5.08351e-08
xu.xt12_5.n4                       3.73554e-08
xu.xt12_6.n3                       7.41121e-08
xu.xt12_6.n1                                 5
xu.xt12_6.n2                       5.08351e-08
xu.xt12_6.n4                       3.73554e-08
xu.xt12_7.n3                       7.41121e-08
xu.xt12_7.n1                                 5
xu.xt12_7.n2                       5.08351e-08
xu.xt12_7.n4                       3.73554e-08
xu.xt13_0.n3                       7.41121e-08
xu.xt13_0.n1                                 5
xu.xt13_0.n2                       5.08351e-08
xu.xt13_0.n4                       3.73554e-08
xu.xt13_1.n3                       7.41121e-08
xu.xt13_1.n1                                 5
xu.xt13_1.n2                       5.08351e-08
xu.xt13_1.n4                       3.73554e-08
xu.xt13_2.n3                       7.41121e-08
xu.xt13_2.n1                                 5
xu.xt13_2.n2                       5.08351e-08
xu.xt13_2.n4                       3.73554e-08
xu.xt13_3.n3                       7.41121e-08
xu.xt13_3.n1                                 5
xu.xt13_3.n2                       5.08351e-08
xu.xt13_3.n4                       3.73554e-08
xu.xt13_4.n3                       7.41121e-08
xu.xt13_4.n1                                 5
xu.xt13_4.n2                       5.08351e-08
xu.xt13_4.n4                       3.73554e-08
xu.xt13_5.n3                       7.41121e-08
xu.xt13_5.n1                                 5
xu.xt13_5.n2                       5.08351e-08
xu.xt13_5.n4                       3.73554e-08
xu.xt13_6.n3                       7.41121e-08
xu.xt13_6.n1                                 5
xu.xt13_6.n2                       5.08351e-08
xu.xt13_6.n4                       3.73554e-08
xu.xt13_7.n3                       7.41121e-08
xu.xt13_7.n1                                 5
xu.xt13_7.n2                       5.08351e-08
xu.xt13_7.n4                       3.73554e-08
xu.xt14_0.n3                       7.41121e-08
xu.xt14_0.n1                                 5
xu.xt14_0.n2                       5.08351e-08
xu.xt14_0.n4                       3.73554e-08
xu.xt14_1.n3                       7.41121e-08
xu.xt14_1.n1                                 5
xu.xt14_1.n2                       5.08351e-08
xu.xt14_1.n4                       3.73554e-08
xu.xt14_2.n3                       7.41121e-08
xu.xt14_2.n1                                 5
xu.xt14_2.n2                       5.08351e-08
xu.xt14_2.n4                       3.73554e-08
xu.xt14_3.n3                       7.41121e-08
xu.xt14_3.n1                                 5
xu.xt14_3.n2                       5.08351e-08
xu.xt14_3.n4                       3.73554e-08
xu.xt14_4.n3                       7.41121e-08
xu.xt14_4.n1                                 5
xu.xt14_4.n2                       5.08351e-08
xu.xt14_4.n4                       3.73554e-08
xu.xt14_5.n3                       7.41121e-08
xu.xt14_5.n1                                 5
xu.xt14_5.n2                       5.08351e-08
xu.xt14_5.n4                       3.73554e-08
xu.xt14_6.n3                       7.41121e-08
xu.xt14_6.n1                                 5
xu.xt14_6.n2                       5.08351e-08
xu.xt14_6.n4                       3.73554e-08
xu.xt14_7.n3                       7.41121e-08
xu.xt14_7.n1                                 5
xu.xt14_7.n2                       5.08351e-08
xu.xt14_7.n4                       3.73554e-08
xu.xt15_0.n3                       7.41121e-08
xu.xt15_0.n1                                 5
xu.xt15_0.n2                       5.08351e-08
xu.xt15_0.n4                       3.73554e-08
xu.xt15_1.n3                       7.41121e-08
xu.xt15_1.n1                                 5
xu.xt15_1.n2                       5.08351e-08
xu.xt15_1.n4                       3.73554e-08
xu.xt15_2.n3                       7.41121e-08
xu.xt15_2.n1                                 5
xu.xt15_2.n2                       5.08351e-08
xu.xt15_2.n4                       3.73554e-08
xu.xt15_3.n3                       7.41121e-08
xu.xt15_3.n1                                 5
xu.xt15_3.n2                       5.08351e-08
xu.xt15_3.n4                       3.73554e-08
xu.xt15_4.n3                       7.41121e-08
xu.xt15_4.n1                                 5
xu.xt15_4.n2                       5.08351e-08
xu.xt15_4.n4                       3.73554e-08
xu.xt15_5.n3                       7.41121e-08
xu.xt15_5.n1                                 5
xu.xt15_5.n2                       5.08351e-08
xu.xt15_5.n4                       3.73554e-08
xu.xt15_6.n3                       7.41121e-08
xu.xt15_6.n1                                 5
xu.xt15_6.n2                       5.08351e-08
xu.xt15_6.n4                       3.73554e-08
xu.xt15_7.n3                       7.41121e-08
xu.xt15_7.n1                                 5
xu.xt15_7.n2                       5.08351e-08
xu.xt15_7.n4                       3.73554e-08
xu.xbuf0.w1                                  5
xu.xbuf0.r1                        1.93327e-08
qq0                                          5
xu.xbuf1.w1                                  5
xu.xbuf1.r1                        1.93327e-08
qq1                                          5
xu.xbuf2.w1                                  5
xu.xbuf2.r1                        1.93327e-08
qq2                                          5
xu.xbuf3.w1                                  5
xu.xbuf3.r1                        1.93327e-08
qq3                                          5
xu.xbuf4.w1                                  5
xu.xbuf4.r1                        1.93327e-08
qq4                                          5
xu.xbuf5.w1                                  5
xu.xbuf5.r1                        1.93327e-08
qq5                                          5
xu.xbuf6.w1                                  5
xu.xbuf6.r1                        1.93327e-08
qq6                                          5
xu.xbuf7.w1                                  5
xu.xbuf7.r1                        1.93327e-08
qq7                                          5
vweb#branch                                  0
vd7#branch                                   0
vd6#branch                                   0
vd5#branch                                   0
vd4#branch                                   0
vd3#branch                                   0
vd2#branch                                   0
vd1#branch                                   0
vd0#branch                                   0
va3#branch                                   0
va2#branch                                   0
va1#branch                                   0
va0#branch                                   0
vvss#branch                        8.08354e-09
vvdd#branch                       -8.08355e-09

 Reference value :  2.71400e-09
 Reference value :  9.66400e-09
 Reference value :  1.67640e-08
 Reference value :  2.38140e-08
 Reference value :  3.09140e-08
 Reference value :  3.78140e-08
 Reference value :  4.48140e-08
 Reference value :  5.18140e-08
 Reference value :  5.86640e-08
 Reference value :  6.54640e-08
 Reference value :  7.24140e-08
 Reference value :  7.96140e-08
 Reference value :  8.65140e-08
 Reference value :  9.33640e-08
 Reference value :  1.00575e-07
 Reference value :  1.07375e-07
 Reference value :  1.14275e-07
 Reference value :  1.20521e-07
 Reference value :  1.27621e-07
 Reference value :  1.34621e-07
 Reference value :  1.41521e-07
 Reference value :  1.48571e-07
 Reference value :  1.55571e-07
 Reference value :  1.62571e-07
 Reference value :  1.69671e-07
 Reference value :  1.76771e-07
 Reference value :  1.83871e-07
 Reference value :  1.90821e-07
 Reference value :  1.97721e-07
 Reference value :  2.04675e-07
 Reference value :  2.11775e-07
 Reference value :  2.17790e-07
 Reference value :  2.23695e-07
 Reference value :  2.30795e-07
 Reference value :  2.37995e-07
 Reference value :  2.44328e-07
 Reference value :  2.51478e-07
 Reference value :  2.58378e-07
 Reference value :  2.65628e-07
 Reference value :  2.72678e-07
 Reference value :  2.79878e-07
 Reference value :  2.86878e-07
 Reference value :  2.93728e-07
 Reference value :  3.00728e-07
 Reference value :  3.07628e-07
 Reference value :  3.14628e-07
 Reference value :  3.21175e-07
 Reference value :  3.27725e-07
 Reference value :  3.34425e-07
 Reference value :  3.39926e-07
 Reference value :  3.46407e-07
 Reference value :  3.53307e-07
 Reference value :  3.59908e-07
 Reference value :  3.66392e-07
 Reference value :  3.73292e-07
 Reference value :  3.80042e-07
 Reference value :  3.86942e-07
 Reference value :  3.93892e-07
 Reference value :  4.00692e-07
 Reference value :  4.07492e-07
 Reference value :  4.14292e-07
 Reference value :  4.21042e-07
 Reference value :  4.27792e-07
 Reference value :  4.34692e-07
 Reference value :  4.41475e-07
 Reference value :  4.48275e-07
 Reference value :  4.54902e-07
 Reference value :  4.60106e-07
 Reference value :  4.66956e-07
 Reference value :  4.73756e-07
 Reference value :  4.80010e-07
 Reference value :  4.86792e-07
 Reference value :  4.93592e-07
 Reference value :  5.00442e-07
 Reference value :  5.07342e-07
 Reference value :  5.14092e-07
 Reference value :  5.20942e-07
 Reference value :  5.27792e-07
 Reference value :  5.34442e-07
 Reference value :  5.41292e-07
 Reference value :  5.48042e-07
 Reference value :  5.54842e-07
 Reference value :  5.61275e-07
 Reference value :  5.67975e-07
 Reference value :  5.74675e-07
 Reference value :  5.79926e-07
 Reference value :  5.85505e-07
 Reference value :  5.91855e-07
 Reference value :  5.98355e-07
 Reference value :  6.03890e-07
 Reference value :  6.10340e-07
 Reference value :  6.16990e-07
 Reference value :  6.23440e-07
 Reference value :  6.29940e-07
 Reference value :  6.36440e-07
 Reference value :  6.42890e-07
 Reference value :  6.49490e-07
 Reference value :  6.55940e-07
 Reference value :  6.62240e-07
 Reference value :  6.68690e-07
 Reference value :  6.75090e-07
 Reference value :  6.81325e-07
 Reference value :  6.87775e-07
 Reference value :  6.94375e-07
 Reference value :  6.99902e-07
 Reference value :  7.05656e-07
 Reference value :  7.12256e-07
 Reference value :  7.19006e-07
 Reference value :  7.25656e-07
 Reference value :  7.32356e-07
 Reference value :  7.39006e-07
 Reference value :  7.45656e-07
 Reference value :  7.52406e-07
 Reference value :  7.58906e-07
 Reference value :  7.65156e-07
 Reference value :  7.71356e-07
 Reference value :  7.77556e-07
 Reference value :  7.83806e-07
 Reference value :  7.90056e-07
 Reference value :  7.96456e-07
 Reference value :  8.01928e-07
 Reference value :  8.08078e-07
 Reference value :  8.14378e-07
 Reference value :  8.20928e-07
 Reference value :  8.27478e-07
 Reference value :  8.34128e-07
 Reference value :  8.40528e-07
 Reference value :  8.47178e-07
 Reference value :  8.53578e-07
 Reference value :  8.60128e-07
 Reference value :  8.66678e-07
 Reference value :  8.73278e-07
 Reference value :  8.79678e-07
 Reference value :  8.86228e-07
 Reference value :  8.92878e-07
 Reference value :  8.99528e-07
 Reference value :  9.06178e-07
 Reference value :  9.12778e-07
 Reference value :  9.19378e-07
 Reference value :  9.25978e-07
 Reference value :  9.32378e-07
 Reference value :  9.38928e-07
 Reference value :  9.45528e-07
 Reference value :  9.52128e-07
 Reference value :  9.58528e-07
 Reference value :  9.65078e-07
 Reference value :  9.71678e-07
 Reference value :  9.78178e-07
 Reference value :  9.84878e-07
 Reference value :  9.91378e-07
 Reference value :  9.97928e-07
 Reference value :  1.00438e-06
 Reference value :  1.01088e-06
 Reference value :  1.01748e-06
 Reference value :  1.02393e-06
 Reference value :  1.03058e-06
 Reference value :  1.03723e-06
 Reference value :  1.04393e-06
 Reference value :  1.05033e-06
 Reference value :  1.05678e-06
 Reference value :  1.06333e-06
 Reference value :  1.07003e-06
 Reference value :  1.07648e-06
 Reference value :  1.08308e-06
 Reference value :  1.08973e-06
 Reference value :  1.09633e-06
 Reference value :  1.10293e-06
 Reference value :  1.10958e-06
 Reference value :  1.11623e-06
 Reference value :  1.12283e-06
 Reference value :  1.12923e-06
 Reference value :  1.13578e-06
 Reference value :  1.14238e-06
 Reference value :  1.14888e-06
 Reference value :  1.15533e-06
 Reference value :  1.16188e-06
 Reference value :  1.16848e-06
 Reference value :  1.17503e-06
 Reference value :  1.18143e-06
 Reference value :  1.18798e-06
 Reference value :  1.19443e-06
No. of Data Rows : 24195

  Measurements for Transient Analysis

d0                  =  1.66563e-08 targ=  8.16740e-07 trig=  8.00084e-07
t0                  =  5.34140e-10 targ=  8.16974e-07 trig=  8.16440e-07
d1                  =  1.67108e-08 targ=  8.16794e-07 trig=  8.00084e-07
t1                  =  5.87190e-10 targ=  8.17058e-07 trig=  8.16471e-07
d2                  =  1.68642e-08 targ=  8.16948e-07 trig=  8.00084e-07
t2                  =  7.41384e-10 targ=  8.17298e-07 trig=  8.16557e-07
d3                  =  1.70997e-08 targ=  8.17183e-07 trig=  8.00084e-07
t3                  =  9.94257e-10 targ=  8.17679e-07 trig=  8.16684e-07
d4                  =  1.75394e-08 targ=  8.17623e-07 trig=  8.00084e-07
t4                  =  1.51158e-09 targ=  8.18417e-07 trig=  8.16905e-07
d5                  =  1.83821e-08 targ=  8.18466e-07 trig=  8.00084e-07
t5                  =  2.58363e-09 targ=  8.19872e-07 trig=  8.17288e-07
d6                  =  2.00400e-08 targ=  8.20124e-07 trig=  8.00084e-07
t6                  =  4.79120e-09 targ=  8.22775e-07 trig=  8.17983e-07
d7                  =  1.66563e-08 targ=  8.16740e-07 trig=  8.00084e-07
t7                  =  5.34140e-10 targ=  8.16974e-07 trig=  8.16440e-07
chk                 =  5.00000e+00


Total analysis time (seconds) = 49.2265

Total elapsed time (seconds) = 49.333 

Total DRAM available = 65536.000 MB.
DRAM currently available = 1313.609 MB.
Maximum ngspice program size =   25.859 MB.
Current ngspice program size =   25.859 MB.

