
Note: No compatibility mode selected!


Circuit: * reg8x16 add[1] -> q  入力遷移 16.0ns rise  -- char_mem.py 生成

Doing analysis at TEMP = 25.000000 and TNOM = 27.000000

Using SPARSE 1.3 as Direct Linear Solver

Initial Transient Solution
--------------------------

Node                                   Voltage
----                                   -------
vdd                                          5
vss                                          0
a0s                                          0
a0                                           0
a1s                                          0
a1                                           0
a2s                                          0
a2                                           0
a3s                                          0
a3                                           0
d0s                                          0
dd0                                          0
d1s                                          0
dd1                                          0
d2s                                          0
dd2                                          0
d3s                                          0
dd3                                          0
d4s                                          0
dd4                                          0
d5s                                          0
dd5                                          0
d6s                                          0
dd6                                          0
d7s                                          0
dd7                                          0
webs                                         5
web                                          5
xu.ab0                                       5
xu.a0                              1.93326e-08
xu.ab1                                       5
xu.a1                              1.93326e-08
xu.ab2                                       5
xu.a2                              1.93326e-08
xu.ab3                                       5
xu.a3                              1.93326e-08
xu.xaddbuf.wt                      1.93326e-08
xu.webi                                      5
xu.rdb0                            2.22723e-07
xu.xdec2_0.s1_e                    5.56808e-08
xu.xdec2_0.s2_e                    1.11362e-07
xu.xdec2_0.s3_e                    1.67042e-07
xu.rd0                                       5
xu.xdec2_0.p1_e                        1.25668
xu.wr0                             2.46135e-08
xu.wrb0                                      5
xu.rdb1                                      5
xu.xdec2_0.s1_o                    5.59803e-09
xu.xdec2_0.s2_o                    1.11961e-08
xu.xdec2_0.s3_o                    1.67941e-08
xu.rd1                             1.39202e-08
xu.xdec2_0.p1_o                        4.96989
xu.wr1                             5.19598e-09
xu.wrb1                                      5
xu.rdb2                                      5
xu.xdec2_1.s1_e                    5.24968e-09
xu.xdec2_1.s2_e                    1.04994e-08
xu.xdec2_1.s3_e                         4.1675
xu.rd2                             1.39202e-08
xu.xdec2_1.p1_e                        4.96989
xu.wr2                             5.19598e-09
xu.wrb2                                      5
xu.rdb3                                      5
xu.xdec2_1.s1_o                    2.64295e-09
xu.xdec2_1.s2_o                    5.28591e-09
xu.xdec2_1.s3_o                       0.035135
xu.rd3                             1.39202e-08
xu.xdec2_1.p1_o                        4.96989
xu.wr3                             5.19598e-09
xu.wrb3                                      5
xu.rdb4                                      5
xu.xdec2_2.s1_e                    5.22621e-09
xu.xdec2_2.s2_e                        4.10765
xu.xdec2_2.s3_e                        4.12709
xu.rd4                             1.39202e-08
xu.xdec2_2.p1_e                        4.96989
xu.wr4                             5.19598e-09
xu.wrb4                                      5
xu.rdb5                                      5
xu.xdec2_2.s1_o                    2.60382e-09
xu.xdec2_2.s2_o                      0.0340425
xu.xdec2_2.s3_o                      0.0340425
xu.rd5                             1.39202e-08
xu.xdec2_2.p1_o                        4.96989
xu.wr5                             5.19598e-09
xu.wrb5                                      5
xu.rdb6                                      5
xu.xdec2_3.s1_e                    2.57605e-09
xu.xdec2_3.s2_e                      0.0332974
xu.xdec2_3.s3_e                        4.17952
xu.rd6                             1.39202e-08
xu.xdec2_3.p1_e                        4.96989
xu.wr6                             5.19598e-09
xu.wrb6                                      5
xu.rdb7                                      5
xu.xdec2_3.s1_o                    1.75568e-09
xu.xdec2_3.s2_o                       0.017862
xu.xdec2_3.s3_o                      0.0519102
xu.rd7                             1.39202e-08
xu.xdec2_3.p1_o                        4.96989
xu.wr7                             5.19598e-09
xu.wrb7                                      5
xu.rdb8                                      5
xu.xdec2_4.s1_e                        4.06719
xu.xdec2_4.s2_e                        4.07705
xu.xdec2_4.s3_e                        4.10095
xu.rd8                             1.39202e-08
xu.xdec2_4.p1_e                        4.96989
xu.wr8                             5.19598e-09
xu.wrb8                                      5
xu.rdb9                                      5
xu.xdec2_4.s1_o                      0.0330438
xu.xdec2_4.s2_o                      0.0330438
xu.xdec2_4.s3_o                      0.0330438
xu.rd9                             1.39202e-08
xu.xdec2_4.p1_o                        4.96989
xu.wr9                             5.19598e-09
xu.wrb9                                      5
xu.rdb10                                     5
xu.xdec2_5.s1_e                      0.0322762
xu.xdec2_5.s2_e                      0.0322762
xu.xdec2_5.s3_e                        4.17924
xu.rd10                            1.39202e-08
xu.xdec2_5.p1_e                        4.96989
xu.wr10                            5.19598e-09
xu.wrb10                                     5
xu.rdb11                                     5
xu.xdec2_5.s1_o                      0.0173948
xu.xdec2_5.s2_o                      0.0173948
xu.xdec2_5.s3_o                      0.0514801
xu.rd11                            1.39202e-08
xu.xdec2_5.p1_o                        4.96989
xu.wr11                            5.19598e-09
xu.wrb11                                     5
xu.rdb12                                     5
xu.xdec2_6.s1_e                      0.0331619
xu.xdec2_6.s2_e                        4.11588
xu.xdec2_6.s3_e                        4.13392
xu.rd12                            1.39202e-08
xu.xdec2_6.p1_e                        4.96989
xu.wr12                            5.19598e-09
xu.wrb12                                     5
xu.rdb13                                     5
xu.xdec2_6.s1_o                      0.0173591
xu.xdec2_6.s2_o                      0.0493255
xu.xdec2_6.s3_o                      0.0493255
xu.rd13                            1.39202e-08
xu.xdec2_6.p1_o                        4.96989
xu.wr13                            5.19598e-09
xu.wrb13                                     5
xu.rdb14                                     5
xu.xdec2_7.s1_e                       0.017437
xu.xdec2_7.s2_e                      0.0497133
xu.xdec2_7.s3_e                        4.18339
xu.rd14                            1.39202e-08
xu.xdec2_7.p1_e                        4.96989
xu.wr14                            5.19598e-09
xu.wrb14                                     5
xu.rdb15                                     5
xu.xdec2_7.s1_o                      0.0120365
xu.xdec2_7.s2_o                      0.0291425
xu.xdec2_7.s3_o                      0.0621238
xu.rd15                            1.39202e-08
xu.xdec2_7.p1_o                        4.96989
xu.wr15                            5.19598e-09
xu.wrb15                                     5
xu.dl0                             2.83926e-07
xu.xt00_0.n3                                 5
xu.xt00_0.n1                       1.59197e-08
xu.xt00_0.n2                                 5
xu.xt00_0.n4                                 5
xu.ql0                                       5
xu.dl1                             2.83926e-07
xu.xt00_1.n3                                 5
xu.xt00_1.n1                       1.59197e-08
xu.xt00_1.n2                                 5
xu.xt00_1.n4                                 5
xu.ql1                                       5
xu.dl2                             2.83926e-07
xu.xt00_2.n3                                 5
xu.xt00_2.n1                       1.59197e-08
xu.xt00_2.n2                                 5
xu.xt00_2.n4                                 5
xu.ql2                                       5
xu.dl3                             2.83926e-07
xu.xt00_3.n3                                 5
xu.xt00_3.n1                       1.59197e-08
xu.xt00_3.n2                                 5
xu.xt00_3.n4                                 5
xu.ql3                                       5
xu.dl4                             2.83926e-07
xu.xt00_4.n3                                 5
xu.xt00_4.n1                       1.59197e-08
xu.xt00_4.n2                                 5
xu.xt00_4.n4                                 5
xu.ql4                                       5
xu.dl5                             2.83926e-07
xu.xt00_5.n3                                 5
xu.xt00_5.n1                       1.59197e-08
xu.xt00_5.n2                                 5
xu.xt00_5.n4                                 5
xu.ql5                                       5
xu.dl6                             2.83926e-07
xu.xt00_6.n3                                 5
xu.xt00_6.n1                       1.59197e-08
xu.xt00_6.n2                                 5
xu.xt00_6.n4                                 5
xu.ql6                                       5
xu.dl7                             2.83926e-07
xu.xt00_7.n3                                 5
xu.xt00_7.n1                       1.59197e-08
xu.xt00_7.n2                                 5
xu.xt00_7.n4                                 5
xu.ql7                                       5
xu.xt01_0.n3                                 5
xu.xt01_0.n1                       1.59197e-08
xu.xt01_0.n2                                 5
xu.xt01_0.n4                                 5
xu.xt01_1.n3                                 5
xu.xt01_1.n1                       1.59197e-08
xu.xt01_1.n2                                 5
xu.xt01_1.n4                                 5
xu.xt01_2.n3                                 5
xu.xt01_2.n1                       1.59197e-08
xu.xt01_2.n2                                 5
xu.xt01_2.n4                                 5
xu.xt01_3.n3                                 5
xu.xt01_3.n1                       1.59197e-08
xu.xt01_3.n2                                 5
xu.xt01_3.n4                                 5
xu.xt01_4.n3                                 5
xu.xt01_4.n1                       1.59197e-08
xu.xt01_4.n2                                 5
xu.xt01_4.n4                                 5
xu.xt01_5.n3                                 5
xu.xt01_5.n1                       1.59197e-08
xu.xt01_5.n2                                 5
xu.xt01_5.n4                                 5
xu.xt01_6.n3                                 5
xu.xt01_6.n1                       1.59197e-08
xu.xt01_6.n2                                 5
xu.xt01_6.n4                                 5
xu.xt01_7.n3                                 5
xu.xt01_7.n1                       1.59197e-08
xu.xt01_7.n2                                 5
xu.xt01_7.n4                                 5
xu.xt02_0.n3                                 5
xu.xt02_0.n1                       1.59197e-08
xu.xt02_0.n2                                 5
xu.xt02_0.n4                                 5
xu.xt02_1.n3                                 5
xu.xt02_1.n1                       1.59197e-08
xu.xt02_1.n2                                 5
xu.xt02_1.n4                                 5
xu.xt02_2.n3                                 5
xu.xt02_2.n1                       1.59197e-08
xu.xt02_2.n2                                 5
xu.xt02_2.n4                                 5
xu.xt02_3.n3                                 5
xu.xt02_3.n1                       1.59197e-08
xu.xt02_3.n2                                 5
xu.xt02_3.n4                                 5
xu.xt02_4.n3                                 5
xu.xt02_4.n1                       1.59197e-08
xu.xt02_4.n2                                 5
xu.xt02_4.n4                                 5
xu.xt02_5.n3                                 5
xu.xt02_5.n1                       1.59197e-08
xu.xt02_5.n2                                 5
xu.xt02_5.n4                                 5
xu.xt02_6.n3                                 5
xu.xt02_6.n1                       1.59197e-08
xu.xt02_6.n2                                 5
xu.xt02_6.n4                                 5
xu.xt02_7.n3                                 5
xu.xt02_7.n1                       1.59197e-08
xu.xt02_7.n2                                 5
xu.xt02_7.n4                                 5
xu.xt03_0.n3                                 5
xu.xt03_0.n1                       1.59197e-08
xu.xt03_0.n2                                 5
xu.xt03_0.n4                                 5
xu.xt03_1.n3                                 5
xu.xt03_1.n1                       1.59197e-08
xu.xt03_1.n2                                 5
xu.xt03_1.n4                                 5
xu.xt03_2.n3                                 5
xu.xt03_2.n1                       1.59197e-08
xu.xt03_2.n2                                 5
xu.xt03_2.n4                                 5
xu.xt03_3.n3                                 5
xu.xt03_3.n1                       1.59197e-08
xu.xt03_3.n2                                 5
xu.xt03_3.n4                                 5
xu.xt03_4.n3                                 5
xu.xt03_4.n1                       1.59197e-08
xu.xt03_4.n2                                 5
xu.xt03_4.n4                                 5
xu.xt03_5.n3                                 5
xu.xt03_5.n1                       1.59197e-08
xu.xt03_5.n2                                 5
xu.xt03_5.n4                                 5
xu.xt03_6.n3                                 5
xu.xt03_6.n1                       1.59197e-08
xu.xt03_6.n2                                 5
xu.xt03_6.n4                                 5
xu.xt03_7.n3                                 5
xu.xt03_7.n1                       1.59197e-08
xu.xt03_7.n2                                 5
xu.xt03_7.n4                                 5
xu.xt04_0.n3                                 5
xu.xt04_0.n1                       1.59197e-08
xu.xt04_0.n2                                 5
xu.xt04_0.n4                                 5
xu.xt04_1.n3                                 5
xu.xt04_1.n1                       1.59197e-08
xu.xt04_1.n2                                 5
xu.xt04_1.n4                                 5
xu.xt04_2.n3                                 5
xu.xt04_2.n1                       1.59197e-08
xu.xt04_2.n2                                 5
xu.xt04_2.n4                                 5
xu.xt04_3.n3                                 5
xu.xt04_3.n1                       1.59197e-08
xu.xt04_3.n2                                 5
xu.xt04_3.n4                                 5
xu.xt04_4.n3                                 5
xu.xt04_4.n1                       1.59197e-08
xu.xt04_4.n2                                 5
xu.xt04_4.n4                                 5
xu.xt04_5.n3                                 5
xu.xt04_5.n1                       1.59197e-08
xu.xt04_5.n2                                 5
xu.xt04_5.n4                                 5
xu.xt04_6.n3                                 5
xu.xt04_6.n1                       1.59197e-08
xu.xt04_6.n2                                 5
xu.xt04_6.n4                                 5
xu.xt04_7.n3                                 5
xu.xt04_7.n1                       1.59197e-08
xu.xt04_7.n2                                 5
xu.xt04_7.n4                                 5
xu.xt05_0.n3                                 5
xu.xt05_0.n1                       1.59197e-08
xu.xt05_0.n2                                 5
xu.xt05_0.n4                                 5
xu.xt05_1.n3                                 5
xu.xt05_1.n1                       1.59197e-08
xu.xt05_1.n2                                 5
xu.xt05_1.n4                                 5
xu.xt05_2.n3                                 5
xu.xt05_2.n1                       1.59197e-08
xu.xt05_2.n2                                 5
xu.xt05_2.n4                                 5
xu.xt05_3.n3                                 5
xu.xt05_3.n1                       1.59197e-08
xu.xt05_3.n2                                 5
xu.xt05_3.n4                                 5
xu.xt05_4.n3                                 5
xu.xt05_4.n1                       1.59197e-08
xu.xt05_4.n2                                 5
xu.xt05_4.n4                                 5
xu.xt05_5.n3                                 5
xu.xt05_5.n1                       1.59197e-08
xu.xt05_5.n2                                 5
xu.xt05_5.n4                                 5
xu.xt05_6.n3                                 5
xu.xt05_6.n1                       1.59197e-08
xu.xt05_6.n2                                 5
xu.xt05_6.n4                                 5
xu.xt05_7.n3                                 5
xu.xt05_7.n1                       1.59197e-08
xu.xt05_7.n2                                 5
xu.xt05_7.n4                                 5
xu.xt06_0.n3                                 5
xu.xt06_0.n1                       1.59197e-08
xu.xt06_0.n2                                 5
xu.xt06_0.n4                                 5
xu.xt06_1.n3                                 5
xu.xt06_1.n1                       1.59197e-08
xu.xt06_1.n2                                 5
xu.xt06_1.n4                                 5
xu.xt06_2.n3                                 5
xu.xt06_2.n1                       1.59197e-08
xu.xt06_2.n2                                 5
xu.xt06_2.n4                                 5
xu.xt06_3.n3                                 5
xu.xt06_3.n1                       1.59197e-08
xu.xt06_3.n2                                 5
xu.xt06_3.n4                                 5
xu.xt06_4.n3                                 5
xu.xt06_4.n1                       1.59197e-08
xu.xt06_4.n2                                 5
xu.xt06_4.n4                                 5
xu.xt06_5.n3                                 5
xu.xt06_5.n1                       1.59197e-08
xu.xt06_5.n2                                 5
xu.xt06_5.n4                                 5
xu.xt06_6.n3                                 5
xu.xt06_6.n1                       1.59197e-08
xu.xt06_6.n2                                 5
xu.xt06_6.n4                                 5
xu.xt06_7.n3                                 5
xu.xt06_7.n1                       1.59197e-08
xu.xt06_7.n2                                 5
xu.xt06_7.n4                                 5
xu.xt07_0.n3                       7.41121e-08
xu.xt07_0.n1                                 5
xu.xt07_0.n2                       5.08351e-08
xu.xt07_0.n4                       3.73554e-08
xu.xt07_1.n3                       7.41121e-08
xu.xt07_1.n1                                 5
xu.xt07_1.n2                       5.08351e-08
xu.xt07_1.n4                       3.73554e-08
xu.xt07_2.n3                       7.41121e-08
xu.xt07_2.n1                                 5
xu.xt07_2.n2                       5.08351e-08
xu.xt07_2.n4                       3.73554e-08
xu.xt07_3.n3                       7.41121e-08
xu.xt07_3.n1                                 5
xu.xt07_3.n2                       5.08351e-08
xu.xt07_3.n4                       3.73554e-08
xu.xt07_4.n3                       7.41121e-08
xu.xt07_4.n1                                 5
xu.xt07_4.n2                       5.08351e-08
xu.xt07_4.n4                       3.73554e-08
xu.xt07_5.n3                       7.41121e-08
xu.xt07_5.n1                                 5
xu.xt07_5.n2                       5.08351e-08
xu.xt07_5.n4                       3.73554e-08
xu.xt07_6.n3                       7.41121e-08
xu.xt07_6.n1                                 5
xu.xt07_6.n2                       5.08351e-08
xu.xt07_6.n4                       3.73554e-08
xu.xt07_7.n3                       7.41121e-08
xu.xt07_7.n1                                 5
xu.xt07_7.n2                       5.08351e-08
xu.xt07_7.n4                       3.73554e-08
xu.xt08_0.n3                                 5
xu.xt08_0.n1                       1.59197e-08
xu.xt08_0.n2                                 5
xu.xt08_0.n4                                 5
xu.xt08_1.n3                                 5
xu.xt08_1.n1                       1.59197e-08
xu.xt08_1.n2                                 5
xu.xt08_1.n4                                 5
xu.xt08_2.n3                                 5
xu.xt08_2.n1                       1.59197e-08
xu.xt08_2.n2                                 5
xu.xt08_2.n4                                 5
xu.xt08_3.n3                                 5
xu.xt08_3.n1                       1.59197e-08
xu.xt08_3.n2                                 5
xu.xt08_3.n4                                 5
xu.xt08_4.n3                                 5
xu.xt08_4.n1                       1.59197e-08
xu.xt08_4.n2                                 5
xu.xt08_4.n4                                 5
xu.xt08_5.n3                                 5
xu.xt08_5.n1                       1.59197e-08
xu.xt08_5.n2                                 5
xu.xt08_5.n4                                 5
xu.xt08_6.n3                                 5
xu.xt08_6.n1                       1.59197e-08
xu.xt08_6.n2                                 5
xu.xt08_6.n4                                 5
xu.xt08_7.n3                                 5
xu.xt08_7.n1                       1.59197e-08
xu.xt08_7.n2                                 5
xu.xt08_7.n4                                 5
xu.xt09_0.n3                       7.41121e-08
xu.xt09_0.n1                                 5
xu.xt09_0.n2                       5.08351e-08
xu.xt09_0.n4                       3.73554e-08
xu.xt09_1.n3                       7.41121e-08
xu.xt09_1.n1                                 5
xu.xt09_1.n2                       5.08351e-08
xu.xt09_1.n4                       3.73554e-08
xu.xt09_2.n3                       7.41121e-08
xu.xt09_2.n1                                 5
xu.xt09_2.n2                       5.08351e-08
xu.xt09_2.n4                       3.73554e-08
xu.xt09_3.n3                       7.41121e-08
xu.xt09_3.n1                                 5
xu.xt09_3.n2                       5.08351e-08
xu.xt09_3.n4                       3.73554e-08
xu.xt09_4.n3                       7.41121e-08
xu.xt09_4.n1                                 5
xu.xt09_4.n2                       5.08351e-08
xu.xt09_4.n4                       3.73554e-08
xu.xt09_5.n3                       7.41121e-08
xu.xt09_5.n1                                 5
xu.xt09_5.n2                       5.08351e-08
xu.xt09_5.n4                       3.73554e-08
xu.xt09_6.n3                       7.41121e-08
xu.xt09_6.n1                                 5
xu.xt09_6.n2                       5.08351e-08
xu.xt09_6.n4                       3.73554e-08
xu.xt09_7.n3                       7.41121e-08
xu.xt09_7.n1                                 5
xu.xt09_7.n2                       5.08351e-08
xu.xt09_7.n4                       3.73554e-08
xu.xt10_0.n3                       7.41121e-08
xu.xt10_0.n1                                 5
xu.xt10_0.n2                       5.08351e-08
xu.xt10_0.n4                       3.73554e-08
xu.xt10_1.n3                       7.41121e-08
xu.xt10_1.n1                                 5
xu.xt10_1.n2                       5.08351e-08
xu.xt10_1.n4                       3.73554e-08
xu.xt10_2.n3                       7.41121e-08
xu.xt10_2.n1                                 5
xu.xt10_2.n2                       5.08351e-08
xu.xt10_2.n4                       3.73554e-08
xu.xt10_3.n3                       7.41121e-08
xu.xt10_3.n1                                 5
xu.xt10_3.n2                       5.08351e-08
xu.xt10_3.n4                       3.73554e-08
xu.xt10_4.n3                       7.41121e-08
xu.xt10_4.n1                                 5
xu.xt10_4.n2                       5.08351e-08
xu.xt10_4.n4                       3.73554e-08
xu.xt10_5.n3                       7.41121e-08
xu.xt10_5.n1                                 5
xu.xt10_5.n2                       5.08351e-08
xu.xt10_5.n4                       3.73554e-08
xu.xt10_6.n3                       7.41121e-08
xu.xt10_6.n1                                 5
xu.xt10_6.n2                       5.08351e-08
xu.xt10_6.n4                       3.73554e-08
xu.xt10_7.n3                       7.41121e-08
xu.xt10_7.n1                                 5
xu.xt10_7.n2                       5.08351e-08
xu.xt10_7.n4                       3.73554e-08
xu.xt11_0.n3                       7.41121e-08
xu.xt11_0.n1                                 5
xu.xt11_0.n2                       5.08351e-08
xu.xt11_0.n4                       3.73554e-08
xu.xt11_1.n3                       7.41121e-08
xu.xt11_1.n1                                 5
xu.xt11_1.n2                       5.08351e-08
xu.xt11_1.n4                       3.73554e-08
xu.xt11_2.n3                       7.41121e-08
xu.xt11_2.n1                                 5
xu.xt11_2.n2                       5.08351e-08
xu.xt11_2.n4                       3.73554e-08
xu.xt11_3.n3                       7.41121e-08
xu.xt11_3.n1                                 5
xu.xt11_3.n2                       5.08351e-08
xu.xt11_3.n4                       3.73554e-08
xu.xt11_4.n3                       7.41121e-08
xu.xt11_4.n1                                 5
xu.xt11_4.n2                       5.08351e-08
xu.xt11_4.n4                       3.73554e-08
xu.xt11_5.n3                       7.41121e-08
xu.xt11_5.n1                                 5
xu.xt11_5.n2                       5.08351e-08
xu.xt11_5.n4                       3.73554e-08
xu.xt11_6.n3                       7.41121e-08
xu.xt11_6.n1                                 5
xu.xt11_6.n2                       5.08351e-08
xu.xt11_6.n4                       3.73554e-08
xu.xt11_7.n3                       7.41121e-08
xu.xt11_7.n1                                 5
xu.xt11_7.n2                       5.08351e-08
xu.xt11_7.n4                       3.73554e-08
xu.xt12_0.n3                       7.41121e-08
xu.xt12_0.n1                                 5
xu.xt12_0.n2                       5.08351e-08
xu.xt12_0.n4                       3.73554e-08
xu.xt12_1.n3                       7.41121e-08
xu.xt12_1.n1                                 5
xu.xt12_1.n2                       5.08351e-08
xu.xt12_1.n4                       3.73554e-08
xu.xt12_2.n3                       7.41121e-08
xu.xt12_2.n1                                 5
xu.xt12_2.n2                       5.08351e-08
xu.xt12_2.n4                       3.73554e-08
xu.xt12_3.n3                       7.41121e-08
xu.xt12_3.n1                                 5
xu.xt12_3.n2                       5.08351e-08
xu.xt12_3.n4                       3.73554e-08
xu.xt12_4.n3                       7.41121e-08
xu.xt12_4.n1                                 5
xu.xt12_4.n2                       5.08351e-08
xu.xt12_4.n4                       3.73554e-08
xu.xt12_5.n3                       7.41121e-08
xu.xt12_5.n1                                 5
xu.xt12_5.n2                       5.08351e-08
xu.xt12_5.n4                       3.73554e-08
xu.xt12_6.n3                       7.41121e-08
xu.xt12_6.n1                                 5
xu.xt12_6.n2                       5.08351e-08
xu.xt12_6.n4                       3.73554e-08
xu.xt12_7.n3                       7.41121e-08
xu.xt12_7.n1                                 5
xu.xt12_7.n2                       5.08351e-08
xu.xt12_7.n4                       3.73554e-08
xu.xt13_0.n3                       7.41121e-08
xu.xt13_0.n1                                 5
xu.xt13_0.n2                       5.08351e-08
xu.xt13_0.n4                       3.73554e-08
xu.xt13_1.n3                       7.41121e-08
xu.xt13_1.n1                                 5
xu.xt13_1.n2                       5.08351e-08
xu.xt13_1.n4                       3.73554e-08
xu.xt13_2.n3                       7.41121e-08
xu.xt13_2.n1                                 5
xu.xt13_2.n2                       5.08351e-08
xu.xt13_2.n4                       3.73554e-08
xu.xt13_3.n3                       7.41121e-08
xu.xt13_3.n1                                 5
xu.xt13_3.n2                       5.08351e-08
xu.xt13_3.n4                       3.73554e-08
xu.xt13_4.n3                       7.41121e-08
xu.xt13_4.n1                                 5
xu.xt13_4.n2                       5.08351e-08
xu.xt13_4.n4                       3.73554e-08
xu.xt13_5.n3                       7.41121e-08
xu.xt13_5.n1                                 5
xu.xt13_5.n2                       5.08351e-08
xu.xt13_5.n4                       3.73554e-08
xu.xt13_6.n3                       7.41121e-08
xu.xt13_6.n1                                 5
xu.xt13_6.n2                       5.08351e-08
xu.xt13_6.n4                       3.73554e-08
xu.xt13_7.n3                       7.41121e-08
xu.xt13_7.n1                                 5
xu.xt13_7.n2                       5.08351e-08
xu.xt13_7.n4                       3.73554e-08
xu.xt14_0.n3                       7.41121e-08
xu.xt14_0.n1                                 5
xu.xt14_0.n2                       5.08351e-08
xu.xt14_0.n4                       3.73554e-08
xu.xt14_1.n3                       7.41121e-08
xu.xt14_1.n1                                 5
xu.xt14_1.n2                       5.08351e-08
xu.xt14_1.n4                       3.73554e-08
xu.xt14_2.n3                       7.41121e-08
xu.xt14_2.n1                                 5
xu.xt14_2.n2                       5.08351e-08
xu.xt14_2.n4                       3.73554e-08
xu.xt14_3.n3                       7.41121e-08
xu.xt14_3.n1                                 5
xu.xt14_3.n2                       5.08351e-08
xu.xt14_3.n4                       3.73554e-08
xu.xt14_4.n3                       7.41121e-08
xu.xt14_4.n1                                 5
xu.xt14_4.n2                       5.08351e-08
xu.xt14_4.n4                       3.73554e-08
xu.xt14_5.n3                       7.41121e-08
xu.xt14_5.n1                                 5
xu.xt14_5.n2                       5.08351e-08
xu.xt14_5.n4                       3.73554e-08
xu.xt14_6.n3                       7.41121e-08
xu.xt14_6.n1                                 5
xu.xt14_6.n2                       5.08351e-08
xu.xt14_6.n4                       3.73554e-08
xu.xt14_7.n3                       7.41121e-08
xu.xt14_7.n1                                 5
xu.xt14_7.n2                       5.08351e-08
xu.xt14_7.n4                       3.73554e-08
xu.xt15_0.n3                       7.41121e-08
xu.xt15_0.n1                                 5
xu.xt15_0.n2                       5.08351e-08
xu.xt15_0.n4                       3.73554e-08
xu.xt15_1.n3                       7.41121e-08
xu.xt15_1.n1                                 5
xu.xt15_1.n2                       5.08351e-08
xu.xt15_1.n4                       3.73554e-08
xu.xt15_2.n3                       7.41121e-08
xu.xt15_2.n1                                 5
xu.xt15_2.n2                       5.08351e-08
xu.xt15_2.n4                       3.73554e-08
xu.xt15_3.n3                       7.41121e-08
xu.xt15_3.n1                                 5
xu.xt15_3.n2                       5.08351e-08
xu.xt15_3.n4                       3.73554e-08
xu.xt15_4.n3                       7.41121e-08
xu.xt15_4.n1                                 5
xu.xt15_4.n2                       5.08351e-08
xu.xt15_4.n4                       3.73554e-08
xu.xt15_5.n3                       7.41121e-08
xu.xt15_5.n1                                 5
xu.xt15_5.n2                       5.08351e-08
xu.xt15_5.n4                       3.73554e-08
xu.xt15_6.n3                       7.41121e-08
xu.xt15_6.n1                                 5
xu.xt15_6.n2                       5.08351e-08
xu.xt15_6.n4                       3.73554e-08
xu.xt15_7.n3                       7.41121e-08
xu.xt15_7.n1                                 5
xu.xt15_7.n2                       5.08351e-08
xu.xt15_7.n4                       3.73554e-08
xu.xbuf0.w1                                  5
xu.xbuf0.r1                        1.93327e-08
qq0                                          5
xu.xbuf1.w1                                  5
xu.xbuf1.r1                        1.93327e-08
qq1                                          5
xu.xbuf2.w1                                  5
xu.xbuf2.r1                        1.93327e-08
qq2                                          5
xu.xbuf3.w1                                  5
xu.xbuf3.r1                        1.93327e-08
qq3                                          5
xu.xbuf4.w1                                  5
xu.xbuf4.r1                        1.93327e-08
qq4                                          5
xu.xbuf5.w1                                  5
xu.xbuf5.r1                        1.93327e-08
qq5                                          5
xu.xbuf6.w1                                  5
xu.xbuf6.r1                        1.93327e-08
qq6                                          5
xu.xbuf7.w1                                  5
xu.xbuf7.r1                        1.93327e-08
qq7                                          5
vweb#branch                                  0
vd7#branch                                   0
vd6#branch                                   0
vd5#branch                                   0
vd4#branch                                   0
vd3#branch                                   0
vd2#branch                                   0
vd1#branch                                   0
vd0#branch                                   0
va3#branch                                   0
va2#branch                                   0
va1#branch                                   0
va0#branch                                   0
vvss#branch                        8.08354e-09
vvdd#branch                       -8.08355e-09

 Reference value :  2.86400e-09
 Reference value :  9.91400e-09
 Reference value :  1.70640e-08
 Reference value :  2.40640e-08
 Reference value :  3.10640e-08
 Reference value :  3.80640e-08
 Reference value :  4.49140e-08
 Reference value :  5.18640e-08
 Reference value :  5.87140e-08
 Reference value :  6.55640e-08
 Reference value :  7.23640e-08
 Reference value :  7.90140e-08
 Reference value :  8.56640e-08
 Reference value :  9.25640e-08
 Reference value :  9.94640e-08
 Reference value :  1.06225e-07
 Reference value :  1.13025e-07
 Reference value :  1.19863e-07
 Reference value :  1.26171e-07
 Reference value :  1.33321e-07
 Reference value :  1.40271e-07
 Reference value :  1.47271e-07
 Reference value :  1.54371e-07
 Reference value :  1.61271e-07
 Reference value :  1.68321e-07
 Reference value :  1.75371e-07
 Reference value :  1.82321e-07
 Reference value :  1.89321e-07
 Reference value :  1.96371e-07
 Reference value :  2.03325e-07
 Reference value :  2.10275e-07
 Reference value :  2.16340e-07
 Reference value :  2.22245e-07
 Reference value :  2.29445e-07
 Reference value :  2.36645e-07
 Reference value :  2.42878e-07
 Reference value :  2.50078e-07
 Reference value :  2.57178e-07
 Reference value :  2.64378e-07
 Reference value :  2.71528e-07
 Reference value :  2.78578e-07
 Reference value :  2.85778e-07
 Reference value :  2.92678e-07
 Reference value :  2.99878e-07
 Reference value :  3.07028e-07
 Reference value :  3.14228e-07
 Reference value :  3.20825e-07
 Reference value :  3.27475e-07
 Reference value :  3.34275e-07
 Reference value :  3.39902e-07
 Reference value :  3.45957e-07
 Reference value :  3.52807e-07
 Reference value :  3.59607e-07
 Reference value :  3.65842e-07
 Reference value :  3.72842e-07
 Reference value :  3.79642e-07
 Reference value :  3.86542e-07
 Reference value :  3.93542e-07
 Reference value :  4.00492e-07
 Reference value :  4.07542e-07
 Reference value :  4.14392e-07
 Reference value :  4.21142e-07
 Reference value :  4.28092e-07
 Reference value :  4.34942e-07
 Reference value :  4.41675e-07
 Reference value :  4.48425e-07
 Reference value :  4.54958e-07
 Reference value :  4.60306e-07
 Reference value :  4.67156e-07
 Reference value :  4.73956e-07
 Reference value :  4.80142e-07
 Reference value :  4.86992e-07
 Reference value :  4.93742e-07
 Reference value :  5.00642e-07
 Reference value :  5.07492e-07
 Reference value :  5.14392e-07
 Reference value :  5.21192e-07
 Reference value :  5.27992e-07
 Reference value :  5.34842e-07
 Reference value :  5.41542e-07
 Reference value :  5.48442e-07
 Reference value :  5.55192e-07
 Reference value :  5.61625e-07
 Reference value :  5.68125e-07
 Reference value :  5.74863e-07
 Reference value :  5.80001e-07
 Reference value :  5.85905e-07
 Reference value :  5.92205e-07
 Reference value :  5.98705e-07
 Reference value :  6.04390e-07
 Reference value :  6.10840e-07
 Reference value :  6.17340e-07
 Reference value :  6.23990e-07
 Reference value :  6.30490e-07
 Reference value :  6.36990e-07
 Reference value :  6.43390e-07
 Reference value :  6.49790e-07
 Reference value :  6.56390e-07
 Reference value :  6.62790e-07
 Reference value :  6.69190e-07
 Reference value :  6.75540e-07
 Reference value :  6.81625e-07
 Reference value :  6.88225e-07
 Reference value :  6.94775e-07
 Reference value :  7.00001e-07
 Reference value :  7.06023e-07
 Reference value :  7.12773e-07
 Reference value :  7.19523e-07
 Reference value :  7.26373e-07
 Reference value :  7.33123e-07
 Reference value :  7.39773e-07
 Reference value :  7.46423e-07
 Reference value :  7.53173e-07
 Reference value :  7.59873e-07
 Reference value :  7.66273e-07
 Reference value :  7.72673e-07
 Reference value :  7.79023e-07
 Reference value :  7.85223e-07
 Reference value :  7.91573e-07
 Reference value :  7.97823e-07
 Reference value :  8.04025e-07
 Reference value :  8.10575e-07
 Reference value :  8.16975e-07
 Reference value :  8.23525e-07
 Reference value :  8.29792e-07
 Reference value :  8.36192e-07
 Reference value :  8.42692e-07
 Reference value :  8.49192e-07
 Reference value :  8.55792e-07
 Reference value :  8.62242e-07
 Reference value :  8.68742e-07
 Reference value :  8.75442e-07
 Reference value :  8.82042e-07
 Reference value :  8.88542e-07
 Reference value :  8.95092e-07
 Reference value :  9.01792e-07
 Reference value :  9.08542e-07
 Reference value :  9.15242e-07
 Reference value :  9.21842e-07
 Reference value :  9.28392e-07
 Reference value :  9.34992e-07
 Reference value :  9.41542e-07
 Reference value :  9.48142e-07
 Reference value :  9.54742e-07
 Reference value :  9.61142e-07
 Reference value :  9.67642e-07
 Reference value :  9.74242e-07
 Reference value :  9.80692e-07
 Reference value :  9.87292e-07
 Reference value :  9.93942e-07
 Reference value :  1.00049e-06
 Reference value :  1.00709e-06
 Reference value :  1.01354e-06
 Reference value :  1.01994e-06
 Reference value :  1.02649e-06
 Reference value :  1.03299e-06
 Reference value :  1.03969e-06
 Reference value :  1.04634e-06
 Reference value :  1.05289e-06
 Reference value :  1.05934e-06
 Reference value :  1.06599e-06
 Reference value :  1.07264e-06
 Reference value :  1.07929e-06
 Reference value :  1.08579e-06
 Reference value :  1.09244e-06
 Reference value :  1.09904e-06
 Reference value :  1.10569e-06
 Reference value :  1.11229e-06
 Reference value :  1.11899e-06
 Reference value :  1.12559e-06
 Reference value :  1.13219e-06
 Reference value :  1.13869e-06
 Reference value :  1.14519e-06
 Reference value :  1.15169e-06
 Reference value :  1.15829e-06
 Reference value :  1.16479e-06
 Reference value :  1.17139e-06
 Reference value :  1.17804e-06
 Reference value :  1.18454e-06
 Reference value :  1.19104e-06
 Reference value :  1.19749e-06
 Reference value :  1.20399e-06
 Reference value :  1.21049e-06
 Reference value :  1.21704e-06
 Reference value :  1.22349e-06
No. of Data Rows : 24722

  Measurements for Transient Analysis

d0                  =  2.71979e-08 targ=  8.40531e-07 trig=  8.13334e-07
t0                  =  6.70515e-10 targ=  8.40837e-07 trig=  8.40166e-07
d1                  =  2.72483e-08 targ=  8.40582e-07 trig=  8.13334e-07
t1                  =  7.03499e-10 targ=  8.40904e-07 trig=  8.40200e-07
d2                  =  2.73827e-08 targ=  8.40716e-07 trig=  8.13334e-07
t2                  =  7.99596e-10 targ=  8.41089e-07 trig=  8.40290e-07
d3                  =  2.75747e-08 targ=  8.40908e-07 trig=  8.13334e-07
t3                  =  9.62762e-10 targ=  8.41376e-07 trig=  8.40413e-07
d4                  =  2.79069e-08 targ=  8.41240e-07 trig=  8.13334e-07
t4                  =  1.29452e-09 targ=  8.41907e-07 trig=  8.40612e-07
d5                  =  2.84945e-08 targ=  8.41828e-07 trig=  8.13334e-07
t5                  =  1.99152e-09 targ=  8.42916e-07 trig=  8.40924e-07
d6                  =  2.95959e-08 targ=  8.42929e-07 trig=  8.13334e-07
t6                  =  3.46770e-09 targ=  8.44897e-07 trig=  8.41429e-07
d7                  =  2.71979e-08 targ=  8.40531e-07 trig=  8.13334e-07
t7                  =  6.70515e-10 targ=  8.40837e-07 trig=  8.40166e-07
chk                 =  1.93329e-08


Total analysis time (seconds) = 50.286

Total elapsed time (seconds) = 50.392 

Total DRAM available = 65536.000 MB.
DRAM currently available = 1250.234 MB.
Maximum ngspice program size =   26.141 MB.
Current ngspice program size =   26.141 MB.

