
Note: No compatibility mode selected!


Circuit: * reg8x16 add[3] -> q  入力遷移 0.25ns rise  -- char_mem.py 生成

Doing analysis at TEMP = 25.000000 and TNOM = 27.000000

Using SPARSE 1.3 as Direct Linear Solver

Initial Transient Solution
--------------------------

Node                                   Voltage
----                                   -------
vdd                                          5
vss                                          0
a0s                                          0
a0                                           0
a1s                                          0
a1                                           0
a2s                                          0
a2                                           0
a3s                                          0
a3                                           0
d0s                                          0
dd0                                          0
d1s                                          0
dd1                                          0
d2s                                          0
dd2                                          0
d3s                                          0
dd3                                          0
d4s                                          0
dd4                                          0
d5s                                          0
dd5                                          0
d6s                                          0
dd6                                          0
d7s                                          0
dd7                                          0
webs                                         5
web                                          5
xu.ab0                                       5
xu.a0                              1.93326e-08
xu.ab1                                       5
xu.a1                              1.93326e-08
xu.ab2                                       5
xu.a2                              1.93326e-08
xu.ab3                                       5
xu.a3                              1.93326e-08
xu.xaddbuf.wt                      1.93326e-08
xu.webi                                      5
xu.rdb0                            2.22723e-07
xu.xdec2_0.s1_e                    5.56808e-08
xu.xdec2_0.s2_e                    1.11362e-07
xu.xdec2_0.s3_e                    1.67042e-07
xu.rd0                                       5
xu.xdec2_0.p1_e                        1.25668
xu.wr0                             2.46135e-08
xu.wrb0                                      5
xu.rdb1                                      5
xu.xdec2_0.s1_o                    5.59803e-09
xu.xdec2_0.s2_o                    1.11961e-08
xu.xdec2_0.s3_o                    1.67941e-08
xu.rd1                             1.39202e-08
xu.xdec2_0.p1_o                        4.96989
xu.wr1                             5.19598e-09
xu.wrb1                                      5
xu.rdb2                                      5
xu.xdec2_1.s1_e                    5.24968e-09
xu.xdec2_1.s2_e                    1.04994e-08
xu.xdec2_1.s3_e                         4.1675
xu.rd2                             1.39202e-08
xu.xdec2_1.p1_e                        4.96989
xu.wr2                             5.19598e-09
xu.wrb2                                      5
xu.rdb3                                      5
xu.xdec2_1.s1_o                    2.64295e-09
xu.xdec2_1.s2_o                    5.28591e-09
xu.xdec2_1.s3_o                       0.035135
xu.rd3                             1.39202e-08
xu.xdec2_1.p1_o                        4.96989
xu.wr3                             5.19598e-09
xu.wrb3                                      5
xu.rdb4                                      5
xu.xdec2_2.s1_e                    5.22621e-09
xu.xdec2_2.s2_e                        4.10765
xu.xdec2_2.s3_e                        4.12709
xu.rd4                             1.39202e-08
xu.xdec2_2.p1_e                        4.96989
xu.wr4                             5.19598e-09
xu.wrb4                                      5
xu.rdb5                                      5
xu.xdec2_2.s1_o                    2.60382e-09
xu.xdec2_2.s2_o                      0.0340425
xu.xdec2_2.s3_o                      0.0340425
xu.rd5                             1.39202e-08
xu.xdec2_2.p1_o                        4.96989
xu.wr5                             5.19598e-09
xu.wrb5                                      5
xu.rdb6                                      5
xu.xdec2_3.s1_e                    2.57605e-09
xu.xdec2_3.s2_e                      0.0332974
xu.xdec2_3.s3_e                        4.17952
xu.rd6                             1.39202e-08
xu.xdec2_3.p1_e                        4.96989
xu.wr6                             5.19598e-09
xu.wrb6                                      5
xu.rdb7                                      5
xu.xdec2_3.s1_o                    1.75568e-09
xu.xdec2_3.s2_o                       0.017862
xu.xdec2_3.s3_o                      0.0519102
xu.rd7                             1.39202e-08
xu.xdec2_3.p1_o                        4.96989
xu.wr7                             5.19598e-09
xu.wrb7                                      5
xu.rdb8                                      5
xu.xdec2_4.s1_e                        4.06719
xu.xdec2_4.s2_e                        4.07705
xu.xdec2_4.s3_e                        4.10095
xu.rd8                             1.39202e-08
xu.xdec2_4.p1_e                        4.96989
xu.wr8                             5.19598e-09
xu.wrb8                                      5
xu.rdb9                                      5
xu.xdec2_4.s1_o                      0.0330438
xu.xdec2_4.s2_o                      0.0330438
xu.xdec2_4.s3_o                      0.0330438
xu.rd9                             1.39202e-08
xu.xdec2_4.p1_o                        4.96989
xu.wr9                             5.19598e-09
xu.wrb9                                      5
xu.rdb10                                     5
xu.xdec2_5.s1_e                      0.0322762
xu.xdec2_5.s2_e                      0.0322762
xu.xdec2_5.s3_e                        4.17924
xu.rd10                            1.39202e-08
xu.xdec2_5.p1_e                        4.96989
xu.wr10                            5.19598e-09
xu.wrb10                                     5
xu.rdb11                                     5
xu.xdec2_5.s1_o                      0.0173948
xu.xdec2_5.s2_o                      0.0173948
xu.xdec2_5.s3_o                      0.0514801
xu.rd11                            1.39202e-08
xu.xdec2_5.p1_o                        4.96989
xu.wr11                            5.19598e-09
xu.wrb11                                     5
xu.rdb12                                     5
xu.xdec2_6.s1_e                      0.0331619
xu.xdec2_6.s2_e                        4.11588
xu.xdec2_6.s3_e                        4.13392
xu.rd12                            1.39202e-08
xu.xdec2_6.p1_e                        4.96989
xu.wr12                            5.19598e-09
xu.wrb12                                     5
xu.rdb13                                     5
xu.xdec2_6.s1_o                      0.0173591
xu.xdec2_6.s2_o                      0.0493255
xu.xdec2_6.s3_o                      0.0493255
xu.rd13                            1.39202e-08
xu.xdec2_6.p1_o                        4.96989
xu.wr13                            5.19598e-09
xu.wrb13                                     5
xu.rdb14                                     5
xu.xdec2_7.s1_e                       0.017437
xu.xdec2_7.s2_e                      0.0497133
xu.xdec2_7.s3_e                        4.18339
xu.rd14                            1.39202e-08
xu.xdec2_7.p1_e                        4.96989
xu.wr14                            5.19598e-09
xu.wrb14                                     5
xu.rdb15                                     5
xu.xdec2_7.s1_o                      0.0120365
xu.xdec2_7.s2_o                      0.0291425
xu.xdec2_7.s3_o                      0.0621238
xu.rd15                            1.39202e-08
xu.xdec2_7.p1_o                        4.96989
xu.wr15                            5.19598e-09
xu.wrb15                                     5
xu.dl0                             2.83926e-07
xu.xt00_0.n3                                 5
xu.xt00_0.n1                       1.59197e-08
xu.xt00_0.n2                                 5
xu.xt00_0.n4                                 5
xu.ql0                                       5
xu.dl1                             2.83926e-07
xu.xt00_1.n3                                 5
xu.xt00_1.n1                       1.59197e-08
xu.xt00_1.n2                                 5
xu.xt00_1.n4                                 5
xu.ql1                                       5
xu.dl2                             2.83926e-07
xu.xt00_2.n3                                 5
xu.xt00_2.n1                       1.59197e-08
xu.xt00_2.n2                                 5
xu.xt00_2.n4                                 5
xu.ql2                                       5
xu.dl3                             2.83926e-07
xu.xt00_3.n3                                 5
xu.xt00_3.n1                       1.59197e-08
xu.xt00_3.n2                                 5
xu.xt00_3.n4                                 5
xu.ql3                                       5
xu.dl4                             2.83926e-07
xu.xt00_4.n3                                 5
xu.xt00_4.n1                       1.59197e-08
xu.xt00_4.n2                                 5
xu.xt00_4.n4                                 5
xu.ql4                                       5
xu.dl5                             2.83926e-07
xu.xt00_5.n3                                 5
xu.xt00_5.n1                       1.59197e-08
xu.xt00_5.n2                                 5
xu.xt00_5.n4                                 5
xu.ql5                                       5
xu.dl6                             2.83926e-07
xu.xt00_6.n3                                 5
xu.xt00_6.n1                       1.59197e-08
xu.xt00_6.n2                                 5
xu.xt00_6.n4                                 5
xu.ql6                                       5
xu.dl7                             2.83926e-07
xu.xt00_7.n3                                 5
xu.xt00_7.n1                       1.59197e-08
xu.xt00_7.n2                                 5
xu.xt00_7.n4                                 5
xu.ql7                                       5
xu.xt01_0.n3                                 5
xu.xt01_0.n1                       1.59197e-08
xu.xt01_0.n2                                 5
xu.xt01_0.n4                                 5
xu.xt01_1.n3                                 5
xu.xt01_1.n1                       1.59197e-08
xu.xt01_1.n2                                 5
xu.xt01_1.n4                                 5
xu.xt01_2.n3                                 5
xu.xt01_2.n1                       1.59197e-08
xu.xt01_2.n2                                 5
xu.xt01_2.n4                                 5
xu.xt01_3.n3                                 5
xu.xt01_3.n1                       1.59197e-08
xu.xt01_3.n2                                 5
xu.xt01_3.n4                                 5
xu.xt01_4.n3                                 5
xu.xt01_4.n1                       1.59197e-08
xu.xt01_4.n2                                 5
xu.xt01_4.n4                                 5
xu.xt01_5.n3                                 5
xu.xt01_5.n1                       1.59197e-08
xu.xt01_5.n2                                 5
xu.xt01_5.n4                                 5
xu.xt01_6.n3                                 5
xu.xt01_6.n1                       1.59197e-08
xu.xt01_6.n2                                 5
xu.xt01_6.n4                                 5
xu.xt01_7.n3                                 5
xu.xt01_7.n1                       1.59197e-08
xu.xt01_7.n2                                 5
xu.xt01_7.n4                                 5
xu.xt02_0.n3                                 5
xu.xt02_0.n1                       1.59197e-08
xu.xt02_0.n2                                 5
xu.xt02_0.n4                                 5
xu.xt02_1.n3                                 5
xu.xt02_1.n1                       1.59197e-08
xu.xt02_1.n2                                 5
xu.xt02_1.n4                                 5
xu.xt02_2.n3                                 5
xu.xt02_2.n1                       1.59197e-08
xu.xt02_2.n2                                 5
xu.xt02_2.n4                                 5
xu.xt02_3.n3                                 5
xu.xt02_3.n1                       1.59197e-08
xu.xt02_3.n2                                 5
xu.xt02_3.n4                                 5
xu.xt02_4.n3                                 5
xu.xt02_4.n1                       1.59197e-08
xu.xt02_4.n2                                 5
xu.xt02_4.n4                                 5
xu.xt02_5.n3                                 5
xu.xt02_5.n1                       1.59197e-08
xu.xt02_5.n2                                 5
xu.xt02_5.n4                                 5
xu.xt02_6.n3                                 5
xu.xt02_6.n1                       1.59197e-08
xu.xt02_6.n2                                 5
xu.xt02_6.n4                                 5
xu.xt02_7.n3                                 5
xu.xt02_7.n1                       1.59197e-08
xu.xt02_7.n2                                 5
xu.xt02_7.n4                                 5
xu.xt03_0.n3                                 5
xu.xt03_0.n1                       1.59197e-08
xu.xt03_0.n2                                 5
xu.xt03_0.n4                                 5
xu.xt03_1.n3                                 5
xu.xt03_1.n1                       1.59197e-08
xu.xt03_1.n2                                 5
xu.xt03_1.n4                                 5
xu.xt03_2.n3                                 5
xu.xt03_2.n1                       1.59197e-08
xu.xt03_2.n2                                 5
xu.xt03_2.n4                                 5
xu.xt03_3.n3                                 5
xu.xt03_3.n1                       1.59197e-08
xu.xt03_3.n2                                 5
xu.xt03_3.n4                                 5
xu.xt03_4.n3                                 5
xu.xt03_4.n1                       1.59197e-08
xu.xt03_4.n2                                 5
xu.xt03_4.n4                                 5
xu.xt03_5.n3                                 5
xu.xt03_5.n1                       1.59197e-08
xu.xt03_5.n2                                 5
xu.xt03_5.n4                                 5
xu.xt03_6.n3                                 5
xu.xt03_6.n1                       1.59197e-08
xu.xt03_6.n2                                 5
xu.xt03_6.n4                                 5
xu.xt03_7.n3                                 5
xu.xt03_7.n1                       1.59197e-08
xu.xt03_7.n2                                 5
xu.xt03_7.n4                                 5
xu.xt04_0.n3                                 5
xu.xt04_0.n1                       1.59197e-08
xu.xt04_0.n2                                 5
xu.xt04_0.n4                                 5
xu.xt04_1.n3                                 5
xu.xt04_1.n1                       1.59197e-08
xu.xt04_1.n2                                 5
xu.xt04_1.n4                                 5
xu.xt04_2.n3                                 5
xu.xt04_2.n1                       1.59197e-08
xu.xt04_2.n2                                 5
xu.xt04_2.n4                                 5
xu.xt04_3.n3                                 5
xu.xt04_3.n1                       1.59197e-08
xu.xt04_3.n2                                 5
xu.xt04_3.n4                                 5
xu.xt04_4.n3                                 5
xu.xt04_4.n1                       1.59197e-08
xu.xt04_4.n2                                 5
xu.xt04_4.n4                                 5
xu.xt04_5.n3                                 5
xu.xt04_5.n1                       1.59197e-08
xu.xt04_5.n2                                 5
xu.xt04_5.n4                                 5
xu.xt04_6.n3                                 5
xu.xt04_6.n1                       1.59197e-08
xu.xt04_6.n2                                 5
xu.xt04_6.n4                                 5
xu.xt04_7.n3                                 5
xu.xt04_7.n1                       1.59197e-08
xu.xt04_7.n2                                 5
xu.xt04_7.n4                                 5
xu.xt05_0.n3                                 5
xu.xt05_0.n1                       1.59197e-08
xu.xt05_0.n2                                 5
xu.xt05_0.n4                                 5
xu.xt05_1.n3                                 5
xu.xt05_1.n1                       1.59197e-08
xu.xt05_1.n2                                 5
xu.xt05_1.n4                                 5
xu.xt05_2.n3                                 5
xu.xt05_2.n1                       1.59197e-08
xu.xt05_2.n2                                 5
xu.xt05_2.n4                                 5
xu.xt05_3.n3                                 5
xu.xt05_3.n1                       1.59197e-08
xu.xt05_3.n2                                 5
xu.xt05_3.n4                                 5
xu.xt05_4.n3                                 5
xu.xt05_4.n1                       1.59197e-08
xu.xt05_4.n2                                 5
xu.xt05_4.n4                                 5
xu.xt05_5.n3                                 5
xu.xt05_5.n1                       1.59197e-08
xu.xt05_5.n2                                 5
xu.xt05_5.n4                                 5
xu.xt05_6.n3                                 5
xu.xt05_6.n1                       1.59197e-08
xu.xt05_6.n2                                 5
xu.xt05_6.n4                                 5
xu.xt05_7.n3                                 5
xu.xt05_7.n1                       1.59197e-08
xu.xt05_7.n2                                 5
xu.xt05_7.n4                                 5
xu.xt06_0.n3                                 5
xu.xt06_0.n1                       1.59197e-08
xu.xt06_0.n2                                 5
xu.xt06_0.n4                                 5
xu.xt06_1.n3                                 5
xu.xt06_1.n1                       1.59197e-08
xu.xt06_1.n2                                 5
xu.xt06_1.n4                                 5
xu.xt06_2.n3                                 5
xu.xt06_2.n1                       1.59197e-08
xu.xt06_2.n2                                 5
xu.xt06_2.n4                                 5
xu.xt06_3.n3                                 5
xu.xt06_3.n1                       1.59197e-08
xu.xt06_3.n2                                 5
xu.xt06_3.n4                                 5
xu.xt06_4.n3                                 5
xu.xt06_4.n1                       1.59197e-08
xu.xt06_4.n2                                 5
xu.xt06_4.n4                                 5
xu.xt06_5.n3                                 5
xu.xt06_5.n1                       1.59197e-08
xu.xt06_5.n2                                 5
xu.xt06_5.n4                                 5
xu.xt06_6.n3                                 5
xu.xt06_6.n1                       1.59197e-08
xu.xt06_6.n2                                 5
xu.xt06_6.n4                                 5
xu.xt06_7.n3                                 5
xu.xt06_7.n1                       1.59197e-08
xu.xt06_7.n2                                 5
xu.xt06_7.n4                                 5
xu.xt07_0.n3                       7.41121e-08
xu.xt07_0.n1                                 5
xu.xt07_0.n2                       5.08351e-08
xu.xt07_0.n4                       3.73554e-08
xu.xt07_1.n3                       7.41121e-08
xu.xt07_1.n1                                 5
xu.xt07_1.n2                       5.08351e-08
xu.xt07_1.n4                       3.73554e-08
xu.xt07_2.n3                       7.41121e-08
xu.xt07_2.n1                                 5
xu.xt07_2.n2                       5.08351e-08
xu.xt07_2.n4                       3.73554e-08
xu.xt07_3.n3                       7.41121e-08
xu.xt07_3.n1                                 5
xu.xt07_3.n2                       5.08351e-08
xu.xt07_3.n4                       3.73554e-08
xu.xt07_4.n3                       7.41121e-08
xu.xt07_4.n1                                 5
xu.xt07_4.n2                       5.08351e-08
xu.xt07_4.n4                       3.73554e-08
xu.xt07_5.n3                       7.41121e-08
xu.xt07_5.n1                                 5
xu.xt07_5.n2                       5.08351e-08
xu.xt07_5.n4                       3.73554e-08
xu.xt07_6.n3                       7.41121e-08
xu.xt07_6.n1                                 5
xu.xt07_6.n2                       5.08351e-08
xu.xt07_6.n4                       3.73554e-08
xu.xt07_7.n3                       7.41121e-08
xu.xt07_7.n1                                 5
xu.xt07_7.n2                       5.08351e-08
xu.xt07_7.n4                       3.73554e-08
xu.xt08_0.n3                                 5
xu.xt08_0.n1                       1.59197e-08
xu.xt08_0.n2                                 5
xu.xt08_0.n4                                 5
xu.xt08_1.n3                                 5
xu.xt08_1.n1                       1.59197e-08
xu.xt08_1.n2                                 5
xu.xt08_1.n4                                 5
xu.xt08_2.n3                                 5
xu.xt08_2.n1                       1.59197e-08
xu.xt08_2.n2                                 5
xu.xt08_2.n4                                 5
xu.xt08_3.n3                                 5
xu.xt08_3.n1                       1.59197e-08
xu.xt08_3.n2                                 5
xu.xt08_3.n4                                 5
xu.xt08_4.n3                                 5
xu.xt08_4.n1                       1.59197e-08
xu.xt08_4.n2                                 5
xu.xt08_4.n4                                 5
xu.xt08_5.n3                                 5
xu.xt08_5.n1                       1.59197e-08
xu.xt08_5.n2                                 5
xu.xt08_5.n4                                 5
xu.xt08_6.n3                                 5
xu.xt08_6.n1                       1.59197e-08
xu.xt08_6.n2                                 5
xu.xt08_6.n4                                 5
xu.xt08_7.n3                                 5
xu.xt08_7.n1                       1.59197e-08
xu.xt08_7.n2                                 5
xu.xt08_7.n4                                 5
xu.xt09_0.n3                       7.41121e-08
xu.xt09_0.n1                                 5
xu.xt09_0.n2                       5.08351e-08
xu.xt09_0.n4                       3.73554e-08
xu.xt09_1.n3                       7.41121e-08
xu.xt09_1.n1                                 5
xu.xt09_1.n2                       5.08351e-08
xu.xt09_1.n4                       3.73554e-08
xu.xt09_2.n3                       7.41121e-08
xu.xt09_2.n1                                 5
xu.xt09_2.n2                       5.08351e-08
xu.xt09_2.n4                       3.73554e-08
xu.xt09_3.n3                       7.41121e-08
xu.xt09_3.n1                                 5
xu.xt09_3.n2                       5.08351e-08
xu.xt09_3.n4                       3.73554e-08
xu.xt09_4.n3                       7.41121e-08
xu.xt09_4.n1                                 5
xu.xt09_4.n2                       5.08351e-08
xu.xt09_4.n4                       3.73554e-08
xu.xt09_5.n3                       7.41121e-08
xu.xt09_5.n1                                 5
xu.xt09_5.n2                       5.08351e-08
xu.xt09_5.n4                       3.73554e-08
xu.xt09_6.n3                       7.41121e-08
xu.xt09_6.n1                                 5
xu.xt09_6.n2                       5.08351e-08
xu.xt09_6.n4                       3.73554e-08
xu.xt09_7.n3                       7.41121e-08
xu.xt09_7.n1                                 5
xu.xt09_7.n2                       5.08351e-08
xu.xt09_7.n4                       3.73554e-08
xu.xt10_0.n3                       7.41121e-08
xu.xt10_0.n1                                 5
xu.xt10_0.n2                       5.08351e-08
xu.xt10_0.n4                       3.73554e-08
xu.xt10_1.n3                       7.41121e-08
xu.xt10_1.n1                                 5
xu.xt10_1.n2                       5.08351e-08
xu.xt10_1.n4                       3.73554e-08
xu.xt10_2.n3                       7.41121e-08
xu.xt10_2.n1                                 5
xu.xt10_2.n2                       5.08351e-08
xu.xt10_2.n4                       3.73554e-08
xu.xt10_3.n3                       7.41121e-08
xu.xt10_3.n1                                 5
xu.xt10_3.n2                       5.08351e-08
xu.xt10_3.n4                       3.73554e-08
xu.xt10_4.n3                       7.41121e-08
xu.xt10_4.n1                                 5
xu.xt10_4.n2                       5.08351e-08
xu.xt10_4.n4                       3.73554e-08
xu.xt10_5.n3                       7.41121e-08
xu.xt10_5.n1                                 5
xu.xt10_5.n2                       5.08351e-08
xu.xt10_5.n4                       3.73554e-08
xu.xt10_6.n3                       7.41121e-08
xu.xt10_6.n1                                 5
xu.xt10_6.n2                       5.08351e-08
xu.xt10_6.n4                       3.73554e-08
xu.xt10_7.n3                       7.41121e-08
xu.xt10_7.n1                                 5
xu.xt10_7.n2                       5.08351e-08
xu.xt10_7.n4                       3.73554e-08
xu.xt11_0.n3                       7.41121e-08
xu.xt11_0.n1                                 5
xu.xt11_0.n2                       5.08351e-08
xu.xt11_0.n4                       3.73554e-08
xu.xt11_1.n3                       7.41121e-08
xu.xt11_1.n1                                 5
xu.xt11_1.n2                       5.08351e-08
xu.xt11_1.n4                       3.73554e-08
xu.xt11_2.n3                       7.41121e-08
xu.xt11_2.n1                                 5
xu.xt11_2.n2                       5.08351e-08
xu.xt11_2.n4                       3.73554e-08
xu.xt11_3.n3                       7.41121e-08
xu.xt11_3.n1                                 5
xu.xt11_3.n2                       5.08351e-08
xu.xt11_3.n4                       3.73554e-08
xu.xt11_4.n3                       7.41121e-08
xu.xt11_4.n1                                 5
xu.xt11_4.n2                       5.08351e-08
xu.xt11_4.n4                       3.73554e-08
xu.xt11_5.n3                       7.41121e-08
xu.xt11_5.n1                                 5
xu.xt11_5.n2                       5.08351e-08
xu.xt11_5.n4                       3.73554e-08
xu.xt11_6.n3                       7.41121e-08
xu.xt11_6.n1                                 5
xu.xt11_6.n2                       5.08351e-08
xu.xt11_6.n4                       3.73554e-08
xu.xt11_7.n3                       7.41121e-08
xu.xt11_7.n1                                 5
xu.xt11_7.n2                       5.08351e-08
xu.xt11_7.n4                       3.73554e-08
xu.xt12_0.n3                       7.41121e-08
xu.xt12_0.n1                                 5
xu.xt12_0.n2                       5.08351e-08
xu.xt12_0.n4                       3.73554e-08
xu.xt12_1.n3                       7.41121e-08
xu.xt12_1.n1                                 5
xu.xt12_1.n2                       5.08351e-08
xu.xt12_1.n4                       3.73554e-08
xu.xt12_2.n3                       7.41121e-08
xu.xt12_2.n1                                 5
xu.xt12_2.n2                       5.08351e-08
xu.xt12_2.n4                       3.73554e-08
xu.xt12_3.n3                       7.41121e-08
xu.xt12_3.n1                                 5
xu.xt12_3.n2                       5.08351e-08
xu.xt12_3.n4                       3.73554e-08
xu.xt12_4.n3                       7.41121e-08
xu.xt12_4.n1                                 5
xu.xt12_4.n2                       5.08351e-08
xu.xt12_4.n4                       3.73554e-08
xu.xt12_5.n3                       7.41121e-08
xu.xt12_5.n1                                 5
xu.xt12_5.n2                       5.08351e-08
xu.xt12_5.n4                       3.73554e-08
xu.xt12_6.n3                       7.41121e-08
xu.xt12_6.n1                                 5
xu.xt12_6.n2                       5.08351e-08
xu.xt12_6.n4                       3.73554e-08
xu.xt12_7.n3                       7.41121e-08
xu.xt12_7.n1                                 5
xu.xt12_7.n2                       5.08351e-08
xu.xt12_7.n4                       3.73554e-08
xu.xt13_0.n3                       7.41121e-08
xu.xt13_0.n1                                 5
xu.xt13_0.n2                       5.08351e-08
xu.xt13_0.n4                       3.73554e-08
xu.xt13_1.n3                       7.41121e-08
xu.xt13_1.n1                                 5
xu.xt13_1.n2                       5.08351e-08
xu.xt13_1.n4                       3.73554e-08
xu.xt13_2.n3                       7.41121e-08
xu.xt13_2.n1                                 5
xu.xt13_2.n2                       5.08351e-08
xu.xt13_2.n4                       3.73554e-08
xu.xt13_3.n3                       7.41121e-08
xu.xt13_3.n1                                 5
xu.xt13_3.n2                       5.08351e-08
xu.xt13_3.n4                       3.73554e-08
xu.xt13_4.n3                       7.41121e-08
xu.xt13_4.n1                                 5
xu.xt13_4.n2                       5.08351e-08
xu.xt13_4.n4                       3.73554e-08
xu.xt13_5.n3                       7.41121e-08
xu.xt13_5.n1                                 5
xu.xt13_5.n2                       5.08351e-08
xu.xt13_5.n4                       3.73554e-08
xu.xt13_6.n3                       7.41121e-08
xu.xt13_6.n1                                 5
xu.xt13_6.n2                       5.08351e-08
xu.xt13_6.n4                       3.73554e-08
xu.xt13_7.n3                       7.41121e-08
xu.xt13_7.n1                                 5
xu.xt13_7.n2                       5.08351e-08
xu.xt13_7.n4                       3.73554e-08
xu.xt14_0.n3                       7.41121e-08
xu.xt14_0.n1                                 5
xu.xt14_0.n2                       5.08351e-08
xu.xt14_0.n4                       3.73554e-08
xu.xt14_1.n3                       7.41121e-08
xu.xt14_1.n1                                 5
xu.xt14_1.n2                       5.08351e-08
xu.xt14_1.n4                       3.73554e-08
xu.xt14_2.n3                       7.41121e-08
xu.xt14_2.n1                                 5
xu.xt14_2.n2                       5.08351e-08
xu.xt14_2.n4                       3.73554e-08
xu.xt14_3.n3                       7.41121e-08
xu.xt14_3.n1                                 5
xu.xt14_3.n2                       5.08351e-08
xu.xt14_3.n4                       3.73554e-08
xu.xt14_4.n3                       7.41121e-08
xu.xt14_4.n1                                 5
xu.xt14_4.n2                       5.08351e-08
xu.xt14_4.n4                       3.73554e-08
xu.xt14_5.n3                       7.41121e-08
xu.xt14_5.n1                                 5
xu.xt14_5.n2                       5.08351e-08
xu.xt14_5.n4                       3.73554e-08
xu.xt14_6.n3                       7.41121e-08
xu.xt14_6.n1                                 5
xu.xt14_6.n2                       5.08351e-08
xu.xt14_6.n4                       3.73554e-08
xu.xt14_7.n3                       7.41121e-08
xu.xt14_7.n1                                 5
xu.xt14_7.n2                       5.08351e-08
xu.xt14_7.n4                       3.73554e-08
xu.xt15_0.n3                       7.41121e-08
xu.xt15_0.n1                                 5
xu.xt15_0.n2                       5.08351e-08
xu.xt15_0.n4                       3.73554e-08
xu.xt15_1.n3                       7.41121e-08
xu.xt15_1.n1                                 5
xu.xt15_1.n2                       5.08351e-08
xu.xt15_1.n4                       3.73554e-08
xu.xt15_2.n3                       7.41121e-08
xu.xt15_2.n1                                 5
xu.xt15_2.n2                       5.08351e-08
xu.xt15_2.n4                       3.73554e-08
xu.xt15_3.n3                       7.41121e-08
xu.xt15_3.n1                                 5
xu.xt15_3.n2                       5.08351e-08
xu.xt15_3.n4                       3.73554e-08
xu.xt15_4.n3                       7.41121e-08
xu.xt15_4.n1                                 5
xu.xt15_4.n2                       5.08351e-08
xu.xt15_4.n4                       3.73554e-08
xu.xt15_5.n3                       7.41121e-08
xu.xt15_5.n1                                 5
xu.xt15_5.n2                       5.08351e-08
xu.xt15_5.n4                       3.73554e-08
xu.xt15_6.n3                       7.41121e-08
xu.xt15_6.n1                                 5
xu.xt15_6.n2                       5.08351e-08
xu.xt15_6.n4                       3.73554e-08
xu.xt15_7.n3                       7.41121e-08
xu.xt15_7.n1                                 5
xu.xt15_7.n2                       5.08351e-08
xu.xt15_7.n4                       3.73554e-08
xu.xbuf0.w1                                  5
xu.xbuf0.r1                        1.93327e-08
qq0                                          5
xu.xbuf1.w1                                  5
xu.xbuf1.r1                        1.93327e-08
qq1                                          5
xu.xbuf2.w1                                  5
xu.xbuf2.r1                        1.93327e-08
qq2                                          5
xu.xbuf3.w1                                  5
xu.xbuf3.r1                        1.93327e-08
qq3                                          5
xu.xbuf4.w1                                  5
xu.xbuf4.r1                        1.93327e-08
qq4                                          5
xu.xbuf5.w1                                  5
xu.xbuf5.r1                        1.93327e-08
qq5                                          5
xu.xbuf6.w1                                  5
xu.xbuf6.r1                        1.93327e-08
qq6                                          5
xu.xbuf7.w1                                  5
xu.xbuf7.r1                        1.93327e-08
qq7                                          5
vweb#branch                                  0
vd7#branch                                   0
vd6#branch                                   0
vd5#branch                                   0
vd4#branch                                   0
vd3#branch                                   0
vd2#branch                                   0
vd1#branch                                   0
vd0#branch                                   0
va3#branch                                   0
va2#branch                                   0
va1#branch                                   0
va0#branch                                   0
vvss#branch                        8.08354e-09
vvdd#branch                       -8.08355e-09

 Reference value :  2.31400e-09
 Reference value :  8.76400e-09
 Reference value :  1.51140e-08
 Reference value :  2.17140e-08
 Reference value :  2.81640e-08
 Reference value :  3.46140e-08
 Reference value :  4.10640e-08
 Reference value :  4.75640e-08
 Reference value :  5.41140e-08
 Reference value :  6.05640e-08
 Reference value :  6.68640e-08
 Reference value :  7.31640e-08
 Reference value :  7.94140e-08
 Reference value :  8.56140e-08
 Reference value :  9.16140e-08
 Reference value :  9.76640e-08
 Reference value :  1.03725e-07
 Reference value :  1.09975e-07
 Reference value :  1.16175e-07
 Reference value :  1.21771e-07
 Reference value :  1.28171e-07
 Reference value :  1.34721e-07
 Reference value :  1.41171e-07
 Reference value :  1.47621e-07
 Reference value :  1.54171e-07
 Reference value :  1.60771e-07
 Reference value :  1.67371e-07
 Reference value :  1.73921e-07
 Reference value :  1.80521e-07
 Reference value :  1.87021e-07
 Reference value :  1.93571e-07
 Reference value :  2.00035e-07
 Reference value :  2.06675e-07
 Reference value :  2.13175e-07
 Reference value :  2.18940e-07
 Reference value :  2.24345e-07
 Reference value :  2.30995e-07
 Reference value :  2.37745e-07
 Reference value :  2.43478e-07
 Reference value :  2.50178e-07
 Reference value :  2.56828e-07
 Reference value :  2.63578e-07
 Reference value :  2.70178e-07
 Reference value :  2.76628e-07
 Reference value :  2.83078e-07
 Reference value :  2.89578e-07
 Reference value :  2.96078e-07
 Reference value :  3.02628e-07
 Reference value :  3.09228e-07
 Reference value :  3.15778e-07
 Reference value :  3.22075e-07
 Reference value :  3.28475e-07
 Reference value :  3.34900e-07
 Reference value :  3.39972e-07
 Reference value :  3.46107e-07
 Reference value :  3.52707e-07
 Reference value :  3.59357e-07
 Reference value :  3.65242e-07
 Reference value :  3.71692e-07
 Reference value :  3.78192e-07
 Reference value :  3.84592e-07
 Reference value :  3.91142e-07
 Reference value :  3.97642e-07
 Reference value :  4.04042e-07
 Reference value :  4.10542e-07
 Reference value :  4.16992e-07
 Reference value :  4.23642e-07
 Reference value :  4.30042e-07
 Reference value :  4.36442e-07
 Reference value :  4.42725e-07
 Reference value :  4.49125e-07
 Reference value :  4.55000e-07
 Reference value :  4.60056e-07
 Reference value :  4.66406e-07
 Reference value :  4.72756e-07
 Reference value :  4.79156e-07
 Reference value :  4.84992e-07
 Reference value :  4.91292e-07
 Reference value :  4.97592e-07
 Reference value :  5.03992e-07
 Reference value :  5.10442e-07
 Reference value :  5.16792e-07
 Reference value :  5.23092e-07
 Reference value :  5.29492e-07
 Reference value :  5.35942e-07
 Reference value :  5.42342e-07
 Reference value :  5.48792e-07
 Reference value :  5.55242e-07
 Reference value :  5.61575e-07
 Reference value :  5.67875e-07
 Reference value :  5.74275e-07
 Reference value :  5.79690e-07
 Reference value :  5.85055e-07
 Reference value :  5.91355e-07
 Reference value :  5.97855e-07
 Reference value :  6.03690e-07
 Reference value :  6.10090e-07
 Reference value :  6.16540e-07
 Reference value :  6.23040e-07
 Reference value :  6.29440e-07
 Reference value :  6.35990e-07
 Reference value :  6.42440e-07
 Reference value :  6.48940e-07
 Reference value :  6.55340e-07
 Reference value :  6.61690e-07
 Reference value :  6.68140e-07
 Reference value :  6.74540e-07
 Reference value :  6.80725e-07
 Reference value :  6.87025e-07
 Reference value :  6.93375e-07
 Reference value :  6.98790e-07
 Reference value :  7.04023e-07
 Reference value :  7.10573e-07
 Reference value :  7.16923e-07
 Reference value :  7.23373e-07
 Reference value :  7.29773e-07
 Reference value :  7.36273e-07
 Reference value :  7.42823e-07
 Reference value :  7.49223e-07
 Reference value :  7.55723e-07
 Reference value :  7.62173e-07
 Reference value :  7.68623e-07
 Reference value :  7.75073e-07
 Reference value :  7.81523e-07
 Reference value :  7.87923e-07
 Reference value :  7.94373e-07
 Reference value :  8.00420e-07
 Reference value :  8.06700e-07
 Reference value :  8.12950e-07
 Reference value :  8.19300e-07
 Reference value :  8.25650e-07
 Reference value :  8.32200e-07
 Reference value :  8.38600e-07
 Reference value :  8.45000e-07
 Reference value :  8.51450e-07
 Reference value :  8.57750e-07
 Reference value :  8.64150e-07
 Reference value :  8.70500e-07
 Reference value :  8.76900e-07
 Reference value :  8.83300e-07
 Reference value :  8.89750e-07
 Reference value :  8.96200e-07
 Reference value :  9.02600e-07
 Reference value :  9.09000e-07
 Reference value :  9.15300e-07
 Reference value :  9.21600e-07
 Reference value :  9.27950e-07
 Reference value :  9.34400e-07
 Reference value :  9.40700e-07
 Reference value :  9.47000e-07
 Reference value :  9.53300e-07
 Reference value :  9.59700e-07
 Reference value :  9.66050e-07
 Reference value :  9.72400e-07
 Reference value :  9.78850e-07
 Reference value :  9.85200e-07
 Reference value :  9.91450e-07
 Reference value :  9.97850e-07
 Reference value :  1.00415e-06
 Reference value :  1.01050e-06
 Reference value :  1.01690e-06
 Reference value :  1.02335e-06
 Reference value :  1.02975e-06
 Reference value :  1.03610e-06
 Reference value :  1.04250e-06
 Reference value :  1.04875e-06
 Reference value :  1.05505e-06
 Reference value :  1.06095e-06
 Reference value :  1.06680e-06
 Reference value :  1.07325e-06
 Reference value :  1.07975e-06
 Reference value :  1.08625e-06
 Reference value :  1.09270e-06
 Reference value :  1.09895e-06
 Reference value :  1.10530e-06
 Reference value :  1.11155e-06
 Reference value :  1.11780e-06
 Reference value :  1.12405e-06
 Reference value :  1.13035e-06
 Reference value :  1.13665e-06
 Reference value :  1.14300e-06
 Reference value :  1.14930e-06
 Reference value :  1.15570e-06
 Reference value :  1.16210e-06
 Reference value :  1.16850e-06
 Reference value :  1.17490e-06
 Reference value :  1.18135e-06
 Reference value :  1.18765e-06
 Reference value :  1.19420e-06
No. of Data Rows : 24198

  Measurements for Transient Analysis

d0                  =  2.25750e-08 targ=  8.22784e-07 trig=  8.00209e-07
t0                  =  6.71603e-10 targ=  8.23090e-07 trig=  8.22418e-07
d1                  =  2.26254e-08 targ=  8.22834e-07 trig=  8.00209e-07
t1                  =  7.03730e-10 targ=  8.23156e-07 trig=  8.22452e-07
d2                  =  2.27600e-08 targ=  8.22968e-07 trig=  8.00209e-07
t2                  =  8.01017e-10 targ=  8.23342e-07 trig=  8.22541e-07
d3                  =  2.29522e-08 targ=  8.23161e-07 trig=  8.00209e-07
t3                  =  9.63591e-10 targ=  8.23629e-07 trig=  8.22665e-07
d4                  =  2.32844e-08 targ=  8.23493e-07 trig=  8.00209e-07
t4                  =  1.29515e-09 targ=  8.24159e-07 trig=  8.22864e-07
d5                  =  2.38722e-08 targ=  8.24081e-07 trig=  8.00209e-07
t5                  =  1.99220e-09 targ=  8.25169e-07 trig=  8.23176e-07
d6                  =  2.49738e-08 targ=  8.25182e-07 trig=  8.00209e-07
t6                  =  3.46817e-09 targ=  8.27149e-07 trig=  8.23681e-07
d7                  =  2.25750e-08 targ=  8.22784e-07 trig=  8.00209e-07
t7                  =  6.71603e-10 targ=  8.23090e-07 trig=  8.22418e-07
chk                 =  1.93329e-08


Total analysis time (seconds) = 51.0224

Total elapsed time (seconds) = 51.149 

Total DRAM available = 65536.000 MB.
DRAM currently available = 1728.453 MB.
Maximum ngspice program size =   26.047 MB.
Current ngspice program size =   26.047 MB.

